---
source: quic/s2n-quic-core/src/path/mtu/tests.rs
expression: ""
---
MtuUpdated { path_id: 0, mtu: 1200, cause: InitialMtuPacketLost }
MtuUpdated { path_id: 0, mtu: 1200, cause: InitialMtuPacketLost }
MtuUpdated { path_id: 0, mtu: 1200, cause: InitialMtuPacketLost }
MtuUpdated { path_id: 0, mtu: 1200, cause: InitialMtuPacketLost }
MtuUpdated { path_id: 0, mtu: 1200, cause: InitialMtuPacketLost }
MtuUpdated { path_id: 0, mtu: 1200, cause: InitialMtuPacketLost }
MtuUpdated { path_id: 0, mtu: 1200, cause: InitialMtuPacketLost }
MtuUpdated { path_id: 0, mtu: 1200, cause: InitialMtuPacketLost }
MtuUpdated { path_id: 0, mtu: 1272, cause: InitialMtuPacketLost }
MtuUpdated { path_id: 0, mtu: 1200, cause: InitialMtuPacketLost }
MtuUpdated { path_id: 0, mtu: 1272, cause: InitialMtuPacketLost }
MtuUpdated { path_id: 0, mtu: 1200, cause: InitialMtuPacketLost }
MtuUpdated { path_id: 0, mtu: 1272, cause: InitialMtuPacketLost }
MtuUpdated { path_id: 0, mtu: 1200, cause: InitialMtuPacketLost }
MtuUpdated { path_id: 0, mtu: 1272, cause: InitialMtuPacketLost }
MtuUpdated { path_id: 0, mtu: 1200, cause: InitialMtuPacketLost }
MtuUpdated { path_id: 0, mtu: 1272, cause: InitialMtuPacketLost }
MtuUpdated { path_id: 0, mtu: 1200, cause: InitialMtuPacketLost }
MtuUpdated { path_id: 0, mtu: 1200, cause: InitialMtuPacketLost }
MtuUpdated { path_id: 0, mtu: 1272, cause: InitialMtuPacketLost }
MtuUpdated { path_id: 0, mtu: 1200, cause: InitialMtuPacketLost }
MtuUpdated { path_id: 0, mtu: 1272, cause: InitialMtuPacketLost }
MtuUpdated { path_id: 0, mtu: 1422, cause: InitialMtuPacketLost }
MtuUpdated { path_id: 0, mtu: 1200, cause: InitialMtuPacketLost }
MtuUpdated { path_id: 0, mtu: 1272, cause: InitialMtuPacketLost }
MtuUpdated { path_id: 0, mtu: 1422, cause: InitialMtuPacketLost }
MtuUpdated { path_id: 0, mtu: 1200, cause: InitialMtuPacketLost }
MtuUpdated { path_id: 0, mtu: 1272, cause: InitialMtuPacketLost }
MtuUpdated { path_id: 0, mtu: 1422, cause: InitialMtuPacketLost }
MtuUpdated { path_id: 0, mtu: 1200, cause: InitialMtuPacketLost }
MtuUpdated { path_id: 0, mtu: 1272, cause: InitialMtuPacketLost }
MtuUpdated { path_id: 0, mtu: 1422, cause: InitialMtuPacketLost }
MtuUpdated { path_id: 0, mtu: 1200, cause: InitialMtuPacketLost }
MtuUpdated { path_id: 0, mtu: 1200, cause: InitialMtuPacketLost }
MtuUpdated { path_id: 0, mtu: 1272, cause: InitialMtuPacketLost }
MtuUpdated { path_id: 0, mtu: 1200, cause: InitialMtuPacketLost }
MtuUpdated { path_id: 0, mtu: 1272, cause: InitialMtuPacketLost }
MtuUpdated { path_id: 0, mtu: 1422, cause: InitialMtuPacketLost }
MtuUpdated { path_id: 0, mtu: 1200, cause: InitialMtuPacketLost }
MtuUpdated { path_id: 0, mtu: 1272, cause: InitialMtuPacketLost }
MtuUpdated { path_id: 0, mtu: 1422, cause: InitialMtuPacketLost }
MtuUpdated { path_id: 0, mtu: 1472, cause: InitialMtuPacketLost }
MtuUpdated { path_id: 0, mtu: 1200, cause: InitialMtuPacketLost }
MtuUpdated { path_id: 0, mtu: 1272, cause: InitialMtuPacketLost }
MtuUpdated { path_id: 0, mtu: 1422, cause: InitialMtuPacketLost }
MtuUpdated { path_id: 0, mtu: 1472, cause: InitialMtuPacketLost }
MtuUpdated { path_id: 0, mtu: 1200, cause: InitialMtuPacketLost }
MtuUpdated { path_id: 0, mtu: 1272, cause: InitialMtuPacketLost }
MtuUpdated { path_id: 0, mtu: 1422, cause: InitialMtuPacketLost }
MtuUpdated { path_id: 0, mtu: 1472, cause: InitialMtuPacketLost }
MtuUpdated { path_id: 0, mtu: 1200, cause: InitialMtuPacketLost }
MtuUpdated { path_id: 0, mtu: 1200, cause: InitialMtuPacketLost }
MtuUpdated { path_id: 0, mtu: 1272, cause: InitialMtuPacketLost }
MtuUpdated { path_id: 0, mtu: 1200, cause: InitialMtuPacketLost }
MtuUpdated { path_id: 0, mtu: 1272, cause: InitialMtuPacketLost }
MtuUpdated { path_id: 0, mtu: 1422, cause: InitialMtuPacketLost }
MtuUpdated { path_id: 0, mtu: 1200, cause: InitialMtuPacketLost }
MtuUpdated { path_id: 0, mtu: 1272, cause: InitialMtuPacketLost }
MtuUpdated { path_id: 0, mtu: 1422, cause: InitialMtuPacketLost }
MtuUpdated { path_id: 0, mtu: 1472, cause: InitialMtuPacketLost }
MtuUpdated { path_id: 0, mtu: 1200, cause: InitialMtuPacketLost }
MtuUpdated { path_id: 0, mtu: 1272, cause: InitialMtuPacketLost }
MtuUpdated { path_id: 0, mtu: 1422, cause: InitialMtuPacketLost }
MtuUpdated { path_id: 0, mtu: 1472, cause: InitialMtuPacketLost }
MtuUpdated { path_id: 0, mtu: 1492, cause: InitialMtuPacketLost }
MtuUpdated { path_id: 0, mtu: 1200, cause: InitialMtuPacketLost }
MtuUpdated { path_id: 0, mtu: 1272, cause: InitialMtuPacketLost }
MtuUpdated { path_id: 0, mtu: 1422, cause: InitialMtuPacketLost }
MtuUpdated { path_id: 0, mtu: 1472, cause: InitialMtuPacketLost }
MtuUpdated { path_id: 0, mtu: 1492, cause: InitialMtuPacketLost }
MtuUpdated { path_id: 0, mtu: 1200, cause: InitialMtuPacketLost }
MtuUpdated { path_id: 0, mtu: 1200, cause: InitialMtuPacketLost }
MtuUpdated { path_id: 0, mtu: 1272, cause: InitialMtuPacketLost }
MtuUpdated { path_id: 0, mtu: 1200, cause: InitialMtuPacketLost }
MtuUpdated { path_id: 0, mtu: 1272, cause: InitialMtuPacketLost }
MtuUpdated { path_id: 0, mtu: 1422, cause: InitialMtuPacketLost }
MtuUpdated { path_id: 0, mtu: 1200, cause: InitialMtuPacketLost }
MtuUpdated { path_id: 0, mtu: 1272, cause: InitialMtuPacketLost }
MtuUpdated { path_id: 0, mtu: 1422, cause: InitialMtuPacketLost }
MtuUpdated { path_id: 0, mtu: 1472, cause: InitialMtuPacketLost }
MtuUpdated { path_id: 0, mtu: 1200, cause: InitialMtuPacketLost }
MtuUpdated { path_id: 0, mtu: 1272, cause: InitialMtuPacketLost }
MtuUpdated { path_id: 0, mtu: 1422, cause: InitialMtuPacketLost }
MtuUpdated { path_id: 0, mtu: 1472, cause: InitialMtuPacketLost }
MtuUpdated { path_id: 0, mtu: 1492, cause: InitialMtuPacketLost }
MtuUpdated { path_id: 0, mtu: 1200, cause: InitialMtuPacketLost }
MtuUpdated { path_id: 0, mtu: 1272, cause: InitialMtuPacketLost }
MtuUpdated { path_id: 0, mtu: 1422, cause: InitialMtuPacketLost }
MtuUpdated { path_id: 0, mtu: 1472, cause: InitialMtuPacketLost }
MtuUpdated { path_id: 0, mtu: 1492, cause: InitialMtuPacketLost }
MtuUpdated { path_id: 0, mtu: 3972, cause: InitialMtuPacketLost }
