---
source: quic/s2n-quic-transport/src/ack/ack_manager.rs
expression: "Simulation {\n        network: Network {\n            client: Application::new(Endpoint::new(ack::Settings {\n                            max_ack_delay: Duration::from_millis(25),\n                            ack_delay_exponent: 1,\n                            ..Default::default()\n                        }),\n                    [Duration::from_millis(5)].iter().cycle().take(100).cloned()).into(),\n            server: Application::new(Endpoint::new(ack::Settings {\n                            max_ack_delay: Duration::from_millis(25),\n                            ack_delay_exponent: 1,\n                            ..Default::default()\n                        }), empty()).into(),\n        },\n        events: empty().collect(),\n        delay: Duration::from_millis(0),\n    }.run()"
---
Report {
    client: EndpointReport {
        pending_ack_ranges: Ranges(
            {
                PacketNumber(
                    ApplicationData,
                    16,
                )..=PacketNumber(
                    ApplicationData,
                    16,
                ),
            },
        ),
        total_transmissions: 100,
        ack_eliciting_transmissions: 100,
        ack_transmissions: 16,
        congested_transmissions: 0,
        dropped_transmissions: 0,
        delayed_transmissions: 0,
        processed_transmissions: 100,
    },
    server: EndpointReport {
        pending_ack_ranges: Ranges(
            {
                PacketNumber(
                    ApplicationData,
                    90,
                )..=PacketNumber(
                    ApplicationData,
                    99,
                ),
            },
        ),
        total_transmissions: 17,
        ack_eliciting_transmissions: 3,
        ack_transmissions: 17,
        congested_transmissions: 0,
        dropped_transmissions: 0,
        delayed_transmissions: 0,
        processed_transmissions: 17,
    },
    iterations: 118,
}
