---
source: quic/s2n-quic-crypto/src/cipher_suite.rs
expression: AEAD_AES_GCM_CONFIDENTIALITY_LIMIT
---
AeadConfidentialityLimit {
    default_confidentiality_limit: 8388608,
    restricted_confidentiality_limit: Some(
        RestrictedAeadConfidentialityLimit {
            packet_size_limit: 2048,
            confidentiality_limit: 268435456,
        },
    ),
}
