---
source: quic/s2n-quic-core/src/stream/state/send.rs
expression: outcomes
---
[
    (
        Ready,
        "on_send_stream",
        Ok(
            Send,
        ),
    ),
    (
        Ready,
        "on_send_fin",
        Ok(
            DataSent,
        ),
    ),
    (
        Ready,
        "on_queue_reset",
        Ok(
            ResetQueued,
        ),
    ),
    (
        Ready,
        "on_send_reset",
        Ok(
            ResetSent,
        ),
    ),
    (
        Ready,
        "on_recv_all_acks",
        Err(
            InvalidTransition {
                current: Ready,
                target: DataRecvd,
            },
        ),
    ),
    (
        Ready,
        "on_recv_reset_ack",
        Err(
            InvalidTransition {
                current: Ready,
                target: ResetRecvd,
            },
        ),
    ),
    (
        Send,
        "on_send_stream",
        Err(
            NoOp {
                current: Send,
            },
        ),
    ),
    (
        Send,
        "on_send_fin",
        Ok(
            DataSent,
        ),
    ),
    (
        Send,
        "on_queue_reset",
        Ok(
            ResetQueued,
        ),
    ),
    (
        Send,
        "on_send_reset",
        Ok(
            ResetSent,
        ),
    ),
    (
        Send,
        "on_recv_all_acks",
        Err(
            InvalidTransition {
                current: Send,
                target: DataRecvd,
            },
        ),
    ),
    (
        Send,
        "on_recv_reset_ack",
        Err(
            InvalidTransition {
                current: Send,
                target: ResetRecvd,
            },
        ),
    ),
    (
        DataSent,
        "on_send_stream",
        Err(
            InvalidTransition {
                current: DataSent,
                target: Send,
            },
        ),
    ),
    (
        DataSent,
        "on_send_fin",
        Err(
            NoOp {
                current: DataSent,
            },
        ),
    ),
    (
        DataSent,
        "on_queue_reset",
        Ok(
            ResetQueued,
        ),
    ),
    (
        DataSent,
        "on_send_reset",
        Ok(
            ResetSent,
        ),
    ),
    (
        DataSent,
        "on_recv_all_acks",
        Ok(
            DataRecvd,
        ),
    ),
    (
        DataSent,
        "on_recv_reset_ack",
        Err(
            InvalidTransition {
                current: DataSent,
                target: ResetRecvd,
            },
        ),
    ),
    (
        DataRecvd,
        "on_send_stream",
        Err(
            InvalidTransition {
                current: DataRecvd,
                target: Send,
            },
        ),
    ),
    (
        DataRecvd,
        "on_send_fin",
        Err(
            InvalidTransition {
                current: DataRecvd,
                target: DataSent,
            },
        ),
    ),
    (
        DataRecvd,
        "on_queue_reset",
        Err(
            InvalidTransition {
                current: DataRecvd,
                target: ResetQueued,
            },
        ),
    ),
    (
        DataRecvd,
        "on_send_reset",
        Err(
            InvalidTransition {
                current: DataRecvd,
                target: ResetSent,
            },
        ),
    ),
    (
        DataRecvd,
        "on_recv_all_acks",
        Err(
            NoOp {
                current: DataRecvd,
            },
        ),
    ),
    (
        DataRecvd,
        "on_recv_reset_ack",
        Err(
            InvalidTransition {
                current: DataRecvd,
                target: ResetRecvd,
            },
        ),
    ),
    (
        ResetQueued,
        "on_send_stream",
        Err(
            InvalidTransition {
                current: ResetQueued,
                target: Send,
            },
        ),
    ),
    (
        ResetQueued,
        "on_send_fin",
        Err(
            InvalidTransition {
                current: ResetQueued,
                target: DataSent,
            },
        ),
    ),
    (
        ResetQueued,
        "on_queue_reset",
        Err(
            NoOp {
                current: ResetQueued,
            },
        ),
    ),
    (
        ResetQueued,
        "on_send_reset",
        Ok(
            ResetSent,
        ),
    ),
    (
        ResetQueued,
        "on_recv_all_acks",
        Ok(
            DataRecvd,
        ),
    ),
    (
        ResetQueued,
        "on_recv_reset_ack",
        Err(
            InvalidTransition {
                current: ResetQueued,
                target: ResetRecvd,
            },
        ),
    ),
    (
        ResetSent,
        "on_send_stream",
        Err(
            InvalidTransition {
                current: ResetSent,
                target: Send,
            },
        ),
    ),
    (
        ResetSent,
        "on_send_fin",
        Err(
            InvalidTransition {
                current: ResetSent,
                target: DataSent,
            },
        ),
    ),
    (
        ResetSent,
        "on_queue_reset",
        Err(
            InvalidTransition {
                current: ResetSent,
                target: ResetQueued,
            },
        ),
    ),
    (
        ResetSent,
        "on_send_reset",
        Err(
            NoOp {
                current: ResetSent,
            },
        ),
    ),
    (
        ResetSent,
        "on_recv_all_acks",
        Err(
            InvalidTransition {
                current: ResetSent,
                target: DataRecvd,
            },
        ),
    ),
    (
        ResetSent,
        "on_recv_reset_ack",
        Ok(
            ResetRecvd,
        ),
    ),
    (
        ResetRecvd,
        "on_send_stream",
        Err(
            InvalidTransition {
                current: ResetRecvd,
                target: Send,
            },
        ),
    ),
    (
        ResetRecvd,
        "on_send_fin",
        Err(
            InvalidTransition {
                current: ResetRecvd,
                target: DataSent,
            },
        ),
    ),
    (
        ResetRecvd,
        "on_queue_reset",
        Err(
            InvalidTransition {
                current: ResetRecvd,
                target: ResetQueued,
            },
        ),
    ),
    (
        ResetRecvd,
        "on_send_reset",
        Err(
            InvalidTransition {
                current: ResetRecvd,
                target: ResetSent,
            },
        ),
    ),
    (
        ResetRecvd,
        "on_recv_all_acks",
        Err(
            InvalidTransition {
                current: ResetRecvd,
                target: DataRecvd,
            },
        ),
    ),
    (
        ResetRecvd,
        "on_recv_reset_ack",
        Err(
            NoOp {
                current: ResetRecvd,
            },
        ),
    ),
]
