---
source: quic/s2n-quic-core/src/frame/mod.rs
expression: values
---
[
    ResetStream(
        ResetStream {
            stream_id: VarInt(
                1,
            ),
            application_error_code: VarInt(
                2,
            ),
            final_size: VarInt(
                3,
            ),
        },
    ),
]
