---
source: quic/s2n-quic-core/src/frame/mod.rs
expression: values
---
[
    Crypto(
        Crypto {
            offset: VarInt(
                1,
            ),
            data: DecoderBufferMut {
                bytes: [
                    99,
                    114,
                    121,
                    112,
                    116,
                    111,
                    33,
                ],
            },
        },
    ),
]
