---
source: quic/s2n-quic-core/src/event/snapshot.rs
input_file: quic/s2n-quic-core/src/recovery/pacing/tests.rs
---
PacingRateUpdated { path_id: 0, bytes_per_second: 450450, burst_size: 12000, pacing_gain: 1.25 }
PacingRateUpdated { path_id: 0, bytes_per_second: 450450, burst_size: 12000, pacing_gain: 1.25 }
PacingRateUpdated { path_id: 0, bytes_per_second: 450450, burst_size: 12000, pacing_gain: 1.25 }
PacingRateUpdated { path_id: 0, bytes_per_second: 450450, burst_size: 12000, pacing_gain: 1.25 }
PacingRateUpdated { path_id: 0, bytes_per_second: 450450, burst_size: 12000, pacing_gain: 1.25 }
PacingRateUpdated { path_id: 0, bytes_per_second: 450450, burst_size: 12000, pacing_gain: 1.25 }
PacingRateUpdated { path_id: 0, bytes_per_second: 450450, burst_size: 12000, pacing_gain: 1.25 }
PacingRateUpdated { path_id: 0, bytes_per_second: 450450, burst_size: 12000, pacing_gain: 1.25 }
PacingRateUpdated { path_id: 0, bytes_per_second: 450450, burst_size: 12000, pacing_gain: 1.25 }
PacingRateUpdated { path_id: 0, bytes_per_second: 450450, burst_size: 12000, pacing_gain: 1.25 }
PacingRateUpdated { path_id: 0, bytes_per_second: 450450, burst_size: 12000, pacing_gain: 1.25 }
PacingRateUpdated { path_id: 0, bytes_per_second: 450450, burst_size: 12000, pacing_gain: 1.25 }
