---
source: dc/s2n-quic-dc/src/testing.rs
expression: logs
---
0:00:00.000000000 [server] DEBUG setting up endpoint config.layout=WorkerLayout { frame_dispatch: 0, send: [0], recv_io: [0], recv_dispatch: [0], waker_drain: [0], background: 0 }
0:00:00.000000000 [server] DEBUG grow epoch=8
0:00:00.000000000 [client] DEBUG setting up endpoint config.layout=WorkerLayout { frame_dispatch: 0, send: [0], recv_io: [0], recv_dispatch: [0], waker_drain: [0], background: 0 }
0:00:00.000000000 [client] DEBUG grow epoch=8
0:00:00.000000000 [server] TRACE m#task.priority_router.drained=0
0:00:00.000000000 [server] TRACE m#task.frame_dispatch.drained=0
0:00:00.000000000 [server] TRACE m#task.context_resolver.drained[send.0]=0
0:00:00.000000000 [server] TRACE m#task.ack_processor.drained[send.0]=0
0:00:00.000000000 [server] TRACE m#task.completion.drained[send.0]=0
0:00:00.000000000 [server] TRACE m#task.cancelled.drained[send.0]=0
0:00:00.000000000 [server] TRACE m#task.tx_wheel.drained[send.0]=0
0:00:00.000000000 [server] TRACE m#task.pto_wheel.drained[send.0]=0
0:00:00.000000000 [server] TRACE m#task.idle_wheel.drained[send.0]=0
0:00:00.000000000 [server] TRACE m#task.assembler.drained[send.0]=0
0:00:00.000000000 [server] TRACE m#task.invalidation.drained[send.0]=0
0:00:00.000000000 [server] TRACE m#task.socket_recv.drained[recv.0]=0
0:00:00.000000000 [server] TRACE m#task.recv_idle_wheel.drained[recv.0]=0
0:00:00.000000000 [server] TRACE m#task.packet_dispatch.drained[recv.0]=0
0:00:00.000000000 [server] TRACE m#task.ack_burst.drained[recv.0]=0
0:00:00.000000000 [server] TRACE m#task.ack_completion.drained[recv.0]=0
0:00:00.000000000 [server] TRACE m#task.invalidation.drained[recv.0]=0
0:00:00.000000000 [server] TRACE m#task.waker_drain.drained[waker.0]=0
0:00:00.000000000 [server] TRACE m#task.invalidation_validator.drained[background]=0
0:00:00.000000000 [server] TRACE m#task.ups_send.drained[background]=0
0:00:00.000000000 [client] TRACE m#task.priority_router.drained=0
0:00:00.000000000 [client] TRACE m#task.frame_dispatch.drained=0
0:00:00.000000000 [client] TRACE m#task.context_resolver.drained[send.0]=0
0:00:00.000000000 [client] TRACE m#task.ack_processor.drained[send.0]=0
0:00:00.000000000 [client] TRACE m#task.completion.drained[send.0]=0
0:00:00.000000000 [client] TRACE m#task.cancelled.drained[send.0]=0
0:00:00.000000000 [client] TRACE m#task.tx_wheel.drained[send.0]=0
0:00:00.000000000 [client] TRACE m#task.pto_wheel.drained[send.0]=0
0:00:00.000000000 [client] TRACE m#task.idle_wheel.drained[send.0]=0
0:00:00.000000000 [client] TRACE m#task.assembler.drained[send.0]=0
0:00:00.000000000 [client] TRACE m#task.invalidation.drained[send.0]=0
0:00:00.000000000 [client] TRACE m#task.socket_recv.drained[recv.0]=0
0:00:00.000000000 [client] TRACE m#task.recv_idle_wheel.drained[recv.0]=0
0:00:00.000000000 [client] TRACE m#task.packet_dispatch.drained[recv.0]=0
0:00:00.000000000 [client] TRACE m#task.ack_burst.drained[recv.0]=0
0:00:00.000000000 [client] TRACE m#task.ack_completion.drained[recv.0]=0
0:00:00.000000000 [client] TRACE m#task.invalidation.drained[recv.0]=0
0:00:00.000000000 [client] TRACE m#task.waker_drain.drained[waker.0]=0
0:00:00.000000000 [client] TRACE m#task.invalidation_validator.drained[background]=0
0:00:00.000000000 [client] TRACE m#task.ups_send.drained[background]=0
0:00:00.000000000 [client] DEBUG event=on_send_flow_init prev=Init next=FlowInitSent location=dc/s2n-quic-dc/src/stream/writer.rs
0:00:00.000000000 [client] DEBUG event=on_send_fin prev=FlowInitSent next=FinSent location=dc/s2n-quic-dc/src/stream/writer.rs
0:00:00.000000000 [client] DEBUG Sent FlowInit with early data stream_id=0 bytes_read=11 is_fin=true
0:00:00.000000000 [client] DEBUG Writer dropping stream_id=0 status=FinSent next_offset=11 inflight_bytes=11 remote_max_data=0
0:00:00.000000000 [client] DEBUG event=on_shutdown prev=FinSent next=Shutdown location=dc/s2n-quic-dc/src/stream/writer.rs
0:00:00.000000000 [server] TRACE m#task.priority_router.drained=0
0:00:00.000000000 [server] TRACE m#task.frame_dispatch.drained=0
0:00:00.000000000 [server] TRACE m#task.context_resolver.drained[send.0]=0
0:00:00.000000000 [server] TRACE m#task.ack_processor.drained[send.0]=0
0:00:00.000000000 [server] TRACE m#task.completion.drained[send.0]=0
0:00:00.000000000 [server] TRACE m#task.cancelled.drained[send.0]=0
0:00:00.000000000 [server] TRACE m#task.tx_wheel.drained[send.0]=0
0:00:00.000000000 [server] TRACE m#task.pto_wheel.drained[send.0]=0
0:00:00.000000000 [server] TRACE m#task.idle_wheel.drained[send.0]=0
0:00:00.000000000 [server] TRACE m#task.assembler.drained[send.0]=0
0:00:00.000000000 [server] TRACE m#task.invalidation.drained[send.0]=0
0:00:00.000000000 [server] TRACE m#task.socket_recv.drained[recv.0]=0
0:00:00.000000000 [server] TRACE m#task.recv_idle_wheel.drained[recv.0]=0
0:00:00.000000000 [server] TRACE m#task.packet_dispatch.drained[recv.0]=0
0:00:00.000000000 [server] TRACE m#task.ack_burst.drained[recv.0]=0
0:00:00.000000000 [server] TRACE m#task.ack_completion.drained[recv.0]=0
0:00:00.000000000 [server] TRACE m#task.invalidation.drained[recv.0]=0
0:00:00.000000000 [server] TRACE m#task.waker_drain.drained[waker.0]=0
0:00:00.000000000 [server] TRACE m#task.invalidation_validator.drained[background]=0
0:00:00.000000000 [server] TRACE m#task.ups_send.drained[background]=0
0:00:00.000000000 [client] TRACE c#q.router_to_batcher.enq[p4]=1
0:00:00.000000000 [client] TRACE g#q.router_to_batcher.depth[p4]=1
0:00:00.000000000 [client] TRACE m#q.router_to_batcher.depth_dist[p4]=1
0:00:00.000000000 [client] TRACE m#task.priority_router.drained=1
0:00:00.000000000 [client] TRACE c#q.router_to_batcher.receiver[p4.task.frame_dispatch]=1
0:00:00.000000000 [client] TRACE c#q.router_to_batcher.drain[p4]=1
0:00:00.000000000 [client] TRACE g#q.router_to_batcher.depth[p4]=0
0:00:00.000000000 [client] TRACE m#task.frame_dispatch.drained=2
0:00:00.000000000 [client] TRACE m#task.context_resolver.drained[send.0]=0
0:00:00.000000000 [client] TRACE m#task.ack_processor.drained[send.0]=0
0:00:00.000000000 [client] TRACE m#task.completion.drained[send.0]=0
0:00:00.000000000 [client] TRACE m#task.cancelled.drained[send.0]=0
0:00:00.000000000 [client] TRACE m#task.tx_wheel.drained[send.0]=0
0:00:00.000000000 [client] TRACE m#task.pto_wheel.drained[send.0]=0
0:00:00.000000000 [client] TRACE m#task.idle_wheel.drained[send.0]=0
0:00:00.000000000 [client] TRACE m#task.assembler.drained[send.0]=0
0:00:00.000000000 [client] TRACE m#task.invalidation.drained[send.0]=0
0:00:00.000000000 [client] TRACE m#task.socket_recv.drained[recv.0]=0
0:00:00.000000000 [client] TRACE m#task.recv_idle_wheel.drained[recv.0]=0
0:00:00.000000000 [client] TRACE m#task.packet_dispatch.drained[recv.0]=0
0:00:00.000000000 [client] TRACE m#task.ack_burst.drained[recv.0]=0
0:00:00.000000000 [client] TRACE m#task.ack_completion.drained[recv.0]=0
0:00:00.000000000 [client] TRACE m#task.invalidation.drained[recv.0]=0
0:00:00.000000000 [client] TRACE m#task.waker_drain.drained[waker.0]=0
0:00:00.000000000 [client] TRACE m#task.invalidation_validator.drained[background]=0
0:00:00.000000000 [client] TRACE m#task.ups_send.drained[background]=0
0:00:00.000000000 [client] TRACE m#task.priority_router.drained=0
0:00:00.000000000 [client] TRACE m#task.frame_dispatch.drained=0
0:00:00.000021000 [client] TRACE c#pick_two.chosen[send.0]=1
0:00:00.000021000 [client] TRACE c#q.resolver.enq[send.0]=1
0:00:00.000021000 [client] TRACE g#q.resolver.depth[send.0]=1
0:00:00.000021000 [client] TRACE m#q.resolver.depth_dist[send.0]=1
0:00:00.000021000 [client] TRACE m#task.frame_dispatch.drained=0
0:00:00.000021000 [client] TRACE c#q.resolver.receiver[send.0.task.context_resolver]=1
0:00:00.000021000 [client] TRACE c#q.resolver.drain[send.0]=1
0:00:00.000021000 [client] TRACE g#q.resolver.depth[send.0]=0
0:00:00.000021000 [client] TRACE c#send.pending.enq=1
0:00:00.000021000 [client] TRACE g#send.pending.depth=1
0:00:00.000021000 [client] TRACE m#send.pending.depth_dist=1
0:00:00.000021000 [client] TRACE c#q.resolver_to_idle_wheel.sender[send.0.task.context_resolver]=1
0:00:00.000021000 [client] TRACE c#q.resolver_to_idle_wheel.enq[send.0]=1
0:00:00.000021000 [client] TRACE g#q.resolver_to_idle_wheel.depth[send.0]=1
0:00:00.000021000 [client] TRACE m#q.resolver_to_idle_wheel.depth_dist[send.0]=1
0:00:00.000021000 [client] TRACE c#q.resolver_to_tx_wheel.sender[send.0.task.context_resolver]=1
0:00:00.000021000 [client] TRACE c#q.resolver_to_tx_wheel.enq[send.0]=1
0:00:00.000021000 [client] TRACE g#q.resolver_to_tx_wheel.depth[send.0]=1
0:00:00.000021000 [client] TRACE m#q.resolver_to_tx_wheel.depth_dist[send.0]=1
0:00:00.000021000 [client] TRACE m#task.context_resolver.drained[send.0]=2
0:00:00.000021000 [client] TRACE m#task.idle_wheel.drained[send.0]=1
0:00:00.000021000 [client] TRACE c#q.resolver_to_tx_wheel.receiver[send.0.task.wheel_drain]=1
0:00:00.000021000 [client] TRACE c#q.resolver_to_tx_wheel.drain[send.0]=1
0:00:00.000021000 [client] TRACE g#q.resolver_to_tx_wheel.depth[send.0]=0
0:00:00.000021000 [client] TRACE c#q.wheel_to_assembler.sender[send.0.task.tx_wheel]=1
0:00:00.000021000 [client] TRACE c#q.wheel_to_assembler.enq[send.0]=1
0:00:00.000021000 [client] TRACE g#q.wheel_to_assembler.depth[send.0]=1
0:00:00.000021000 [client] TRACE m#q.wheel_to_assembler.depth_dist[send.0]=1
0:00:00.000021000 [client] TRACE m#task.tx_wheel.drained[send.0]=1
0:00:00.000021000 [client] TRACE m#task.idle_wheel.drained[send.0]=0
0:00:00.000021000 [client] TRACE c#q.wheel_to_assembler.receiver[send.0.task.assembler.send.0]=1
0:00:00.000021000 [client] TRACE c#q.wheel_to_assembler.drain[send.0]=1
0:00:00.000021000 [client] TRACE g#q.wheel_to_assembler.depth[send.0]=0
0:00:00.000021000 [client] TRACE c#send.pending.drain=1
0:00:00.000021000 [client] TRACE g#send.pending.depth=0
0:00:00.000021000 [client] TRACE c#tx.data=1
0:00:00.000021000 [client] TRACE c#send.inflight.enq=1
0:00:00.000021000 [client] TRACE g#send.inflight.depth=1
0:00:00.000021000 [client] TRACE m#send.inflight.depth_dist=1
0:00:00.000021000 [client] TRACE c#q.resolver_to_pto_wheel.sender[send.0.task.assembler.send.0]=1
0:00:00.000021000 [client] TRACE c#q.resolver_to_pto_wheel.enq[send.0]=1
0:00:00.000021000 [client] TRACE g#q.resolver_to_pto_wheel.depth[send.0]=1
0:00:00.000021000 [client] TRACE m#q.resolver_to_pto_wheel.depth_dist[send.0]=1
0:00:00.000021000 [client] TRACE c#socket.tx.ops=1
0:00:00.000021000 [client] TRACE c#socket.tx.bytes=59
0:00:00.000021000 [client] TRACE m#task.assembler.drained[send.0]=1
0:00:00.000021000 [client] TRACE m#task.tx_wheel.drained[send.0]=0
0:00:00.000021000 [client] TRACE m#task.pto_wheel.drained[send.0]=1
0:00:00.000021000 [client] TRACE m#task.pto_wheel.drained[send.0]=0
0:00:00.000521000 [server] TRACE c#socket.rx.ops[recv.0]=1
0:00:00.000521000 [server] TRACE c#socket.rx.bytes[recv.0]=59
0:00:00.000521000 [server] TRACE c#socket.rx.ops=1
0:00:00.000521000 [server] TRACE c#socket.rx.bytes=59
0:00:00.000521000 [server] TRACE c#router.routed=1
0:00:00.000521000 [server] TRACE c#router.routed[recv.0]=1
0:00:00.000521000 [server] TRACE c#q.dispatch_rx.enq[recv.0]=1
0:00:00.000521000 [server] TRACE g#q.dispatch_rx.depth[recv.0]=1
0:00:00.000521000 [server] TRACE m#q.dispatch_rx.depth_dist[recv.0]=1
0:00:00.000521000 [server] TRACE m#task.socket_recv.drained[recv.0]=0
0:00:00.000521000 [server] TRACE c#q.dispatch_rx.receiver[recv.0.task.packet_dispatch]=1
0:00:00.000521000 [server] TRACE c#q.dispatch_rx.drain[recv.0]=1
0:00:00.000521000 [server] TRACE g#q.dispatch_rx.depth[recv.0]=0
0:00:00.000521000 [server] TRACE c#rx.data_pkt=1
0:00:00.000521000 [server] TRACE c#rx.peer_cache.miss=1
0:00:00.000521000 [server] TRACE c#rx.ecn[ect0]=1
0:00:00.000521000 [server] TRACE c#rx.init=1
0:00:00.000521000 [server] TRACE c#flow.accepted=1
0:00:00.000521000 [server] DEBUG FlowInit accepted - dispatched to acceptor attempt_id=0 stream_id=0 acceptor_id=1 server_queue_id=0
0:00:00.000521000 [server] TRACE m#task.packet_dispatch.drained[recv.0]=2
0:00:00.000521000 [server] TRACE m#task.recv_idle_wheel.drained[recv.0]=1
0:00:00.000521000 [server] TRACE m#task.waker_drain.drained[waker.0]=1
0:00:00.000521000 [server] TRACE c#q.ack.enq[send.0]=1
0:00:00.000521000 [server] TRACE g#q.ack.depth[send.0]=1
0:00:00.000521000 [server] TRACE m#q.ack.depth_dist[send.0]=1
0:00:00.000521000 [server] TRACE m#task.ack_burst.drained[recv.0]=1
0:00:00.000521000 [server] TRACE m#task.recv_idle_wheel.drained[recv.0]=0
0:00:00.000521000 [server] TRACE c#q.ack.receiver[send.0.task.ack_processor]=1
0:00:00.000521000 [server] TRACE c#q.ack.drain[send.0]=1
0:00:00.000521000 [server] TRACE g#q.ack.depth[send.0]=0
0:00:00.000521000 [server] TRACE c#send.ack.enq=1
0:00:00.000521000 [server] TRACE g#send.ack.depth=1
0:00:00.000521000 [server] TRACE m#send.ack.depth_dist=1
0:00:00.000521000 [server] TRACE c#q.resolver_to_idle_wheel.sender[send.0.task.ack_processor]=1
0:00:00.000521000 [server] TRACE c#q.resolver_to_idle_wheel.enq[send.0]=1
0:00:00.000521000 [server] TRACE g#q.resolver_to_idle_wheel.depth[send.0]=1
0:00:00.000521000 [server] TRACE m#q.resolver_to_idle_wheel.depth_dist[send.0]=1
0:00:00.000521000 [server] TRACE c#q.resolver_to_tx_wheel.sender[send.0.task.ack_processor]=1
0:00:00.000521000 [server] TRACE c#q.resolver_to_tx_wheel.enq[send.0]=1
0:00:00.000521000 [server] TRACE g#q.resolver_to_tx_wheel.depth[send.0]=1
0:00:00.000521000 [server] TRACE m#q.resolver_to_tx_wheel.depth_dist[send.0]=1
0:00:00.000521000 [server] TRACE m#task.ack_processor.drained[send.0]=2
0:00:00.000521000 [server] DEBUG event=on_send_fin prev=Open next=FinSent location=dc/s2n-quic-dc/src/stream/writer.rs
0:00:00.000521000 [server] DEBUG Writer dropping stream_id=0 status=FinSent next_offset=11 inflight_bytes=11 remote_max_data=1048576
0:00:00.000521000 [server] DEBUG event=on_shutdown prev=FinSent next=Shutdown location=dc/s2n-quic-dc/src/stream/writer.rs
0:00:00.000521000 [server] DEBUG Reader complete - all data consumed stream_id=0 final_size=Some(11) consumed_len=11
0:00:00.000521000 [server] DEBUG event=on_complete prev=Open next=Complete location=dc/s2n-quic-dc/src/stream/reader.rs
0:00:00.000521000 [server] DEBUG Reader dropping stream_id=0 status=Complete final_size=Some(11) consumed_len=11 total_received_len=11 is_writing_complete=true is_reading_complete=true
0:00:00.000521000 [server] TRACE m#task.idle_wheel.drained[send.0]=1
0:00:00.000521000 [server] TRACE c#q.resolver_to_tx_wheel.receiver[send.0.task.wheel_drain]=1
0:00:00.000521000 [server] TRACE c#q.resolver_to_tx_wheel.drain[send.0]=1
0:00:00.000521000 [server] TRACE g#q.resolver_to_tx_wheel.depth[send.0]=0
0:00:00.000521000 [server] TRACE c#q.wheel_to_assembler.sender[send.0.task.tx_wheel]=1
0:00:00.000521000 [server] TRACE c#q.wheel_to_assembler.enq[send.0]=1
0:00:00.000521000 [server] TRACE g#q.wheel_to_assembler.depth[send.0]=1
0:00:00.000521000 [server] TRACE m#q.wheel_to_assembler.depth_dist[send.0]=1
0:00:00.000521000 [server] TRACE m#task.tx_wheel.drained[send.0]=1
0:00:00.000521000 [server] TRACE c#q.router_to_batcher.enq[p2]=1
0:00:00.000521000 [server] TRACE g#q.router_to_batcher.depth[p2]=1
0:00:00.000521000 [server] TRACE m#q.router_to_batcher.depth_dist[p2]=1
0:00:00.000521000 [server] TRACE m#task.priority_router.drained=1
0:00:00.000521000 [server] TRACE m#task.idle_wheel.drained[send.0]=0
0:00:00.000521000 [server] TRACE c#q.wheel_to_assembler.receiver[send.0.task.assembler.send.0]=1
0:00:00.000521000 [server] TRACE c#q.wheel_to_assembler.drain[send.0]=1
0:00:00.000521000 [server] TRACE g#q.wheel_to_assembler.depth[send.0]=0
0:00:00.000521000 [server] TRACE c#send.ack.drain=1
0:00:00.000521000 [server] TRACE g#send.ack.depth=0
0:00:00.000521000 [server] TRACE c#tx.data=1
0:00:00.000521000 [server] TRACE c#q.dispatch.enq[recv.0]=1
0:00:00.000521000 [server] TRACE g#q.dispatch.depth[recv.0]=1
0:00:00.000521000 [server] TRACE m#q.dispatch.depth_dist[recv.0]=1
0:00:00.000521000 [server] TRACE c#socket.tx.ops=1
0:00:00.000521000 [server] TRACE c#socket.tx.bytes=54
0:00:00.000521000 [server] TRACE m#task.assembler.drained[send.0]=1
0:00:00.000521000 [server] TRACE m#task.tx_wheel.drained[send.0]=0
0:00:00.000521000 [server] TRACE c#q.router_to_batcher.receiver[p2.task.frame_dispatch]=1
0:00:00.000521000 [server] TRACE c#q.router_to_batcher.drain[p2]=1
0:00:00.000521000 [server] TRACE g#q.router_to_batcher.depth[p2]=0
0:00:00.000521000 [server] TRACE m#task.frame_dispatch.drained=2
0:00:00.000521000 [server] TRACE c#q.dispatch.receiver[recv.0.task.ack_completion]=1
0:00:00.000521000 [server] TRACE c#q.dispatch.drain[recv.0]=1
0:00:00.000521000 [server] TRACE g#q.dispatch.depth[recv.0]=0
0:00:00.000521000 [server] TRACE m#task.ack_completion.drained[recv.0]=1
0:00:00.000541000 [server] TRACE c#pick_two.chosen[send.0]=1
0:00:00.000541000 [server] TRACE c#q.resolver.enq[send.0]=1
0:00:00.000541000 [server] TRACE g#q.resolver.depth[send.0]=1
0:00:00.000541000 [server] TRACE m#q.resolver.depth_dist[send.0]=1
0:00:00.000541000 [server] TRACE m#task.frame_dispatch.drained=0
0:00:00.000541000 [server] TRACE c#q.resolver.receiver[send.0.task.context_resolver]=1
0:00:00.000541000 [server] TRACE c#q.resolver.drain[send.0]=1
0:00:00.000541000 [server] TRACE g#q.resolver.depth[send.0]=0
0:00:00.000541000 [server] TRACE c#send.pending.enq=1
0:00:00.000541000 [server] TRACE g#send.pending.depth=1
0:00:00.000541000 [server] TRACE m#send.pending.depth_dist=1
0:00:00.000541000 [server] TRACE c#q.resolver_to_tx_wheel.sender[send.0.task.context_resolver]=1
0:00:00.000541000 [server] TRACE c#q.resolver_to_tx_wheel.enq[send.0]=1
0:00:00.000541000 [server] TRACE g#q.resolver_to_tx_wheel.depth[send.0]=1
0:00:00.000541000 [server] TRACE m#q.resolver_to_tx_wheel.depth_dist[send.0]=1
0:00:00.000541000 [server] TRACE m#task.context_resolver.drained[send.0]=2
0:00:00.000541000 [server] TRACE c#q.resolver_to_tx_wheel.receiver[send.0.task.wheel_drain]=1
0:00:00.000541000 [server] TRACE c#q.resolver_to_tx_wheel.drain[send.0]=1
0:00:00.000541000 [server] TRACE g#q.resolver_to_tx_wheel.depth[send.0]=0
0:00:00.000541000 [server] TRACE c#q.wheel_to_assembler.sender[send.0.task.tx_wheel]=1
0:00:00.000541000 [server] TRACE c#q.wheel_to_assembler.enq[send.0]=1
0:00:00.000541000 [server] TRACE g#q.wheel_to_assembler.depth[send.0]=1
0:00:00.000541000 [server] TRACE m#q.wheel_to_assembler.depth_dist[send.0]=1
0:00:00.000541000 [server] TRACE m#task.tx_wheel.drained[send.0]=1
0:00:00.000541000 [server] TRACE c#q.wheel_to_assembler.receiver[send.0.task.assembler.send.0]=1
0:00:00.000541000 [server] TRACE c#q.wheel_to_assembler.drain[send.0]=1
0:00:00.000541000 [server] TRACE g#q.wheel_to_assembler.depth[send.0]=0
0:00:00.000541000 [server] TRACE c#send.pending.drain=1
0:00:00.000541000 [server] TRACE g#send.pending.depth=0
0:00:00.000541000 [server] TRACE c#tx.data=1
0:00:00.000541000 [server] TRACE c#send.inflight.enq=1
0:00:00.000541000 [server] TRACE g#send.inflight.depth=1
0:00:00.000541000 [server] TRACE m#send.inflight.depth_dist=1
0:00:00.000541000 [server] TRACE c#q.resolver_to_pto_wheel.sender[send.0.task.assembler.send.0]=1
0:00:00.000541000 [server] TRACE c#q.resolver_to_pto_wheel.enq[send.0]=1
0:00:00.000541000 [server] TRACE g#q.resolver_to_pto_wheel.depth[send.0]=1
0:00:00.000541000 [server] TRACE m#q.resolver_to_pto_wheel.depth_dist[send.0]=1
0:00:00.000541000 [server] TRACE c#socket.tx.ops=1
0:00:00.000541000 [server] TRACE c#socket.tx.bytes=59
0:00:00.000541000 [server] TRACE m#task.assembler.drained[send.0]=1
0:00:00.000541000 [server] TRACE m#task.tx_wheel.drained[send.0]=0
0:00:00.000541000 [server] TRACE m#task.pto_wheel.drained[send.0]=1
0:00:00.000541000 [server] TRACE m#task.pto_wheel.drained[send.0]=0
0:00:00.001021000 [client] TRACE c#socket.rx.ops[recv.0]=1
0:00:00.001021000 [client] TRACE c#socket.rx.bytes[recv.0]=54
0:00:00.001021000 [client] TRACE c#socket.rx.ops=1
0:00:00.001021000 [client] TRACE c#socket.rx.bytes=54
0:00:00.001021000 [client] TRACE c#router.routed=1
0:00:00.001021000 [client] TRACE c#router.routed[recv.0]=1
0:00:00.001021000 [client] TRACE c#q.dispatch_rx.enq[recv.0]=1
0:00:00.001021000 [client] TRACE g#q.dispatch_rx.depth[recv.0]=1
0:00:00.001021000 [client] TRACE m#q.dispatch_rx.depth_dist[recv.0]=1
0:00:00.001021000 [client] TRACE m#task.socket_recv.drained[recv.0]=0
0:00:00.001021000 [client] TRACE c#q.dispatch_rx.receiver[recv.0.task.packet_dispatch]=1
0:00:00.001021000 [client] TRACE c#q.dispatch_rx.drain[recv.0]=1
0:00:00.001021000 [client] TRACE g#q.dispatch_rx.depth[recv.0]=0
0:00:00.001021000 [client] TRACE c#rx.data_pkt=1
0:00:00.001021000 [client] TRACE c#rx.peer_cache.miss=1
0:00:00.001021000 [client] TRACE c#rx.ecn[ect0]=1
0:00:00.001021000 [client] TRACE c#rx.pkt_control=1
0:00:00.001021000 [client] TRACE c#q.ack.enq[send.0]=1
0:00:00.001021000 [client] TRACE g#q.ack.depth[send.0]=1
0:00:00.001021000 [client] TRACE m#q.ack.depth_dist[send.0]=1
0:00:00.001021000 [client] TRACE m#task.packet_dispatch.drained[recv.0]=2
0:00:00.001021000 [client] TRACE m#task.recv_idle_wheel.drained[recv.0]=1
0:00:00.001021000 [client] TRACE c#q.ack.receiver[send.0.task.ack_processor]=1
0:00:00.001021000 [client] TRACE c#q.ack.drain[send.0]=1
0:00:00.001021000 [client] TRACE g#q.ack.depth[send.0]=0
0:00:00.001021000 [client] TRACE c#tx.ack_received=1
0:00:00.001021000 [client] TRACE c#send.inflight.drain=1
0:00:00.001021000 [client] TRACE g#send.inflight.depth=0
0:00:00.001021000 [client] TRACE c#q.ack_to_completion.sender[send.0.task.ack_processor]=1
0:00:00.001021000 [client] TRACE c#q.ack_to_completion.enq[send.0]=1
0:00:00.001021000 [client] TRACE g#q.ack_to_completion.depth[send.0]=1
0:00:00.001021000 [client] TRACE m#q.ack_to_completion.depth_dist[send.0]=1
0:00:00.001021000 [client] TRACE c#tx.ecn[ect0]=1
0:00:00.001021000 [client] TRACE m#task.ack_processor.drained[send.0]=2
0:00:00.001021000 [client] TRACE c#q.ack.enq[send.0]=1
0:00:00.001021000 [client] TRACE g#q.ack.depth[send.0]=1
0:00:00.001021000 [client] TRACE m#q.ack.depth_dist[send.0]=1
0:00:00.001021000 [client] TRACE m#task.ack_burst.drained[recv.0]=1
0:00:00.001021000 [client] TRACE m#task.recv_idle_wheel.drained[recv.0]=0
0:00:00.001021000 [client] TRACE c#q.ack_to_completion.receiver[send.0.task.completion]=1
0:00:00.001021000 [client] TRACE c#q.ack_to_completion.drain[send.0]=1
0:00:00.001021000 [client] TRACE g#q.ack_to_completion.depth[send.0]=0
0:00:00.001021000 [client] TRACE m#task.completion.drained[send.0]=1
0:00:00.001021000 [client] TRACE c#q.ack.receiver[send.0.task.ack_processor]=1
0:00:00.001021000 [client] TRACE c#q.ack.drain[send.0]=1
0:00:00.001021000 [client] TRACE g#q.ack.depth[send.0]=0
0:00:00.001021000 [client] TRACE c#send.ack.enq=1
0:00:00.001021000 [client] TRACE g#send.ack.depth=1
0:00:00.001021000 [client] TRACE m#send.ack.depth_dist=1
0:00:00.001021000 [client] TRACE c#q.resolver_to_tx_wheel.sender[send.0.task.ack_processor]=1
0:00:00.001021000 [client] TRACE c#q.resolver_to_tx_wheel.enq[send.0]=1
0:00:00.001021000 [client] TRACE g#q.resolver_to_tx_wheel.depth[send.0]=1
0:00:00.001021000 [client] TRACE m#q.resolver_to_tx_wheel.depth_dist[send.0]=1
0:00:00.001021000 [client] TRACE m#task.ack_processor.drained[send.0]=2
0:00:00.001021000 [client] TRACE c#q.resolver_to_tx_wheel.receiver[send.0.task.wheel_drain]=1
0:00:00.001021000 [client] TRACE c#q.resolver_to_tx_wheel.drain[send.0]=1
0:00:00.001021000 [client] TRACE g#q.resolver_to_tx_wheel.depth[send.0]=0
0:00:00.001021000 [client] TRACE c#q.wheel_to_assembler.sender[send.0.task.tx_wheel]=1
0:00:00.001021000 [client] TRACE c#q.wheel_to_assembler.enq[send.0]=1
0:00:00.001021000 [client] TRACE g#q.wheel_to_assembler.depth[send.0]=1
0:00:00.001021000 [client] TRACE m#q.wheel_to_assembler.depth_dist[send.0]=1
0:00:00.001021000 [client] TRACE m#task.tx_wheel.drained[send.0]=1
0:00:00.001021000 [client] TRACE c#q.wheel_to_assembler.receiver[send.0.task.assembler.send.0]=1
0:00:00.001021000 [client] TRACE c#q.wheel_to_assembler.drain[send.0]=1
0:00:00.001021000 [client] TRACE g#q.wheel_to_assembler.depth[send.0]=0
0:00:00.001021000 [client] TRACE c#send.ack.drain=1
0:00:00.001021000 [client] TRACE g#send.ack.depth=0
0:00:00.001021000 [client] TRACE c#tx.data=1
0:00:00.001021000 [client] TRACE c#q.dispatch.enq[recv.0]=1
0:00:00.001021000 [client] TRACE g#q.dispatch.depth[recv.0]=1
0:00:00.001021000 [client] TRACE m#q.dispatch.depth_dist[recv.0]=1
0:00:00.001021000 [client] TRACE c#socket.tx.ops=1
0:00:00.001021000 [client] TRACE c#socket.tx.bytes=54
0:00:00.001021000 [client] TRACE m#task.assembler.drained[send.0]=1
0:00:00.001021000 [client] TRACE m#task.tx_wheel.drained[send.0]=0
0:00:00.001021000 [client] TRACE c#q.dispatch.receiver[recv.0.task.ack_completion]=1
0:00:00.001021000 [client] TRACE c#q.dispatch.drain[recv.0]=1
0:00:00.001021000 [client] TRACE g#q.dispatch.depth[recv.0]=0
0:00:00.001021000 [client] TRACE m#task.ack_completion.drained[recv.0]=1
0:00:00.001041000 [client] TRACE c#socket.rx.ops[recv.0]=1
0:00:00.001041000 [client] TRACE c#socket.rx.bytes[recv.0]=59
0:00:00.001041000 [client] TRACE c#socket.rx.ops=1
0:00:00.001041000 [client] TRACE c#socket.rx.bytes=59
0:00:00.001041000 [client] TRACE c#router.routed=1
0:00:00.001041000 [client] TRACE c#router.routed[recv.0]=1
0:00:00.001041000 [client] TRACE c#q.dispatch_rx.enq[recv.0]=1
0:00:00.001041000 [client] TRACE g#q.dispatch_rx.depth[recv.0]=1
0:00:00.001041000 [client] TRACE m#q.dispatch_rx.depth_dist[recv.0]=1
0:00:00.001041000 [client] TRACE m#task.socket_recv.drained[recv.0]=0
0:00:00.001041000 [client] TRACE c#q.dispatch_rx.receiver[recv.0.task.packet_dispatch]=1
0:00:00.001041000 [client] TRACE c#q.dispatch_rx.drain[recv.0]=1
0:00:00.001041000 [client] TRACE g#q.dispatch_rx.depth[recv.0]=0
0:00:00.001041000 [client] TRACE c#rx.data_pkt=1
0:00:00.001041000 [client] TRACE c#rx.peer_cache.hit=1
0:00:00.001041000 [client] TRACE c#rx.ecn[ect0]=1
0:00:00.001041000 [client] TRACE c#rx.data=1
0:00:00.001041000 [client] TRACE c#rx.data.ok=1
0:00:00.001041000 [client] TRACE m#task.packet_dispatch.drained[recv.0]=2
0:00:00.001041000 [client] TRACE m#task.waker_drain.drained[waker.0]=1
0:00:00.001041000 [client] TRACE c#q.ack.enq[send.0]=1
0:00:00.001041000 [client] TRACE g#q.ack.depth[send.0]=1
0:00:00.001041000 [client] TRACE m#q.ack.depth_dist[send.0]=1
0:00:00.001041000 [client] TRACE m#task.ack_burst.drained[recv.0]=1
0:00:00.001041000 [client] DEBUG Reader complete - all data consumed stream_id=0 final_size=Some(11) consumed_len=11
0:00:00.001041000 [client] DEBUG event=on_complete prev=Open next=Complete location=dc/s2n-quic-dc/src/stream/reader.rs
0:00:00.001041000 [client] DEBUG Reader dropping stream_id=0 status=Complete final_size=Some(11) consumed_len=11 total_received_len=11 is_writing_complete=true is_reading_complete=true
0:00:00.001041000 [client] TRACE c#q.ack.receiver[send.0.task.ack_processor]=1
0:00:00.001041000 [client] TRACE c#q.ack.drain[send.0]=1
0:00:00.001041000 [client] TRACE g#q.ack.depth[send.0]=0
0:00:00.001041000 [client] TRACE c#send.ack.enq=1
0:00:00.001041000 [client] TRACE g#send.ack.depth=1
0:00:00.001041000 [client] TRACE m#send.ack.depth_dist=1
0:00:00.001041000 [client] TRACE c#q.resolver_to_tx_wheel.sender[send.0.task.ack_processor]=1
0:00:00.001041000 [client] TRACE c#q.resolver_to_tx_wheel.enq[send.0]=1
0:00:00.001041000 [client] TRACE g#q.resolver_to_tx_wheel.depth[send.0]=1
0:00:00.001041000 [client] TRACE m#q.resolver_to_tx_wheel.depth_dist[send.0]=1
0:00:00.001041000 [client] TRACE m#task.ack_processor.drained[send.0]=2
0:00:00.001041000 [client] TRACE c#q.resolver_to_tx_wheel.receiver[send.0.task.wheel_drain]=1
0:00:00.001041000 [client] TRACE c#q.resolver_to_tx_wheel.drain[send.0]=1
0:00:00.001041000 [client] TRACE g#q.resolver_to_tx_wheel.depth[send.0]=0
0:00:00.001041000 [client] TRACE c#q.wheel_to_assembler.sender[send.0.task.tx_wheel]=1
0:00:00.001041000 [client] TRACE c#q.wheel_to_assembler.enq[send.0]=1
0:00:00.001041000 [client] TRACE g#q.wheel_to_assembler.depth[send.0]=1
0:00:00.001041000 [client] TRACE m#q.wheel_to_assembler.depth_dist[send.0]=1
0:00:00.001041000 [client] TRACE m#task.tx_wheel.drained[send.0]=1
0:00:00.001041000 [client] TRACE c#q.wheel_to_assembler.receiver[send.0.task.assembler.send.0]=1
0:00:00.001041000 [client] TRACE c#q.wheel_to_assembler.drain[send.0]=1
0:00:00.001041000 [client] TRACE g#q.wheel_to_assembler.depth[send.0]=0
0:00:00.001041000 [client] TRACE c#send.ack.drain=1
0:00:00.001041000 [client] TRACE g#send.ack.depth=0
0:00:00.001041000 [client] TRACE c#tx.data=1
0:00:00.001041000 [client] TRACE c#q.dispatch.enq[recv.0]=1
0:00:00.001041000 [client] TRACE g#q.dispatch.depth[recv.0]=1
0:00:00.001041000 [client] TRACE m#q.dispatch.depth_dist[recv.0]=1
0:00:00.001041000 [client] TRACE c#socket.tx.ops=1
0:00:00.001041000 [client] TRACE c#socket.tx.bytes=54
0:00:00.001041000 [client] TRACE m#task.assembler.drained[send.0]=1
0:00:00.001041000 [client] TRACE m#task.tx_wheel.drained[send.0]=0
0:00:00.001041000 [client] TRACE c#q.dispatch.receiver[recv.0.task.ack_completion]=1
0:00:00.001041000 [client] TRACE c#q.dispatch.drain[recv.0]=1
0:00:00.001041000 [client] TRACE g#q.dispatch.depth[recv.0]=0
0:00:00.001041000 [client] TRACE m#task.ack_completion.drained[recv.0]=1
