---
source: dc/s2n-quic-dc/src/testing.rs
expression: logs
---
0:00:00.000000000 [main] TRACE g#send.context.count[send.0]=1
0:00:00.000000000 [main] TRACE c#send.pending.enq[send.0]=1
0:00:00.000000000 [main] TRACE g#send.pending.depth[send.0]=1
0:00:00.000000000 [main] TRACE m#send.pending.depth_dist[send.0]=1
0:00:00.000000000 [main] TRACE c#send.pending.enq[send.0]=1
0:00:00.000000000 [main] TRACE g#send.pending.depth[send.0]=2
0:00:00.000000000 [main] TRACE m#send.pending.depth_dist[send.0]=2
