---
source: dc/s2n-quic-dc/src/testing.rs
expression: logs
---
0:00:00.000000000 [server] DEBUG s2n_quic_dc: capacity=50000
0:00:00.000000000 [server] DEBUG setting up endpoint config.layout=WorkerLayout { frame_dispatch: 0, send: [1, 2, 3, 4], recv_io: [5, 6, 7, 8], recv_dispatch: [9, 10, 11, 12], waker_drain: [13], background: 14 }
0:00:00.000000000 [server] DEBUG grow epoch=8
0:00:00.000000000 [client] DEBUG s2n_quic_dc: capacity=50000
0:00:00.000000000 [client] DEBUG setting up endpoint config.layout=WorkerLayout { frame_dispatch: 0, send: [1, 2, 3, 4], recv_io: [5, 6, 7, 8], recv_dispatch: [9, 10, 11, 12], waker_drain: [13], background: 14 }
0:00:00.000000000 [client] DEBUG grow epoch=8
0:00:00.000000000 [server] TRACE m#task.priority_router.drained=0
0:00:00.000000000 [server] TRACE m#task.frame_dispatch.drained=0
0:00:00.000000000 [server] TRACE m#task.context_resolver.drained[send.0]=0
0:00:00.000000000 [server] TRACE m#task.ack_processor.drained[send.0]=0
0:00:00.000000000 [server] TRACE m#task.completion.drained[send.0]=0
0:00:00.000000000 [server] TRACE m#task.cancelled.drained[send.0]=0
0:00:00.000000000 [server] TRACE m#task.tx_wheel.drained[send.0]=0
0:00:00.000000000 [server] TRACE m#task.pto_wheel.drained[send.0]=0
0:00:00.000000000 [server] TRACE m#task.idle_wheel.drained[send.0]=0
0:00:00.000000000 [server] TRACE m#task.assembler.drained[send.0]=0
0:00:00.000000000 [server] TRACE m#task.assembler.drained[send.4]=0
0:00:00.000000000 [server] TRACE m#task.invalidation.drained[send.0]=0
0:00:00.000000000 [server] TRACE m#task.context_resolver.drained[send.1]=0
0:00:00.000000000 [server] TRACE m#task.ack_processor.drained[send.1]=0
0:00:00.000000000 [server] TRACE m#task.completion.drained[send.1]=0
0:00:00.000000000 [server] TRACE m#task.cancelled.drained[send.1]=0
0:00:00.000000000 [server] TRACE m#task.tx_wheel.drained[send.1]=0
0:00:00.000000000 [server] TRACE m#task.pto_wheel.drained[send.1]=0
0:00:00.000000000 [server] TRACE m#task.idle_wheel.drained[send.1]=0
0:00:00.000000000 [server] TRACE m#task.assembler.drained[send.1]=0
0:00:00.000000000 [server] TRACE m#task.assembler.drained[send.5]=0
0:00:00.000000000 [server] TRACE m#task.invalidation.drained[send.1]=0
0:00:00.000000000 [server] TRACE m#task.context_resolver.drained[send.2]=0
0:00:00.000000000 [server] TRACE m#task.ack_processor.drained[send.2]=0
0:00:00.000000000 [server] TRACE m#task.completion.drained[send.2]=0
0:00:00.000000000 [server] TRACE m#task.cancelled.drained[send.2]=0
0:00:00.000000000 [server] TRACE m#task.tx_wheel.drained[send.2]=0
0:00:00.000000000 [server] TRACE m#task.pto_wheel.drained[send.2]=0
0:00:00.000000000 [server] TRACE m#task.idle_wheel.drained[send.2]=0
0:00:00.000000000 [server] TRACE m#task.assembler.drained[send.2]=0
0:00:00.000000000 [server] TRACE m#task.assembler.drained[send.6]=0
0:00:00.000000000 [server] TRACE m#task.invalidation.drained[send.2]=0
0:00:00.000000000 [server] TRACE m#task.context_resolver.drained[send.3]=0
0:00:00.000000000 [server] TRACE m#task.ack_processor.drained[send.3]=0
0:00:00.000000000 [server] TRACE m#task.completion.drained[send.3]=0
0:00:00.000000000 [server] TRACE m#task.cancelled.drained[send.3]=0
0:00:00.000000000 [server] TRACE m#task.tx_wheel.drained[send.3]=0
0:00:00.000000000 [server] TRACE m#task.pto_wheel.drained[send.3]=0
0:00:00.000000000 [server] TRACE m#task.idle_wheel.drained[send.3]=0
0:00:00.000000000 [server] TRACE m#task.assembler.drained[send.3]=0
0:00:00.000000000 [server] TRACE m#task.assembler.drained[send.7]=0
0:00:00.000000000 [server] TRACE m#task.invalidation.drained[send.3]=0
0:00:00.000000000 [server] TRACE m#task.socket_recv.drained[recv.0]=0
0:00:00.000000000 [server] TRACE m#task.socket_recv.drained[recv.1]=0
0:00:00.000000000 [server] TRACE m#task.socket_recv.drained[recv.2]=0
0:00:00.000000000 [server] TRACE m#task.socket_recv.drained[recv.3]=0
0:00:00.000000000 [server] TRACE m#task.recv_idle_wheel.drained[recv.0]=0
0:00:00.000000000 [server] TRACE m#task.packet_dispatch.drained[recv.0]=0
0:00:00.000000000 [server] TRACE m#task.ack_burst.drained[recv.0]=0
0:00:00.000000000 [server] TRACE m#task.ack_completion.drained[recv.0]=0
0:00:00.000000000 [server] TRACE m#task.invalidation.drained[recv.0]=0
0:00:00.000000000 [server] TRACE m#task.recv_idle_wheel.drained[recv.1]=0
0:00:00.000000000 [server] TRACE m#task.packet_dispatch.drained[recv.1]=0
0:00:00.000000000 [server] TRACE m#task.ack_burst.drained[recv.1]=0
0:00:00.000000000 [server] TRACE m#task.ack_completion.drained[recv.1]=0
0:00:00.000000000 [server] TRACE m#task.invalidation.drained[recv.1]=0
0:00:00.000000000 [server] TRACE m#task.recv_idle_wheel.drained[recv.2]=0
0:00:00.000000000 [server] TRACE m#task.packet_dispatch.drained[recv.2]=0
0:00:00.000000000 [server] TRACE m#task.ack_burst.drained[recv.2]=0
0:00:00.000000000 [server] TRACE m#task.ack_completion.drained[recv.2]=0
0:00:00.000000000 [server] TRACE m#task.invalidation.drained[recv.2]=0
0:00:00.000000000 [server] TRACE m#task.recv_idle_wheel.drained[recv.3]=0
0:00:00.000000000 [server] TRACE m#task.packet_dispatch.drained[recv.3]=0
0:00:00.000000000 [server] TRACE m#task.ack_burst.drained[recv.3]=0
0:00:00.000000000 [server] TRACE m#task.ack_completion.drained[recv.3]=0
0:00:00.000000000 [server] TRACE m#task.invalidation.drained[recv.3]=0
0:00:00.000000000 [server] TRACE m#task.waker_drain.drained[waker.13]=0
0:00:00.000000000 [server] TRACE m#task.invalidation_validator.drained[background]=0
0:00:00.000000000 [server] TRACE m#task.ups_send.drained[background]=0
0:00:00.000000000 [client] TRACE m#task.priority_router.drained=0
0:00:00.000000000 [client] TRACE m#task.frame_dispatch.drained=0
0:00:00.000000000 [client] TRACE m#task.context_resolver.drained[send.0]=0
0:00:00.000000000 [client] TRACE m#task.ack_processor.drained[send.0]=0
0:00:00.000000000 [client] TRACE m#task.completion.drained[send.0]=0
0:00:00.000000000 [client] TRACE m#task.cancelled.drained[send.0]=0
0:00:00.000000000 [client] TRACE m#task.tx_wheel.drained[send.0]=0
0:00:00.000000000 [client] TRACE m#task.pto_wheel.drained[send.0]=0
0:00:00.000000000 [client] TRACE m#task.idle_wheel.drained[send.0]=0
0:00:00.000000000 [client] TRACE m#task.assembler.drained[send.0]=0
0:00:00.000000000 [client] TRACE m#task.assembler.drained[send.4]=0
0:00:00.000000000 [client] TRACE m#task.invalidation.drained[send.0]=0
0:00:00.000000000 [client] TRACE m#task.context_resolver.drained[send.1]=0
0:00:00.000000000 [client] TRACE m#task.ack_processor.drained[send.1]=0
0:00:00.000000000 [client] TRACE m#task.completion.drained[send.1]=0
0:00:00.000000000 [client] TRACE m#task.cancelled.drained[send.1]=0
0:00:00.000000000 [client] TRACE m#task.tx_wheel.drained[send.1]=0
0:00:00.000000000 [client] TRACE m#task.pto_wheel.drained[send.1]=0
0:00:00.000000000 [client] TRACE m#task.idle_wheel.drained[send.1]=0
0:00:00.000000000 [client] TRACE m#task.assembler.drained[send.1]=0
0:00:00.000000000 [client] TRACE m#task.assembler.drained[send.5]=0
0:00:00.000000000 [client] TRACE m#task.invalidation.drained[send.1]=0
0:00:00.000000000 [client] TRACE m#task.context_resolver.drained[send.2]=0
0:00:00.000000000 [client] TRACE m#task.ack_processor.drained[send.2]=0
0:00:00.000000000 [client] TRACE m#task.completion.drained[send.2]=0
0:00:00.000000000 [client] TRACE m#task.cancelled.drained[send.2]=0
0:00:00.000000000 [client] TRACE m#task.tx_wheel.drained[send.2]=0
0:00:00.000000000 [client] TRACE m#task.pto_wheel.drained[send.2]=0
0:00:00.000000000 [client] TRACE m#task.idle_wheel.drained[send.2]=0
0:00:00.000000000 [client] TRACE m#task.assembler.drained[send.2]=0
0:00:00.000000000 [client] TRACE m#task.assembler.drained[send.6]=0
0:00:00.000000000 [client] TRACE m#task.invalidation.drained[send.2]=0
0:00:00.000000000 [client] TRACE m#task.context_resolver.drained[send.3]=0
0:00:00.000000000 [client] TRACE m#task.ack_processor.drained[send.3]=0
0:00:00.000000000 [client] TRACE m#task.completion.drained[send.3]=0
0:00:00.000000000 [client] TRACE m#task.cancelled.drained[send.3]=0
0:00:00.000000000 [client] TRACE m#task.tx_wheel.drained[send.3]=0
0:00:00.000000000 [client] TRACE m#task.pto_wheel.drained[send.3]=0
0:00:00.000000000 [client] TRACE m#task.idle_wheel.drained[send.3]=0
0:00:00.000000000 [client] TRACE m#task.assembler.drained[send.3]=0
0:00:00.000000000 [client] TRACE m#task.assembler.drained[send.7]=0
0:00:00.000000000 [client] TRACE m#task.invalidation.drained[send.3]=0
0:00:00.000000000 [client] TRACE m#task.socket_recv.drained[recv.0]=0
0:00:00.000000000 [client] TRACE m#task.socket_recv.drained[recv.1]=0
0:00:00.000000000 [client] TRACE m#task.socket_recv.drained[recv.2]=0
0:00:00.000000000 [client] TRACE m#task.socket_recv.drained[recv.3]=0
0:00:00.000000000 [client] TRACE m#task.recv_idle_wheel.drained[recv.0]=0
0:00:00.000000000 [client] TRACE m#task.packet_dispatch.drained[recv.0]=0
0:00:00.000000000 [client] TRACE m#task.ack_burst.drained[recv.0]=0
0:00:00.000000000 [client] TRACE m#task.ack_completion.drained[recv.0]=0
0:00:00.000000000 [client] TRACE m#task.invalidation.drained[recv.0]=0
0:00:00.000000000 [client] TRACE m#task.recv_idle_wheel.drained[recv.1]=0
0:00:00.000000000 [client] TRACE m#task.packet_dispatch.drained[recv.1]=0
0:00:00.000000000 [client] TRACE m#task.ack_burst.drained[recv.1]=0
0:00:00.000000000 [client] TRACE m#task.ack_completion.drained[recv.1]=0
0:00:00.000000000 [client] TRACE m#task.invalidation.drained[recv.1]=0
0:00:00.000000000 [client] TRACE m#task.recv_idle_wheel.drained[recv.2]=0
0:00:00.000000000 [client] TRACE m#task.packet_dispatch.drained[recv.2]=0
0:00:00.000000000 [client] TRACE m#task.ack_burst.drained[recv.2]=0
0:00:00.000000000 [client] TRACE m#task.ack_completion.drained[recv.2]=0
0:00:00.000000000 [client] TRACE m#task.invalidation.drained[recv.2]=0
0:00:00.000000000 [client] TRACE m#task.recv_idle_wheel.drained[recv.3]=0
0:00:00.000000000 [client] TRACE m#task.packet_dispatch.drained[recv.3]=0
0:00:00.000000000 [client] TRACE m#task.ack_burst.drained[recv.3]=0
0:00:00.000000000 [client] TRACE m#task.ack_completion.drained[recv.3]=0
0:00:00.000000000 [client] TRACE m#task.invalidation.drained[recv.3]=0
0:00:00.000000000 [client] TRACE m#task.waker_drain.drained[waker.13]=0
0:00:00.000000000 [client] TRACE m#task.invalidation_validator.drained[background]=0
0:00:00.000000000 [client] TRACE m#task.ups_send.drained[background]=0
0:00:00.000000000 [client] DEBUG s2n_quic_dc: acquire=1µs duration=1µs
0:00:00.000000000 [client] DEBUG s2n_quic_dc: peer_address=10.0.0.1:4433 credential_id=[90, 91, 208, 251, 67, 206, 74, 56, 32, 75, 91, 214, 210, 242, 94, 255]
0:00:00.000000000 [client] DEBUG s2n_quic_dc: acquire=1µs duration=1µs
0:00:00.000000000 [client] DEBUG s2n_quic_dc: peer_address=10.0.0.1:4433 credential_id=[90, 91, 208, 251, 67, 206, 74, 56, 32, 75, 91, 214, 210, 242, 94, 255]
0:00:00.000000000 [client] DEBUG s2n_quic_dc: acquire=1µs duration=1µs
0:00:00.000000000 [client] DEBUG s2n_quic_dc: peer_address=10.0.0.2:49160 credential_id=[218, 91, 208, 251, 67, 206, 74, 56, 32, 75, 91, 214, 210, 242, 94, 255]
0:00:00.000000000 [client] DEBUG s2n_quic_dc: acquire=1µs duration=1µs
0:00:00.000000000 [client] DEBUG s2n_quic_dc: peer_address=10.0.0.2:49160 credential_id=[218, 91, 208, 251, 67, 206, 74, 56, 32, 75, 91, 214, 210, 242, 94, 255]
0:00:00.000000000 [client] DEBUG event=on_send_flow_init prev=Init next=FlowInitSent location=dc/s2n-quic-dc/src/stream/writer.rs
0:00:00.000000000 [client] DEBUG event=on_send_fin prev=FlowInitSent next=FinSent location=dc/s2n-quic-dc/src/stream/writer.rs
0:00:00.000000000 [client] DEBUG Sent FlowInit with early data stream_id=0 bytes_read=3 is_fin=true
0:00:00.000000000 [client] DEBUG Writer dropping stream_id=0 status=FinSent next_offset=3 inflight_bytes=3 remote_max_data=0
0:00:00.000000000 [client] DEBUG event=on_shutdown prev=FinSent next=Shutdown location=dc/s2n-quic-dc/src/stream/writer.rs
0:00:00.000000000 [server] TRACE m#task.priority_router.drained=0
0:00:00.000000000 [server] TRACE m#task.frame_dispatch.drained=0
0:00:00.000000000 [server] TRACE m#task.context_resolver.drained[send.0]=0
0:00:00.000000000 [server] TRACE m#task.ack_processor.drained[send.0]=0
0:00:00.000000000 [server] TRACE m#task.completion.drained[send.0]=0
0:00:00.000000000 [server] TRACE m#task.cancelled.drained[send.0]=0
0:00:00.000000000 [server] TRACE m#task.tx_wheel.drained[send.0]=0
0:00:00.000000000 [server] TRACE m#task.pto_wheel.drained[send.0]=0
0:00:00.000000000 [server] TRACE m#task.idle_wheel.drained[send.0]=0
0:00:00.000000000 [server] TRACE m#task.assembler.drained[send.0]=0
0:00:00.000000000 [server] TRACE m#task.assembler.drained[send.4]=0
0:00:00.000000000 [server] TRACE m#task.invalidation.drained[send.0]=0
0:00:00.000000000 [server] TRACE m#task.context_resolver.drained[send.1]=0
0:00:00.000000000 [server] TRACE m#task.ack_processor.drained[send.1]=0
0:00:00.000000000 [server] TRACE m#task.completion.drained[send.1]=0
0:00:00.000000000 [server] TRACE m#task.cancelled.drained[send.1]=0
0:00:00.000000000 [server] TRACE m#task.tx_wheel.drained[send.1]=0
0:00:00.000000000 [server] TRACE m#task.pto_wheel.drained[send.1]=0
0:00:00.000000000 [server] TRACE m#task.idle_wheel.drained[send.1]=0
0:00:00.000000000 [server] TRACE m#task.assembler.drained[send.1]=0
0:00:00.000000000 [server] TRACE m#task.assembler.drained[send.5]=0
0:00:00.000000000 [server] TRACE m#task.invalidation.drained[send.1]=0
0:00:00.000000000 [server] TRACE m#task.context_resolver.drained[send.2]=0
0:00:00.000000000 [server] TRACE m#task.ack_processor.drained[send.2]=0
0:00:00.000000000 [server] TRACE m#task.completion.drained[send.2]=0
0:00:00.000000000 [server] TRACE m#task.cancelled.drained[send.2]=0
0:00:00.000000000 [server] TRACE m#task.tx_wheel.drained[send.2]=0
0:00:00.000000000 [server] TRACE m#task.pto_wheel.drained[send.2]=0
0:00:00.000000000 [server] TRACE m#task.idle_wheel.drained[send.2]=0
0:00:00.000000000 [server] TRACE m#task.assembler.drained[send.2]=0
0:00:00.000000000 [server] TRACE m#task.assembler.drained[send.6]=0
0:00:00.000000000 [server] TRACE m#task.invalidation.drained[send.2]=0
0:00:00.000000000 [server] TRACE m#task.context_resolver.drained[send.3]=0
0:00:00.000000000 [server] TRACE m#task.ack_processor.drained[send.3]=0
0:00:00.000000000 [server] TRACE m#task.completion.drained[send.3]=0
0:00:00.000000000 [server] TRACE m#task.cancelled.drained[send.3]=0
0:00:00.000000000 [server] TRACE m#task.tx_wheel.drained[send.3]=0
0:00:00.000000000 [server] TRACE m#task.pto_wheel.drained[send.3]=0
0:00:00.000000000 [server] TRACE m#task.idle_wheel.drained[send.3]=0
0:00:00.000000000 [server] TRACE m#task.assembler.drained[send.3]=0
0:00:00.000000000 [server] TRACE m#task.assembler.drained[send.7]=0
0:00:00.000000000 [server] TRACE m#task.invalidation.drained[send.3]=0
0:00:00.000000000 [server] TRACE m#task.socket_recv.drained[recv.0]=0
0:00:00.000000000 [server] TRACE m#task.socket_recv.drained[recv.1]=0
0:00:00.000000000 [server] TRACE m#task.socket_recv.drained[recv.2]=0
0:00:00.000000000 [server] TRACE m#task.socket_recv.drained[recv.3]=0
0:00:00.000000000 [server] TRACE m#task.recv_idle_wheel.drained[recv.0]=0
0:00:00.000000000 [server] TRACE m#task.packet_dispatch.drained[recv.0]=0
0:00:00.000000000 [server] TRACE m#task.ack_burst.drained[recv.0]=0
0:00:00.000000000 [server] TRACE m#task.ack_completion.drained[recv.0]=0
0:00:00.000000000 [server] TRACE m#task.invalidation.drained[recv.0]=0
0:00:00.000000000 [server] TRACE m#task.recv_idle_wheel.drained[recv.1]=0
0:00:00.000000000 [server] TRACE m#task.packet_dispatch.drained[recv.1]=0
0:00:00.000000000 [server] TRACE m#task.ack_burst.drained[recv.1]=0
0:00:00.000000000 [server] TRACE m#task.ack_completion.drained[recv.1]=0
0:00:00.000000000 [server] TRACE m#task.invalidation.drained[recv.1]=0
0:00:00.000000000 [server] TRACE m#task.recv_idle_wheel.drained[recv.2]=0
0:00:00.000000000 [server] TRACE m#task.packet_dispatch.drained[recv.2]=0
0:00:00.000000000 [server] TRACE m#task.ack_burst.drained[recv.2]=0
0:00:00.000000000 [server] TRACE m#task.ack_completion.drained[recv.2]=0
0:00:00.000000000 [server] TRACE m#task.invalidation.drained[recv.2]=0
0:00:00.000000000 [server] TRACE m#task.recv_idle_wheel.drained[recv.3]=0
0:00:00.000000000 [server] TRACE m#task.packet_dispatch.drained[recv.3]=0
0:00:00.000000000 [server] TRACE m#task.ack_burst.drained[recv.3]=0
0:00:00.000000000 [server] TRACE m#task.ack_completion.drained[recv.3]=0
0:00:00.000000000 [server] TRACE m#task.invalidation.drained[recv.3]=0
0:00:00.000000000 [server] TRACE m#task.waker_drain.drained[waker.13]=0
0:00:00.000000000 [server] TRACE m#task.invalidation_validator.drained[background]=0
0:00:00.000000000 [server] TRACE m#task.ups_send.drained[background]=0
0:00:00.000000000 [client] TRACE c#q.router_to_batcher.enq[p4]=1
0:00:00.000000000 [client] TRACE g#q.router_to_batcher.depth[p4]=1
0:00:00.000000000 [client] TRACE m#q.router_to_batcher.depth_dist[p4]=1
0:00:00.000000000 [client] TRACE m#task.priority_router.drained=1
0:00:00.000000000 [client] TRACE c#q.router_to_batcher.receiver[p4.task.frame_dispatch]=1
0:00:00.000000000 [client] TRACE c#q.router_to_batcher.drain[p4]=1
0:00:00.000000000 [client] TRACE g#q.router_to_batcher.depth[p4]=0
0:00:00.000000000 [client] TRACE m#task.frame_dispatch.drained=2
0:00:00.000000000 [client] TRACE m#task.context_resolver.drained[send.0]=0
0:00:00.000000000 [client] TRACE m#task.ack_processor.drained[send.0]=0
0:00:00.000000000 [client] TRACE m#task.completion.drained[send.0]=0
0:00:00.000000000 [client] TRACE m#task.cancelled.drained[send.0]=0
0:00:00.000000000 [client] TRACE m#task.tx_wheel.drained[send.0]=0
0:00:00.000000000 [client] TRACE m#task.pto_wheel.drained[send.0]=0
0:00:00.000000000 [client] TRACE m#task.idle_wheel.drained[send.0]=0
0:00:00.000000000 [client] TRACE m#task.assembler.drained[send.0]=0
0:00:00.000000000 [client] TRACE m#task.assembler.drained[send.4]=0
0:00:00.000000000 [client] TRACE m#task.invalidation.drained[send.0]=0
0:00:00.000000000 [client] TRACE m#task.context_resolver.drained[send.1]=0
0:00:00.000000000 [client] TRACE m#task.ack_processor.drained[send.1]=0
0:00:00.000000000 [client] TRACE m#task.completion.drained[send.1]=0
0:00:00.000000000 [client] TRACE m#task.cancelled.drained[send.1]=0
0:00:00.000000000 [client] TRACE m#task.tx_wheel.drained[send.1]=0
0:00:00.000000000 [client] TRACE m#task.pto_wheel.drained[send.1]=0
0:00:00.000000000 [client] TRACE m#task.idle_wheel.drained[send.1]=0
0:00:00.000000000 [client] TRACE m#task.assembler.drained[send.1]=0
0:00:00.000000000 [client] TRACE m#task.assembler.drained[send.5]=0
0:00:00.000000000 [client] TRACE m#task.invalidation.drained[send.1]=0
0:00:00.000000000 [client] TRACE m#task.context_resolver.drained[send.2]=0
0:00:00.000000000 [client] TRACE m#task.ack_processor.drained[send.2]=0
0:00:00.000000000 [client] TRACE m#task.completion.drained[send.2]=0
0:00:00.000000000 [client] TRACE m#task.cancelled.drained[send.2]=0
0:00:00.000000000 [client] TRACE m#task.tx_wheel.drained[send.2]=0
0:00:00.000000000 [client] TRACE m#task.pto_wheel.drained[send.2]=0
0:00:00.000000000 [client] TRACE m#task.idle_wheel.drained[send.2]=0
0:00:00.000000000 [client] TRACE m#task.assembler.drained[send.2]=0
0:00:00.000000000 [client] TRACE m#task.assembler.drained[send.6]=0
0:00:00.000000000 [client] TRACE m#task.invalidation.drained[send.2]=0
0:00:00.000000000 [client] TRACE m#task.context_resolver.drained[send.3]=0
0:00:00.000000000 [client] TRACE m#task.ack_processor.drained[send.3]=0
0:00:00.000000000 [client] TRACE m#task.completion.drained[send.3]=0
0:00:00.000000000 [client] TRACE m#task.cancelled.drained[send.3]=0
0:00:00.000000000 [client] TRACE m#task.tx_wheel.drained[send.3]=0
0:00:00.000000000 [client] TRACE m#task.pto_wheel.drained[send.3]=0
0:00:00.000000000 [client] TRACE m#task.idle_wheel.drained[send.3]=0
0:00:00.000000000 [client] TRACE m#task.assembler.drained[send.3]=0
0:00:00.000000000 [client] TRACE m#task.assembler.drained[send.7]=0
0:00:00.000000000 [client] TRACE m#task.invalidation.drained[send.3]=0
0:00:00.000000000 [client] TRACE m#task.socket_recv.drained[recv.0]=0
0:00:00.000000000 [client] TRACE m#task.socket_recv.drained[recv.1]=0
0:00:00.000000000 [client] TRACE m#task.socket_recv.drained[recv.2]=0
0:00:00.000000000 [client] TRACE m#task.socket_recv.drained[recv.3]=0
0:00:00.000000000 [client] TRACE m#task.recv_idle_wheel.drained[recv.0]=0
0:00:00.000000000 [client] TRACE m#task.packet_dispatch.drained[recv.0]=0
0:00:00.000000000 [client] TRACE m#task.ack_burst.drained[recv.0]=0
0:00:00.000000000 [client] TRACE m#task.ack_completion.drained[recv.0]=0
0:00:00.000000000 [client] TRACE m#task.invalidation.drained[recv.0]=0
0:00:00.000000000 [client] TRACE m#task.recv_idle_wheel.drained[recv.1]=0
0:00:00.000000000 [client] TRACE m#task.packet_dispatch.drained[recv.1]=0
0:00:00.000000000 [client] TRACE m#task.ack_burst.drained[recv.1]=0
0:00:00.000000000 [client] TRACE m#task.ack_completion.drained[recv.1]=0
0:00:00.000000000 [client] TRACE m#task.invalidation.drained[recv.1]=0
0:00:00.000000000 [client] TRACE m#task.recv_idle_wheel.drained[recv.2]=0
0:00:00.000000000 [client] TRACE m#task.packet_dispatch.drained[recv.2]=0
0:00:00.000000000 [client] TRACE m#task.ack_burst.drained[recv.2]=0
0:00:00.000000000 [client] TRACE m#task.ack_completion.drained[recv.2]=0
0:00:00.000000000 [client] TRACE m#task.invalidation.drained[recv.2]=0
0:00:00.000000000 [client] TRACE m#task.recv_idle_wheel.drained[recv.3]=0
0:00:00.000000000 [client] TRACE m#task.packet_dispatch.drained[recv.3]=0
0:00:00.000000000 [client] TRACE m#task.ack_burst.drained[recv.3]=0
0:00:00.000000000 [client] TRACE m#task.ack_completion.drained[recv.3]=0
0:00:00.000000000 [client] TRACE m#task.invalidation.drained[recv.3]=0
0:00:00.000000000 [client] TRACE m#task.waker_drain.drained[waker.13]=0
0:00:00.000000000 [client] TRACE m#task.invalidation_validator.drained[background]=0
0:00:00.000000000 [client] TRACE m#task.ups_send.drained[background]=0
0:00:00.000000000 [client] TRACE m#task.priority_router.drained=0
0:00:00.000000000 [client] TRACE m#task.frame_dispatch.drained=0
0:00:00.000021000 [client] TRACE c#pick_two.chosen[send.5]=1
0:00:00.000021000 [client] TRACE c#q.resolver.enq[send.1]=1
0:00:00.000021000 [client] TRACE g#q.resolver.depth[send.1]=1
0:00:00.000021000 [client] TRACE m#q.resolver.depth_dist[send.1]=1
0:00:00.000021000 [client] TRACE m#task.frame_dispatch.drained=0
0:00:00.000021000 [client] TRACE c#q.resolver.receiver[send.1.task.context_resolver]=1
0:00:00.000021000 [client] TRACE c#q.resolver.drain[send.1]=1
0:00:00.000021000 [client] TRACE g#q.resolver.depth[send.1]=0
0:00:00.000021000 [client] TRACE g#send.context.count=1
0:00:00.000021000 [client] TRACE c#send.pending.enq=1
0:00:00.000021000 [client] TRACE g#send.pending.depth=1
0:00:00.000021000 [client] TRACE m#send.pending.depth_dist=1
0:00:00.000021000 [client] TRACE c#q.resolver_to_idle_wheel.sender[send.1.task.context_resolver]=1
0:00:00.000021000 [client] TRACE c#q.resolver_to_idle_wheel.enq[send.1]=1
0:00:00.000021000 [client] TRACE g#q.resolver_to_idle_wheel.depth[send.1]=1
0:00:00.000021000 [client] TRACE m#q.resolver_to_idle_wheel.depth_dist[send.1]=1
0:00:00.000021000 [client] TRACE c#q.resolver_to_tx_wheel.sender[send.1.task.context_resolver]=1
0:00:00.000021000 [client] TRACE c#q.resolver_to_tx_wheel.enq[send.1]=1
0:00:00.000021000 [client] TRACE g#q.resolver_to_tx_wheel.depth[send.1]=1
0:00:00.000021000 [client] TRACE m#q.resolver_to_tx_wheel.depth_dist[send.1]=1
0:00:00.000021000 [client] TRACE m#task.context_resolver.drained[send.1]=2
0:00:00.000021000 [client] TRACE m#task.idle_wheel.drained[send.1]=1
0:00:00.000021000 [client] TRACE c#q.resolver_to_tx_wheel.receiver[send.1.task.wheel_drain]=1
0:00:00.000021000 [client] TRACE c#q.resolver_to_tx_wheel.drain[send.1]=1
0:00:00.000021000 [client] TRACE g#q.resolver_to_tx_wheel.depth[send.1]=0
0:00:00.000021000 [client] TRACE c#q.wheel_to_assembler.sender[send.5.task.tx_wheel]=1
0:00:00.000021000 [client] TRACE c#q.wheel_to_assembler.enq[send.5]=1
0:00:00.000021000 [client] TRACE g#q.wheel_to_assembler.depth[send.5]=1
0:00:00.000021000 [client] TRACE m#q.wheel_to_assembler.depth_dist[send.5]=1
0:00:00.000021000 [client] TRACE m#task.tx_wheel.drained[send.1]=1
0:00:00.000021000 [client] TRACE m#task.idle_wheel.drained[send.1]=0
0:00:00.000021000 [client] TRACE c#q.wheel_to_assembler.receiver[send.5.task.assembler.send.5]=1
0:00:00.000021000 [client] TRACE c#q.wheel_to_assembler.drain[send.5]=1
0:00:00.000021000 [client] TRACE g#q.wheel_to_assembler.depth[send.5]=0
0:00:00.000021000 [client] TRACE c#send.pending.drain=1
0:00:00.000021000 [client] TRACE g#send.pending.depth=0
0:00:00.000021000 [client] TRACE c#tx.frame[flow_init]=1
0:00:00.000021000 [client] TRACE c#tx.data=1
0:00:00.000021000 [client] TRACE c#send.inflight.enq=1
0:00:00.000021000 [client] TRACE g#send.inflight.depth=1
0:00:00.000021000 [client] TRACE m#send.inflight.depth_dist=1
0:00:00.000021000 [client] TRACE c#q.resolver_to_pto_wheel.sender[send.1.task.assembler.send.5]=1
0:00:00.000021000 [client] TRACE c#q.resolver_to_pto_wheel.enq[send.1]=1
0:00:00.000021000 [client] TRACE g#q.resolver_to_pto_wheel.depth[send.1]=1
0:00:00.000021000 [client] TRACE m#q.resolver_to_pto_wheel.depth_dist[send.1]=1
0:00:00.000021000 [client] TRACE c#socket.tx.ops=1
0:00:00.000021000 [client] TRACE c#socket.tx.bytes=51
0:00:00.000021000 [client] TRACE m#task.assembler.drained[send.5]=1
0:00:00.000021000 [client] TRACE m#task.tx_wheel.drained[send.1]=0
0:00:00.000021000 [client] TRACE m#task.pto_wheel.drained[send.1]=1
0:00:00.000021000 [client] TRACE m#task.pto_wheel.drained[send.1]=0
0:00:00.000521000 [server] TRACE c#socket.rx.ops[recv.1]=1
0:00:00.000521000 [server] TRACE c#socket.rx.bytes[recv.1]=51
0:00:00.000521000 [server] TRACE c#socket.rx.ops=1
0:00:00.000521000 [server] TRACE c#socket.rx.bytes=51
0:00:00.000521000 [server] TRACE c#router.routed=1
0:00:00.000521000 [server] TRACE c#router.routed[recv.1]=1
0:00:00.000521000 [server] TRACE c#q.dispatch_rx.enq[recv.1]=1
0:00:00.000521000 [server] TRACE g#q.dispatch_rx.depth[recv.1]=1
0:00:00.000521000 [server] TRACE m#q.dispatch_rx.depth_dist[recv.1]=1
0:00:00.000521000 [server] TRACE m#task.socket_recv.drained[recv.1]=0
0:00:00.000521000 [server] TRACE c#q.dispatch_rx.receiver[recv.1.task.packet_dispatch]=1
0:00:00.000521000 [server] TRACE c#q.dispatch_rx.drain[recv.1]=1
0:00:00.000521000 [server] TRACE g#q.dispatch_rx.depth[recv.1]=0
0:00:00.000521000 [server] TRACE c#rx.data_pkt=1
0:00:00.000521000 [server] DEBUG opener_for_credentials credentials=0xda5bd0fb43ce4a38204b5bd6d2f25eff:0 remote_sender_id=5 worker_id=1
0:00:00.000521000 [server] DEBUG s2n_quic_dc: credential_id=[218, 91, 208, 251, 67, 206, 74, 56, 32, 75, 91, 214, 210, 242, 94, 255] hit=true
0:00:00.000521000 [server] DEBUG s2n_quic_dc: credential_id=[218, 91, 208, 251, 67, 206, 74, 56, 32, 75, 91, 214, 210, 242, 94, 255] age=520µs
0:00:00.000521000 [server] DEBUG s2n_quic_dc: credential_id=[218, 91, 208, 251, 67, 206, 74, 56, 32, 75, 91, 214, 210, 242, 94, 255] key_id=0 gap=1 forward_shift=0
0:00:00.000521000 [server] TRACE c#rx.peer_cache.miss=1
0:00:00.000521000 [server] TRACE c#rx.ecn[ect0]=1
0:00:00.000521000 [server] TRACE c#rx.init=1
0:00:00.000521000 [server] TRACE c#rx.frame[flow_init]=1
0:00:00.000521000 [server] TRACE c#flow.accepted=1
0:00:00.000521000 [server] DEBUG FlowInit accepted - dispatched to acceptor attempt_id=0 stream_id=0 acceptor_id=1 server_queue_id=0
0:00:00.000521000 [server] DEBUG event=on_ack_eliciting prev=Idle next=Scheduled location=dc/s2n-quic-dc/src/endpoint/dispatch.rs
0:00:00.000521000 [server] TRACE m#task.packet_dispatch.drained[recv.1]=2
0:00:00.000521000 [server] TRACE m#task.recv_idle_wheel.drained[recv.1]=1
0:00:00.000521000 [server] TRACE m#task.waker_drain.drained[waker.13]=1
0:00:00.000521000 [server] DEBUG event=on_flush prev=Scheduled next=Flushed location=dc/s2n-quic-dc/src/endpoint/recv.rs
0:00:00.000521000 [server] TRACE c#q.ack.enq[send.1]=1
0:00:00.000521000 [server] TRACE g#q.ack.depth[send.1]=1
0:00:00.000521000 [server] TRACE m#q.ack.depth_dist[send.1]=1
0:00:00.000521000 [server] TRACE m#task.ack_burst.drained[recv.1]=1
0:00:00.000521000 [server] TRACE m#task.recv_idle_wheel.drained[recv.1]=0
0:00:00.000521000 [server] TRACE c#q.ack.receiver[send.1.task.ack_processor]=1
0:00:00.000521000 [server] TRACE c#q.ack.drain[send.1]=1
0:00:00.000521000 [server] TRACE g#q.ack.depth[send.1]=0
0:00:00.000521000 [server] TRACE g#send.context.count=1
0:00:00.000521000 [server] TRACE c#send.ack.enq=1
0:00:00.000521000 [server] TRACE g#send.ack.depth=1
0:00:00.000521000 [server] TRACE m#send.ack.depth_dist=1
0:00:00.000521000 [server] TRACE c#q.resolver_to_idle_wheel.sender[send.1.task.ack_processor]=1
0:00:00.000521000 [server] TRACE c#q.resolver_to_idle_wheel.enq[send.1]=1
0:00:00.000521000 [server] TRACE g#q.resolver_to_idle_wheel.depth[send.1]=1
0:00:00.000521000 [server] TRACE m#q.resolver_to_idle_wheel.depth_dist[send.1]=1
0:00:00.000521000 [server] TRACE c#q.resolver_to_tx_wheel.sender[send.1.task.ack_processor]=1
0:00:00.000521000 [server] TRACE c#q.resolver_to_tx_wheel.enq[send.1]=1
0:00:00.000521000 [server] TRACE g#q.resolver_to_tx_wheel.depth[send.1]=1
0:00:00.000521000 [server] TRACE m#q.resolver_to_tx_wheel.depth_dist[send.1]=1
0:00:00.000521000 [server] TRACE m#task.ack_processor.drained[send.1]=2
0:00:00.000521000 [server] DEBUG event=on_send_fin prev=Open next=FinSent location=dc/s2n-quic-dc/src/stream/writer.rs
0:00:00.000521000 [server] DEBUG Writer dropping stream_id=0 status=FinSent next_offset=5 inflight_bytes=5 remote_max_data=1048576
0:00:00.000521000 [server] DEBUG event=on_shutdown prev=FinSent next=Shutdown location=dc/s2n-quic-dc/src/stream/writer.rs
0:00:00.000521000 [server] DEBUG Reader complete - all data consumed stream_id=0 final_size=Some(3) consumed_len=3
0:00:00.000521000 [server] DEBUG event=on_complete prev=Open next=Complete location=dc/s2n-quic-dc/src/stream/reader.rs
0:00:00.000521000 [server] DEBUG Reader dropping stream_id=0 status=Complete final_size=Some(3) consumed_len=3 total_received_len=3 is_writing_complete=true is_reading_complete=true
0:00:00.000521000 [server] TRACE m#task.idle_wheel.drained[send.1]=1
0:00:00.000521000 [server] TRACE c#q.resolver_to_tx_wheel.receiver[send.1.task.wheel_drain]=1
0:00:00.000521000 [server] TRACE c#q.resolver_to_tx_wheel.drain[send.1]=1
0:00:00.000521000 [server] TRACE g#q.resolver_to_tx_wheel.depth[send.1]=0
0:00:00.000521000 [server] TRACE c#q.wheel_to_assembler.sender[send.5.task.tx_wheel]=1
0:00:00.000521000 [server] TRACE c#q.wheel_to_assembler.enq[send.5]=1
0:00:00.000521000 [server] TRACE g#q.wheel_to_assembler.depth[send.5]=1
0:00:00.000521000 [server] TRACE m#q.wheel_to_assembler.depth_dist[send.5]=1
0:00:00.000521000 [server] TRACE m#task.tx_wheel.drained[send.1]=1
0:00:00.000521000 [server] TRACE c#q.router_to_batcher.enq[p2]=1
0:00:00.000521000 [server] TRACE g#q.router_to_batcher.depth[p2]=1
0:00:00.000521000 [server] TRACE m#q.router_to_batcher.depth_dist[p2]=1
0:00:00.000521000 [server] TRACE m#task.priority_router.drained=1
0:00:00.000521000 [server] TRACE m#task.idle_wheel.drained[send.1]=0
0:00:00.000521000 [server] TRACE c#q.wheel_to_assembler.receiver[send.5.task.assembler.send.5]=1
0:00:00.000521000 [server] TRACE c#q.wheel_to_assembler.drain[send.5]=1
0:00:00.000521000 [server] TRACE g#q.wheel_to_assembler.depth[send.5]=0
0:00:00.000521000 [server] TRACE c#send.ack.drain=1
0:00:00.000521000 [server] TRACE g#send.ack.depth=0
0:00:00.000521000 [server] TRACE c#tx.frame[ack]=1
0:00:00.000521000 [server] TRACE c#tx.data=1
0:00:00.000521000 [server] TRACE c#q.dispatch.enq[recv.1]=1
0:00:00.000521000 [server] TRACE g#q.dispatch.depth[recv.1]=1
0:00:00.000521000 [server] TRACE m#q.dispatch.depth_dist[recv.1]=1
0:00:00.000521000 [server] TRACE c#socket.tx.ops=1
0:00:00.000521000 [server] TRACE c#socket.tx.bytes=54
0:00:00.000521000 [server] TRACE m#task.assembler.drained[send.5]=1
0:00:00.000521000 [server] TRACE m#task.tx_wheel.drained[send.1]=0
0:00:00.000521000 [server] TRACE c#q.router_to_batcher.receiver[p2.task.frame_dispatch]=1
0:00:00.000521000 [server] TRACE c#q.router_to_batcher.drain[p2]=1
0:00:00.000521000 [server] TRACE g#q.router_to_batcher.depth[p2]=0
0:00:00.000521000 [server] TRACE m#task.frame_dispatch.drained=2
0:00:00.000521000 [server] TRACE c#q.dispatch.receiver[recv.1.task.ack_completion]=1
0:00:00.000521000 [server] TRACE c#q.dispatch.drain[recv.1]=1
0:00:00.000521000 [server] TRACE g#q.dispatch.depth[recv.1]=0
0:00:00.000521000 [server] DEBUG event=on_flush_complete prev=Flushed next=Idle location=dc/s2n-quic-dc/src/endpoint/recv.rs
0:00:00.000521000 [server] TRACE m#task.ack_completion.drained[recv.1]=1
0:00:00.000541000 [server] TRACE c#pick_two.chosen[send.1]=1
0:00:00.000541000 [server] TRACE c#q.resolver.enq[send.1]=1
0:00:00.000541000 [server] TRACE g#q.resolver.depth[send.1]=1
0:00:00.000541000 [server] TRACE m#q.resolver.depth_dist[send.1]=1
0:00:00.000541000 [server] TRACE m#task.frame_dispatch.drained=0
0:00:00.000541000 [server] TRACE c#q.resolver.receiver[send.1.task.context_resolver]=1
0:00:00.000541000 [server] TRACE c#q.resolver.drain[send.1]=1
0:00:00.000541000 [server] TRACE g#q.resolver.depth[send.1]=0
0:00:00.000541000 [server] TRACE g#send.context.count=2
0:00:00.000541000 [server] TRACE c#send.pending.enq=1
0:00:00.000541000 [server] TRACE g#send.pending.depth=1
0:00:00.000541000 [server] TRACE m#send.pending.depth_dist=1
0:00:00.000541000 [server] TRACE c#q.resolver_to_idle_wheel.sender[send.1.task.context_resolver]=1
0:00:00.000541000 [server] TRACE c#q.resolver_to_idle_wheel.enq[send.1]=1
0:00:00.000541000 [server] TRACE g#q.resolver_to_idle_wheel.depth[send.1]=2
0:00:00.000541000 [server] TRACE m#q.resolver_to_idle_wheel.depth_dist[send.1]=2
0:00:00.000541000 [server] TRACE c#q.resolver_to_tx_wheel.sender[send.1.task.context_resolver]=1
0:00:00.000541000 [server] TRACE c#q.resolver_to_tx_wheel.enq[send.1]=1
0:00:00.000541000 [server] TRACE g#q.resolver_to_tx_wheel.depth[send.1]=1
0:00:00.000541000 [server] TRACE m#q.resolver_to_tx_wheel.depth_dist[send.1]=1
0:00:00.000541000 [server] TRACE m#task.context_resolver.drained[send.1]=2
0:00:00.000541000 [server] TRACE m#task.idle_wheel.drained[send.1]=1
0:00:00.000541000 [server] TRACE c#q.resolver_to_tx_wheel.receiver[send.1.task.wheel_drain]=1
0:00:00.000541000 [server] TRACE c#q.resolver_to_tx_wheel.drain[send.1]=1
0:00:00.000541000 [server] TRACE g#q.resolver_to_tx_wheel.depth[send.1]=0
0:00:00.000541000 [server] TRACE c#q.wheel_to_assembler.sender[send.1.task.tx_wheel]=1
0:00:00.000541000 [server] TRACE c#q.wheel_to_assembler.enq[send.1]=1
0:00:00.000541000 [server] TRACE g#q.wheel_to_assembler.depth[send.1]=1
0:00:00.000541000 [server] TRACE m#q.wheel_to_assembler.depth_dist[send.1]=1
0:00:00.000541000 [server] TRACE m#task.tx_wheel.drained[send.1]=1
0:00:00.000541000 [server] TRACE m#task.idle_wheel.drained[send.1]=0
0:00:00.000541000 [server] TRACE c#q.wheel_to_assembler.receiver[send.1.task.assembler.send.1]=1
0:00:00.000541000 [server] TRACE c#q.wheel_to_assembler.drain[send.1]=1
0:00:00.000541000 [server] TRACE g#q.wheel_to_assembler.depth[send.1]=0
0:00:00.000541000 [server] TRACE c#send.pending.drain=1
0:00:00.000541000 [server] TRACE g#send.pending.depth=0
0:00:00.000541000 [server] TRACE c#tx.frame[flow_data]=1
0:00:00.000541000 [server] TRACE c#tx.data=1
0:00:00.000541000 [server] TRACE c#send.inflight.enq=1
0:00:00.000541000 [server] TRACE g#send.inflight.depth=1
0:00:00.000541000 [server] TRACE m#send.inflight.depth_dist=1
0:00:00.000541000 [server] TRACE c#q.resolver_to_pto_wheel.sender[send.1.task.assembler.send.1]=1
0:00:00.000541000 [server] TRACE c#q.resolver_to_pto_wheel.enq[send.1]=1
0:00:00.000541000 [server] TRACE g#q.resolver_to_pto_wheel.depth[send.1]=1
0:00:00.000541000 [server] TRACE m#q.resolver_to_pto_wheel.depth_dist[send.1]=1
0:00:00.000541000 [server] TRACE c#socket.tx.ops=1
0:00:00.000541000 [server] TRACE c#socket.tx.bytes=53
0:00:00.000541000 [server] TRACE m#task.assembler.drained[send.1]=1
0:00:00.000541000 [server] TRACE m#task.tx_wheel.drained[send.1]=0
0:00:00.000541000 [server] TRACE m#task.pto_wheel.drained[send.1]=1
0:00:00.000541000 [server] TRACE m#task.pto_wheel.drained[send.1]=0
0:00:00.001021000 [client] TRACE c#socket.rx.ops[recv.1]=1
0:00:00.001021000 [client] TRACE c#socket.rx.bytes[recv.1]=54
0:00:00.001021000 [client] TRACE c#socket.rx.ops=1
0:00:00.001021000 [client] TRACE c#socket.rx.bytes=54
0:00:00.001021000 [client] TRACE c#router.routed=1
0:00:00.001021000 [client] TRACE c#router.routed[recv.1]=1
0:00:00.001021000 [client] TRACE c#q.dispatch_rx.enq[recv.1]=1
0:00:00.001021000 [client] TRACE g#q.dispatch_rx.depth[recv.1]=1
0:00:00.001021000 [client] TRACE m#q.dispatch_rx.depth_dist[recv.1]=1
0:00:00.001021000 [client] TRACE m#task.socket_recv.drained[recv.1]=0
0:00:00.001021000 [client] TRACE c#q.dispatch_rx.receiver[recv.1.task.packet_dispatch]=1
0:00:00.001021000 [client] TRACE c#q.dispatch_rx.drain[recv.1]=1
0:00:00.001021000 [client] TRACE g#q.dispatch_rx.depth[recv.1]=0
0:00:00.001021000 [client] TRACE c#rx.data_pkt=1
0:00:00.001021000 [client] DEBUG opener_for_credentials credentials=0x5a5bd0fb43ce4a38204b5bd6d2f25eff:0 remote_sender_id=5 worker_id=1
0:00:00.001021000 [client] DEBUG s2n_quic_dc: credential_id=[90, 91, 208, 251, 67, 206, 74, 56, 32, 75, 91, 214, 210, 242, 94, 255] hit=true
0:00:00.001021000 [client] DEBUG s2n_quic_dc: credential_id=[90, 91, 208, 251, 67, 206, 74, 56, 32, 75, 91, 214, 210, 242, 94, 255] age=1.02ms
0:00:00.001021000 [client] DEBUG s2n_quic_dc: credential_id=[90, 91, 208, 251, 67, 206, 74, 56, 32, 75, 91, 214, 210, 242, 94, 255] key_id=0 gap=1 forward_shift=0
0:00:00.001021000 [client] TRACE c#rx.peer_cache.miss=1
0:00:00.001021000 [client] TRACE c#rx.ecn[ect0]=1
0:00:00.001021000 [client] TRACE c#rx.pkt_control=1
0:00:00.001021000 [client] TRACE c#rx.frame[ack]=1
0:00:00.001021000 [client] TRACE c#q.ack.enq[send.1]=1
0:00:00.001021000 [client] TRACE g#q.ack.depth[send.1]=1
0:00:00.001021000 [client] TRACE m#q.ack.depth_dist[send.1]=1
0:00:00.001021000 [client] DEBUG event=on_ack_eliciting prev=Idle next=Scheduled location=dc/s2n-quic-dc/src/endpoint/dispatch.rs
0:00:00.001021000 [client] TRACE m#task.packet_dispatch.drained[recv.1]=2
0:00:00.001021000 [client] TRACE m#task.recv_idle_wheel.drained[recv.1]=1
0:00:00.001021000 [client] TRACE c#q.ack.receiver[send.1.task.ack_processor]=1
0:00:00.001021000 [client] TRACE c#q.ack.drain[send.1]=1
0:00:00.001021000 [client] TRACE g#q.ack.depth[send.1]=0
0:00:00.001021000 [client] TRACE c#tx.ack_received=1
0:00:00.001021000 [client] TRACE c#send.inflight.drain=1
0:00:00.001021000 [client] TRACE g#send.inflight.depth=0
0:00:00.001021000 [client] TRACE c#tx.acked.frame[flow_init]=1
0:00:00.001021000 [client] TRACE c#q.ack_to_completion.sender[send.1.task.ack_processor]=1
0:00:00.001021000 [client] TRACE c#q.ack_to_completion.enq[send.1]=1
0:00:00.001021000 [client] TRACE g#q.ack_to_completion.depth[send.1]=1
0:00:00.001021000 [client] TRACE m#q.ack_to_completion.depth_dist[send.1]=1
0:00:00.001021000 [client] TRACE c#send.inflight.drain[ack]=1
0:00:00.001021000 [client] TRACE c#tx.ecn[ect0]=1
0:00:00.001021000 [client] TRACE c#send.app_limited=1
0:00:00.001021000 [client] TRACE m#task.ack_processor.drained[send.1]=2
0:00:00.001021000 [client] DEBUG event=on_flush prev=Scheduled next=Flushed location=dc/s2n-quic-dc/src/endpoint/recv.rs
0:00:00.001021000 [client] TRACE c#q.ack.enq[send.1]=1
0:00:00.001021000 [client] TRACE g#q.ack.depth[send.1]=1
0:00:00.001021000 [client] TRACE m#q.ack.depth_dist[send.1]=1
0:00:00.001021000 [client] TRACE m#task.ack_burst.drained[recv.1]=1
0:00:00.001021000 [client] TRACE m#task.recv_idle_wheel.drained[recv.1]=0
0:00:00.001021000 [client] TRACE c#q.ack_to_completion.receiver[send.1.task.completion]=1
0:00:00.001021000 [client] TRACE c#q.ack_to_completion.drain[send.1]=1
0:00:00.001021000 [client] TRACE g#q.ack_to_completion.depth[send.1]=0
0:00:00.001021000 [client] TRACE m#task.completion.drained[send.1]=1
0:00:00.001021000 [client] TRACE c#q.ack.receiver[send.1.task.ack_processor]=1
0:00:00.001021000 [client] TRACE c#q.ack.drain[send.1]=1
0:00:00.001021000 [client] TRACE g#q.ack.depth[send.1]=0
0:00:00.001021000 [client] TRACE c#send.ack.enq=1
0:00:00.001021000 [client] TRACE g#send.ack.depth=1
0:00:00.001021000 [client] TRACE m#send.ack.depth_dist=1
0:00:00.001021000 [client] TRACE c#q.resolver_to_tx_wheel.sender[send.1.task.ack_processor]=1
0:00:00.001021000 [client] TRACE c#q.resolver_to_tx_wheel.enq[send.1]=1
0:00:00.001021000 [client] TRACE g#q.resolver_to_tx_wheel.depth[send.1]=1
0:00:00.001021000 [client] TRACE m#q.resolver_to_tx_wheel.depth_dist[send.1]=1
0:00:00.001021000 [client] TRACE m#task.ack_processor.drained[send.1]=2
0:00:00.001021000 [client] TRACE c#q.resolver_to_tx_wheel.receiver[send.1.task.wheel_drain]=1
0:00:00.001021000 [client] TRACE c#q.resolver_to_tx_wheel.drain[send.1]=1
0:00:00.001021000 [client] TRACE g#q.resolver_to_tx_wheel.depth[send.1]=0
0:00:00.001021000 [client] TRACE c#q.wheel_to_assembler.sender[send.5.task.tx_wheel]=1
0:00:00.001021000 [client] TRACE c#q.wheel_to_assembler.enq[send.5]=1
0:00:00.001021000 [client] TRACE g#q.wheel_to_assembler.depth[send.5]=1
0:00:00.001021000 [client] TRACE m#q.wheel_to_assembler.depth_dist[send.5]=1
0:00:00.001021000 [client] TRACE m#task.tx_wheel.drained[send.1]=1
0:00:00.001021000 [client] TRACE c#q.wheel_to_assembler.receiver[send.5.task.assembler.send.5]=1
0:00:00.001021000 [client] TRACE c#q.wheel_to_assembler.drain[send.5]=1
0:00:00.001021000 [client] TRACE g#q.wheel_to_assembler.depth[send.5]=0
0:00:00.001021000 [client] TRACE c#send.ack.drain=1
0:00:00.001021000 [client] TRACE g#send.ack.depth=0
0:00:00.001021000 [client] TRACE c#tx.frame[ack]=1
0:00:00.001021000 [client] TRACE c#tx.data=1
0:00:00.001021000 [client] TRACE c#q.dispatch.enq[recv.1]=1
0:00:00.001021000 [client] TRACE g#q.dispatch.depth[recv.1]=1
0:00:00.001021000 [client] TRACE m#q.dispatch.depth_dist[recv.1]=1
0:00:00.001021000 [client] TRACE c#socket.tx.ops=1
0:00:00.001021000 [client] TRACE c#socket.tx.bytes=54
0:00:00.001021000 [client] TRACE m#task.assembler.drained[send.5]=1
0:00:00.001021000 [client] TRACE m#task.tx_wheel.drained[send.1]=0
0:00:00.001021000 [client] TRACE c#q.dispatch.receiver[recv.1.task.ack_completion]=1
0:00:00.001021000 [client] TRACE c#q.dispatch.drain[recv.1]=1
0:00:00.001021000 [client] TRACE g#q.dispatch.depth[recv.1]=0
0:00:00.001021000 [client] DEBUG event=on_flush_complete prev=Flushed next=Idle location=dc/s2n-quic-dc/src/endpoint/recv.rs
0:00:00.001021000 [client] TRACE m#task.ack_completion.drained[recv.1]=1
0:00:00.001041000 [client] TRACE c#socket.rx.ops[recv.1]=1
0:00:00.001041000 [client] TRACE c#socket.rx.bytes[recv.1]=53
0:00:00.001041000 [client] TRACE c#socket.rx.ops=1
0:00:00.001041000 [client] TRACE c#socket.rx.bytes=53
0:00:00.001041000 [client] TRACE c#router.routed=1
0:00:00.001041000 [client] TRACE c#router.routed[recv.3]=1
0:00:00.001041000 [client] TRACE c#q.dispatch_rx.enq[recv.3]=1
0:00:00.001041000 [client] TRACE g#q.dispatch_rx.depth[recv.3]=1
0:00:00.001041000 [client] TRACE m#q.dispatch_rx.depth_dist[recv.3]=1
0:00:00.001041000 [client] TRACE m#task.socket_recv.drained[recv.1]=0
0:00:00.001041000 [client] TRACE c#q.dispatch_rx.receiver[recv.3.task.packet_dispatch]=1
0:00:00.001041000 [client] TRACE c#q.dispatch_rx.drain[recv.3]=1
0:00:00.001041000 [client] TRACE g#q.dispatch_rx.depth[recv.3]=0
0:00:00.001041000 [client] TRACE c#rx.data_pkt=1
0:00:00.001041000 [client] DEBUG opener_for_credentials credentials=0x5a5bd0fb43ce4a38204b5bd6d2f25eff:1 remote_sender_id=1 worker_id=3
0:00:00.001041000 [client] DEBUG s2n_quic_dc: credential_id=[90, 91, 208, 251, 67, 206, 74, 56, 32, 75, 91, 214, 210, 242, 94, 255] hit=true
0:00:00.001041000 [client] DEBUG s2n_quic_dc: credential_id=[90, 91, 208, 251, 67, 206, 74, 56, 32, 75, 91, 214, 210, 242, 94, 255] age=1.04ms
0:00:00.001041000 [client] DEBUG s2n_quic_dc: credential_id=[90, 91, 208, 251, 67, 206, 74, 56, 32, 75, 91, 214, 210, 242, 94, 255] key_id=1 gap=1 forward_shift=0
0:00:00.001041000 [client] TRACE c#rx.peer_cache.miss=1
0:00:00.001041000 [client] TRACE c#rx.ecn[ect0]=1
0:00:00.001041000 [client] TRACE c#rx.data=1
0:00:00.001041000 [client] TRACE c#rx.frame[flow_data]=1
0:00:00.001041000 [client] TRACE c#rx.data.ok=1
0:00:00.001041000 [client] DEBUG event=on_ack_eliciting prev=Idle next=Scheduled location=dc/s2n-quic-dc/src/endpoint/dispatch.rs
0:00:00.001041000 [client] TRACE m#task.packet_dispatch.drained[recv.3]=2
0:00:00.001041000 [client] TRACE m#task.recv_idle_wheel.drained[recv.3]=1
0:00:00.001041000 [client] TRACE m#task.waker_drain.drained[waker.13]=1
0:00:00.001041000 [client] DEBUG event=on_flush prev=Scheduled next=Flushed location=dc/s2n-quic-dc/src/endpoint/recv.rs
0:00:00.001041000 [client] TRACE c#q.ack.enq[send.3]=1
0:00:00.001041000 [client] TRACE g#q.ack.depth[send.3]=1
0:00:00.001041000 [client] TRACE m#q.ack.depth_dist[send.3]=1
0:00:00.001041000 [client] TRACE m#task.ack_burst.drained[recv.3]=1
0:00:00.001041000 [client] TRACE m#task.recv_idle_wheel.drained[recv.3]=0
0:00:00.001041000 [client] DEBUG Reader complete - all data consumed stream_id=0 final_size=Some(5) consumed_len=5
0:00:00.001041000 [client] DEBUG event=on_complete prev=Open next=Complete location=dc/s2n-quic-dc/src/stream/reader.rs
0:00:00.001041000 [client] DEBUG Reader dropping stream_id=0 status=Complete final_size=Some(5) consumed_len=5 total_received_len=5 is_writing_complete=true is_reading_complete=true
0:00:00.001041000 [client] TRACE c#q.ack.receiver[send.3.task.ack_processor]=1
0:00:00.001041000 [client] TRACE c#q.ack.drain[send.3]=1
0:00:00.001041000 [client] TRACE g#q.ack.depth[send.3]=0
0:00:00.001041000 [client] TRACE g#send.context.count=1
0:00:00.001041000 [client] TRACE c#send.ack.enq=1
0:00:00.001041000 [client] TRACE g#send.ack.depth=1
0:00:00.001041000 [client] TRACE m#send.ack.depth_dist=1
0:00:00.001041000 [client] TRACE c#q.resolver_to_idle_wheel.sender[send.3.task.ack_processor]=1
0:00:00.001041000 [client] TRACE c#q.resolver_to_idle_wheel.enq[send.3]=1
0:00:00.001041000 [client] TRACE g#q.resolver_to_idle_wheel.depth[send.3]=1
0:00:00.001041000 [client] TRACE m#q.resolver_to_idle_wheel.depth_dist[send.3]=1
0:00:00.001041000 [client] TRACE c#q.resolver_to_tx_wheel.sender[send.3.task.ack_processor]=1
0:00:00.001041000 [client] TRACE c#q.resolver_to_tx_wheel.enq[send.3]=1
0:00:00.001041000 [client] TRACE g#q.resolver_to_tx_wheel.depth[send.3]=1
0:00:00.001041000 [client] TRACE m#q.resolver_to_tx_wheel.depth_dist[send.3]=1
0:00:00.001041000 [client] TRACE m#task.ack_processor.drained[send.3]=2
0:00:00.001041000 [client] TRACE m#task.idle_wheel.drained[send.3]=1
0:00:00.001041000 [client] TRACE c#q.resolver_to_tx_wheel.receiver[send.3.task.wheel_drain]=1
0:00:00.001041000 [client] TRACE c#q.resolver_to_tx_wheel.drain[send.3]=1
0:00:00.001041000 [client] TRACE g#q.resolver_to_tx_wheel.depth[send.3]=0
0:00:00.001041000 [client] TRACE c#q.wheel_to_assembler.sender[send.7.task.tx_wheel]=1
0:00:00.001041000 [client] TRACE c#q.wheel_to_assembler.enq[send.7]=1
0:00:00.001041000 [client] TRACE g#q.wheel_to_assembler.depth[send.7]=1
0:00:00.001041000 [client] TRACE m#q.wheel_to_assembler.depth_dist[send.7]=1
0:00:00.001041000 [client] TRACE m#task.tx_wheel.drained[send.3]=1
0:00:00.001041000 [client] TRACE m#task.idle_wheel.drained[send.3]=0
0:00:00.001041000 [client] TRACE c#q.wheel_to_assembler.receiver[send.7.task.assembler.send.7]=1
0:00:00.001041000 [client] TRACE c#q.wheel_to_assembler.drain[send.7]=1
0:00:00.001041000 [client] TRACE g#q.wheel_to_assembler.depth[send.7]=0
0:00:00.001041000 [client] TRACE c#send.ack.drain=1
0:00:00.001041000 [client] TRACE g#send.ack.depth=0
0:00:00.001041000 [client] TRACE c#tx.frame[ack]=1
0:00:00.001041000 [client] TRACE c#tx.data=1
0:00:00.001041000 [client] TRACE c#q.dispatch.enq[recv.3]=1
0:00:00.001041000 [client] TRACE g#q.dispatch.depth[recv.3]=1
0:00:00.001041000 [client] TRACE m#q.dispatch.depth_dist[recv.3]=1
0:00:00.001041000 [client] TRACE c#socket.tx.ops=1
0:00:00.001041000 [client] TRACE c#socket.tx.bytes=54
0:00:00.001041000 [client] TRACE m#task.assembler.drained[send.7]=1
0:00:00.001041000 [client] TRACE m#task.tx_wheel.drained[send.3]=0
0:00:00.001041000 [client] TRACE c#q.dispatch.receiver[recv.3.task.ack_completion]=1
0:00:00.001041000 [client] TRACE c#q.dispatch.drain[recv.3]=1
0:00:00.001041000 [client] TRACE g#q.dispatch.depth[recv.3]=0
0:00:00.001041000 [client] DEBUG event=on_flush_complete prev=Flushed next=Idle location=dc/s2n-quic-dc/src/endpoint/recv.rs
0:00:00.001041000 [client] TRACE m#task.ack_completion.drained[recv.3]=1
