---
source: dc/s2n-quic-dc/src/testing.rs
expression: logs
---
0:00:00.000000000 [main] TRACE c#send.pending.enq=1
0:00:00.000000000 [main] TRACE g#send.pending.depth=1
0:00:00.000000000 [main] TRACE m#send.pending.depth_dist=1
0:00:00.000000000 [main] TRACE c#send.pending.enq=1
0:00:00.000000000 [main] TRACE g#send.pending.depth=2
0:00:00.000000000 [main] TRACE m#send.pending.depth_dist=2
