---
source: dc/s2n-quic-dc/src/testing.rs
expression: logs
---
0:00:00.000000000 [server] DEBUG s2n_quic_dc: capacity=50000
0:00:00.000000000 [server] DEBUG setting up endpoint config.layout=WorkerLayout { frame_dispatch: 0, send: [1, 2, 3, 4], recv_io: [5, 6], recv_dispatch: [7, 8, 9, 10], waker_drain: [11], background: 12 } send_sockets=[10.0.0.1:4433, 10.0.0.1:49152, 10.0.0.1:49153, 10.0.0.1:49154, 10.0.0.1:49155, 10.0.0.1:49156, 10.0.0.1:49157, 10.0.0.1:49158] recv_sockets=[10.0.0.1:4433, 10.0.0.1:49152, 10.0.0.1:49153, 10.0.0.1:49154, 10.0.0.1:49155, 10.0.0.1:49156, 10.0.0.1:49157, 10.0.0.1:49158]
0:00:00.000000000 [client] DEBUG s2n_quic_dc: capacity=50000
0:00:00.000000000 [client] DEBUG setting up endpoint config.layout=WorkerLayout { frame_dispatch: 0, send: [1, 2, 3, 4], recv_io: [5, 6], recv_dispatch: [7, 8, 9, 10], waker_drain: [11], background: 12 } send_sockets=[10.0.0.2:49152, 10.0.0.2:49153, 10.0.0.2:49154, 10.0.0.2:49155, 10.0.0.2:49156, 10.0.0.2:49157, 10.0.0.2:49158, 10.0.0.2:49159] recv_sockets=[10.0.0.2:49152, 10.0.0.2:49153, 10.0.0.2:49154, 10.0.0.2:49155, 10.0.0.2:49156, 10.0.0.2:49157, 10.0.0.2:49158, 10.0.0.2:49159]
0:00:00.000000000 [server] TRACE m#task.priority_router.drained=0
0:00:00.000000000 [server] TRACE m#task.frame_dispatch.drained=0
0:00:00.000000000 [server] TRACE m#task.context_resolver.drained[send.worker.0]=0
0:00:00.000000000 [server] TRACE m#task.ack_processor.drained[send.worker.0]=0
0:00:00.000000000 [server] TRACE m#task.completion.drained[send.worker.0]=0
0:00:00.000000000 [server] TRACE m#task.cancelled.drained[send.worker.0]=0
0:00:00.000000000 [server] TRACE m#task.tx_wheel.drained[send.worker.0]=0
0:00:00.000000000 [server] TRACE m#task.pto_wheel.drained[send.worker.0]=0
0:00:00.000000000 [server] TRACE m#task.idle_wheel.drained[send.worker.0]=0
0:00:00.000000000 [server] TRACE m#task.assembler.drained[send.0]=0
0:00:00.000000000 [server] TRACE m#task.assembler.drained[send.4]=0
0:00:00.000000000 [server] TRACE m#task.invalidation.drained[send.worker.0]=0
0:00:00.000000000 [server] TRACE m#task.context_resolver.drained[send.worker.1]=0
0:00:00.000000000 [server] TRACE m#task.ack_processor.drained[send.worker.1]=0
0:00:00.000000000 [server] TRACE m#task.completion.drained[send.worker.1]=0
0:00:00.000000000 [server] TRACE m#task.cancelled.drained[send.worker.1]=0
0:00:00.000000000 [server] TRACE m#task.tx_wheel.drained[send.worker.1]=0
0:00:00.000000000 [server] TRACE m#task.pto_wheel.drained[send.worker.1]=0
0:00:00.000000000 [server] TRACE m#task.idle_wheel.drained[send.worker.1]=0
0:00:00.000000000 [server] TRACE m#task.assembler.drained[send.1]=0
0:00:00.000000000 [server] TRACE m#task.assembler.drained[send.5]=0
0:00:00.000000000 [server] TRACE m#task.invalidation.drained[send.worker.1]=0
0:00:00.000000000 [server] TRACE m#task.context_resolver.drained[send.worker.2]=0
0:00:00.000000000 [server] TRACE m#task.ack_processor.drained[send.worker.2]=0
0:00:00.000000000 [server] TRACE m#task.completion.drained[send.worker.2]=0
0:00:00.000000000 [server] TRACE m#task.cancelled.drained[send.worker.2]=0
0:00:00.000000000 [server] TRACE m#task.tx_wheel.drained[send.worker.2]=0
0:00:00.000000000 [server] TRACE m#task.pto_wheel.drained[send.worker.2]=0
0:00:00.000000000 [server] TRACE m#task.idle_wheel.drained[send.worker.2]=0
0:00:00.000000000 [server] TRACE m#task.assembler.drained[send.2]=0
0:00:00.000000000 [server] TRACE m#task.assembler.drained[send.6]=0
0:00:00.000000000 [server] TRACE m#task.invalidation.drained[send.worker.2]=0
0:00:00.000000000 [server] TRACE m#task.context_resolver.drained[send.worker.3]=0
0:00:00.000000000 [server] TRACE m#task.ack_processor.drained[send.worker.3]=0
0:00:00.000000000 [server] TRACE m#task.completion.drained[send.worker.3]=0
0:00:00.000000000 [server] TRACE m#task.cancelled.drained[send.worker.3]=0
0:00:00.000000000 [server] TRACE m#task.tx_wheel.drained[send.worker.3]=0
0:00:00.000000000 [server] TRACE m#task.pto_wheel.drained[send.worker.3]=0
0:00:00.000000000 [server] TRACE m#task.idle_wheel.drained[send.worker.3]=0
0:00:00.000000000 [server] TRACE m#task.assembler.drained[send.3]=0
0:00:00.000000000 [server] TRACE m#task.assembler.drained[send.7]=0
0:00:00.000000000 [server] TRACE m#task.invalidation.drained[send.worker.3]=0
0:00:00.000000000 [server] TRACE m#task.recycle_drain.drained=0
0:00:00.000000000 [server] TRACE m#task.socket_recv.drained[recv.0]=0
0:00:00.000000000 [server] TRACE m#task.socket_recv.drained[recv.2]=0
0:00:00.000000000 [server] TRACE m#task.socket_recv.drained[recv.4]=0
0:00:00.000000000 [server] TRACE m#task.socket_recv.drained[recv.6]=0
0:00:00.000000000 [server] TRACE m#task.recycle_drain.drained=0
0:00:00.000000000 [server] TRACE m#task.socket_recv.drained[recv.1]=0
0:00:00.000000000 [server] TRACE m#task.socket_recv.drained[recv.3]=0
0:00:00.000000000 [server] TRACE m#task.socket_recv.drained[recv.5]=0
0:00:00.000000000 [server] TRACE m#task.socket_recv.drained[recv.7]=0
0:00:00.000000000 [server] TRACE m#task.recv_idle_wheel.drained[recv.dispatch.0]=0
0:00:00.000000000 [server] TRACE m#task.packet_dispatch.drained[recv.dispatch.0]=0
0:00:00.000000000 [server] TRACE m#task.ack_burst.drained[recv.dispatch.0]=0
0:00:00.000000000 [server] TRACE m#task.ack_completion.drained[recv.dispatch.0]=0
0:00:00.000000000 [server] TRACE m#task.invalidation.drained[recv.dispatch.0]=0
0:00:00.000000000 [server] TRACE m#task.recv_idle_wheel.drained[recv.dispatch.1]=0
0:00:00.000000000 [server] TRACE m#task.packet_dispatch.drained[recv.dispatch.1]=0
0:00:00.000000000 [server] TRACE m#task.ack_burst.drained[recv.dispatch.1]=0
0:00:00.000000000 [server] TRACE m#task.ack_completion.drained[recv.dispatch.1]=0
0:00:00.000000000 [server] TRACE m#task.invalidation.drained[recv.dispatch.1]=0
0:00:00.000000000 [server] TRACE m#task.recv_idle_wheel.drained[recv.dispatch.2]=0
0:00:00.000000000 [server] TRACE m#task.packet_dispatch.drained[recv.dispatch.2]=0
0:00:00.000000000 [server] TRACE m#task.ack_burst.drained[recv.dispatch.2]=0
0:00:00.000000000 [server] TRACE m#task.ack_completion.drained[recv.dispatch.2]=0
0:00:00.000000000 [server] TRACE m#task.invalidation.drained[recv.dispatch.2]=0
0:00:00.000000000 [server] TRACE m#task.recv_idle_wheel.drained[recv.dispatch.3]=0
0:00:00.000000000 [server] TRACE m#task.packet_dispatch.drained[recv.dispatch.3]=0
0:00:00.000000000 [server] TRACE m#task.ack_burst.drained[recv.dispatch.3]=0
0:00:00.000000000 [server] TRACE m#task.ack_completion.drained[recv.dispatch.3]=0
0:00:00.000000000 [server] TRACE m#task.invalidation.drained[recv.dispatch.3]=0
0:00:00.000000000 [server] TRACE m#task.waker_drain.drained[waker.11]=0
0:00:00.000000000 [server] TRACE m#task.invalidation_validator.drained[background]=0
0:00:00.000000000 [server] TRACE m#task.peer_dead_broadcast.drained[background]=0
0:00:00.000000000 [server] TRACE m#task.ups_send.drained[background]=0
0:00:00.000000000 [server] TRACE m#task.freed_batch_router.drained[background]=0
0:00:00.000000000 [client] TRACE m#task.priority_router.drained=0
0:00:00.000000000 [client] TRACE m#task.frame_dispatch.drained=0
0:00:00.000000000 [client] TRACE m#task.context_resolver.drained[send.worker.0]=0
0:00:00.000000000 [client] TRACE m#task.ack_processor.drained[send.worker.0]=0
0:00:00.000000000 [client] TRACE m#task.completion.drained[send.worker.0]=0
0:00:00.000000000 [client] TRACE m#task.cancelled.drained[send.worker.0]=0
0:00:00.000000000 [client] TRACE m#task.tx_wheel.drained[send.worker.0]=0
0:00:00.000000000 [client] TRACE m#task.pto_wheel.drained[send.worker.0]=0
0:00:00.000000000 [client] TRACE m#task.idle_wheel.drained[send.worker.0]=0
0:00:00.000000000 [client] TRACE m#task.assembler.drained[send.0]=0
0:00:00.000000000 [client] TRACE m#task.assembler.drained[send.4]=0
0:00:00.000000000 [client] TRACE m#task.invalidation.drained[send.worker.0]=0
0:00:00.000000000 [client] TRACE m#task.context_resolver.drained[send.worker.1]=0
0:00:00.000000000 [client] TRACE m#task.ack_processor.drained[send.worker.1]=0
0:00:00.000000000 [client] TRACE m#task.completion.drained[send.worker.1]=0
0:00:00.000000000 [client] TRACE m#task.cancelled.drained[send.worker.1]=0
0:00:00.000000000 [client] TRACE m#task.tx_wheel.drained[send.worker.1]=0
0:00:00.000000000 [client] TRACE m#task.pto_wheel.drained[send.worker.1]=0
0:00:00.000000000 [client] TRACE m#task.idle_wheel.drained[send.worker.1]=0
0:00:00.000000000 [client] TRACE m#task.assembler.drained[send.1]=0
0:00:00.000000000 [client] TRACE m#task.assembler.drained[send.5]=0
0:00:00.000000000 [client] TRACE m#task.invalidation.drained[send.worker.1]=0
0:00:00.000000000 [client] TRACE m#task.context_resolver.drained[send.worker.2]=0
0:00:00.000000000 [client] TRACE m#task.ack_processor.drained[send.worker.2]=0
0:00:00.000000000 [client] TRACE m#task.completion.drained[send.worker.2]=0
0:00:00.000000000 [client] TRACE m#task.cancelled.drained[send.worker.2]=0
0:00:00.000000000 [client] TRACE m#task.tx_wheel.drained[send.worker.2]=0
0:00:00.000000000 [client] TRACE m#task.pto_wheel.drained[send.worker.2]=0
0:00:00.000000000 [client] TRACE m#task.idle_wheel.drained[send.worker.2]=0
0:00:00.000000000 [client] TRACE m#task.assembler.drained[send.2]=0
0:00:00.000000000 [client] TRACE m#task.assembler.drained[send.6]=0
0:00:00.000000000 [client] TRACE m#task.invalidation.drained[send.worker.2]=0
0:00:00.000000000 [client] TRACE m#task.context_resolver.drained[send.worker.3]=0
0:00:00.000000000 [client] TRACE m#task.ack_processor.drained[send.worker.3]=0
0:00:00.000000000 [client] TRACE m#task.completion.drained[send.worker.3]=0
0:00:00.000000000 [client] TRACE m#task.cancelled.drained[send.worker.3]=0
0:00:00.000000000 [client] TRACE m#task.tx_wheel.drained[send.worker.3]=0
0:00:00.000000000 [client] TRACE m#task.pto_wheel.drained[send.worker.3]=0
0:00:00.000000000 [client] TRACE m#task.idle_wheel.drained[send.worker.3]=0
0:00:00.000000000 [client] TRACE m#task.assembler.drained[send.3]=0
0:00:00.000000000 [client] TRACE m#task.assembler.drained[send.7]=0
0:00:00.000000000 [client] TRACE m#task.invalidation.drained[send.worker.3]=0
0:00:00.000000000 [client] TRACE m#task.recycle_drain.drained=0
0:00:00.000000000 [client] TRACE m#task.socket_recv.drained[recv.0]=0
0:00:00.000000000 [client] TRACE m#task.socket_recv.drained[recv.2]=0
0:00:00.000000000 [client] TRACE m#task.socket_recv.drained[recv.4]=0
0:00:00.000000000 [client] TRACE m#task.socket_recv.drained[recv.6]=0
0:00:00.000000000 [client] TRACE m#task.recycle_drain.drained=0
0:00:00.000000000 [client] TRACE m#task.socket_recv.drained[recv.1]=0
0:00:00.000000000 [client] TRACE m#task.socket_recv.drained[recv.3]=0
0:00:00.000000000 [client] TRACE m#task.socket_recv.drained[recv.5]=0
0:00:00.000000000 [client] TRACE m#task.socket_recv.drained[recv.7]=0
0:00:00.000000000 [client] TRACE m#task.recv_idle_wheel.drained[recv.dispatch.0]=0
0:00:00.000000000 [client] TRACE m#task.packet_dispatch.drained[recv.dispatch.0]=0
0:00:00.000000000 [client] TRACE m#task.ack_burst.drained[recv.dispatch.0]=0
0:00:00.000000000 [client] TRACE m#task.ack_completion.drained[recv.dispatch.0]=0
0:00:00.000000000 [client] TRACE m#task.invalidation.drained[recv.dispatch.0]=0
0:00:00.000000000 [client] TRACE m#task.recv_idle_wheel.drained[recv.dispatch.1]=0
0:00:00.000000000 [client] TRACE m#task.packet_dispatch.drained[recv.dispatch.1]=0
0:00:00.000000000 [client] TRACE m#task.ack_burst.drained[recv.dispatch.1]=0
0:00:00.000000000 [client] TRACE m#task.ack_completion.drained[recv.dispatch.1]=0
0:00:00.000000000 [client] TRACE m#task.invalidation.drained[recv.dispatch.1]=0
0:00:00.000000000 [client] TRACE m#task.recv_idle_wheel.drained[recv.dispatch.2]=0
0:00:00.000000000 [client] TRACE m#task.packet_dispatch.drained[recv.dispatch.2]=0
0:00:00.000000000 [client] TRACE m#task.ack_burst.drained[recv.dispatch.2]=0
0:00:00.000000000 [client] TRACE m#task.ack_completion.drained[recv.dispatch.2]=0
0:00:00.000000000 [client] TRACE m#task.invalidation.drained[recv.dispatch.2]=0
0:00:00.000000000 [client] TRACE m#task.recv_idle_wheel.drained[recv.dispatch.3]=0
0:00:00.000000000 [client] TRACE m#task.packet_dispatch.drained[recv.dispatch.3]=0
0:00:00.000000000 [client] TRACE m#task.ack_burst.drained[recv.dispatch.3]=0
0:00:00.000000000 [client] TRACE m#task.ack_completion.drained[recv.dispatch.3]=0
0:00:00.000000000 [client] TRACE m#task.invalidation.drained[recv.dispatch.3]=0
0:00:00.000000000 [client] TRACE m#task.waker_drain.drained[waker.11]=0
0:00:00.000000000 [client] TRACE m#task.invalidation_validator.drained[background]=0
0:00:00.000000000 [client] TRACE m#task.peer_dead_broadcast.drained[background]=0
0:00:00.000000000 [client] TRACE m#task.ups_send.drained[background]=0
0:00:00.000000000 [client] TRACE m#task.freed_batch_router.drained[background]=0
0:00:00.000000000 [client] DEBUG s2n_quic_dc: acquire=1µs duration=1µs
0:00:00.000000000 [client] DEBUG s2n_quic_dc: peer_address=10.0.0.1:4433 credential_id=[125, 162, 176, 33, 188, 81, 236, 106, 53, 74, 204, 19, 207, 132, 62, 199]
0:00:00.000000000 [client] DEBUG s2n_quic_dc: acquire=1µs duration=1µs
0:00:00.000000000 [client] DEBUG s2n_quic_dc: peer_address=10.0.0.1:4433 credential_id=[125, 162, 176, 33, 188, 81, 236, 106, 53, 74, 204, 19, 207, 132, 62, 199]
0:00:00.000000000 [client] DEBUG s2n_quic_dc: acquire=1µs duration=1µs
0:00:00.000000000 [client] DEBUG s2n_quic_dc: peer_address=10.0.0.2:49152 credential_id=[253, 162, 176, 33, 188, 81, 236, 106, 53, 74, 204, 19, 207, 132, 62, 199]
0:00:00.000000000 [client] DEBUG s2n_quic_dc: acquire=1µs duration=1µs
0:00:00.000000000 [client] DEBUG s2n_quic_dc: peer_address=10.0.0.2:49152 credential_id=[253, 162, 176, 33, 188, 81, 236, 106, 53, 74, 204, 19, 207, 132, 62, 199]
0:00:00.000000000 [client] DEBUG setting peer data addresses peer=10.0.0.1:4433 addrs=[SocketAddressV6([::ffff:10.0.0.1]:4433), SocketAddressV6([::ffff:10.0.0.1]:49152), SocketAddressV6([::ffff:10.0.0.1]:49153), SocketAddressV6([::ffff:10.0.0.1]:49154), SocketAddressV6([::ffff:10.0.0.1]:49155), SocketAddressV6([::ffff:10.0.0.1]:49156), SocketAddressV6([::ffff:10.0.0.1]:49157), SocketAddressV6([::ffff:10.0.0.1]:49158)]
0:00:00.000000000 [client] DEBUG setting peer data addresses peer=10.0.0.2:49152 addrs=[SocketAddressV6([::ffff:10.0.0.2]:49152), SocketAddressV6([::ffff:10.0.0.2]:49153), SocketAddressV6([::ffff:10.0.0.2]:49154), SocketAddressV6([::ffff:10.0.0.2]:49155), SocketAddressV6([::ffff:10.0.0.2]:49156), SocketAddressV6([::ffff:10.0.0.2]:49157), SocketAddressV6([::ffff:10.0.0.2]:49158), SocketAddressV6([::ffff:10.0.0.2]:49159)]
0:00:00.000000000 [client] TRACE m#tx.msg.segment_size=16384
0:00:00.000000000 [client] TRACE m#tx.msg.chunks_per_segment=13
0:00:00.000000000 [client] DEBUG event=on_init_sent prev=Init next=InitSent location=dc/s2n-quic-dc/src/stream/writer.rs
0:00:00.000000000 [client]  INFO queue_msg_single_chunk passed
0:00:00.000000000 [client] DEBUG Writer dropping binding_id=1 status=InitSent next_offset=16384 inflight_bytes=16384 remote_max_data=0
0:00:00.000000000 [client] DEBUG Sent FIN binding_id=1
0:00:00.000000000 [client] DEBUG event=on_send_fin prev=InitSent next=FinSent location=dc/s2n-quic-dc/src/stream/writer.rs
0:00:00.000000000 [client] DEBUG event=on_shutdown prev=FinSent next=Shutdown location=dc/s2n-quic-dc/src/stream/writer.rs
0:00:00.000000000 [client] DEBUG Reader dropping binding_id=1 status=Open final_size=None consumed_len=0 total_received_len=0 is_writing_complete=false is_reading_complete=false
0:00:00.000000000 [client] DEBUG Sent QueueReset binding_id=1 error_code=4 reset_target=Control
0:00:00.000000000 [client] DEBUG Reader dropped before FIN received - sent STOP_SENDING binding_id=1
0:00:00.000000000 [server] TRACE m#task.priority_router.drained=0
0:00:00.000000000 [server] TRACE m#task.frame_dispatch.drained=0
0:00:00.000000000 [server] TRACE m#task.context_resolver.drained[send.worker.0]=0
0:00:00.000000000 [server] TRACE m#task.ack_processor.drained[send.worker.0]=0
0:00:00.000000000 [server] TRACE m#task.completion.drained[send.worker.0]=0
0:00:00.000000000 [server] TRACE m#task.cancelled.drained[send.worker.0]=0
0:00:00.000000000 [server] TRACE m#task.tx_wheel.drained[send.worker.0]=0
0:00:00.000000000 [server] TRACE m#task.pto_wheel.drained[send.worker.0]=0
0:00:00.000000000 [server] TRACE m#task.idle_wheel.drained[send.worker.0]=0
0:00:00.000000000 [server] TRACE m#task.assembler.drained[send.0]=0
0:00:00.000000000 [server] TRACE m#task.assembler.drained[send.4]=0
0:00:00.000000000 [server] TRACE m#task.invalidation.drained[send.worker.0]=0
0:00:00.000000000 [server] TRACE m#task.context_resolver.drained[send.worker.1]=0
0:00:00.000000000 [server] TRACE m#task.ack_processor.drained[send.worker.1]=0
0:00:00.000000000 [server] TRACE m#task.completion.drained[send.worker.1]=0
0:00:00.000000000 [server] TRACE m#task.cancelled.drained[send.worker.1]=0
0:00:00.000000000 [server] TRACE m#task.tx_wheel.drained[send.worker.1]=0
0:00:00.000000000 [server] TRACE m#task.pto_wheel.drained[send.worker.1]=0
0:00:00.000000000 [server] TRACE m#task.idle_wheel.drained[send.worker.1]=0
0:00:00.000000000 [server] TRACE m#task.assembler.drained[send.1]=0
0:00:00.000000000 [server] TRACE m#task.assembler.drained[send.5]=0
0:00:00.000000000 [server] TRACE m#task.invalidation.drained[send.worker.1]=0
0:00:00.000000000 [server] TRACE m#task.context_resolver.drained[send.worker.2]=0
0:00:00.000000000 [server] TRACE m#task.ack_processor.drained[send.worker.2]=0
0:00:00.000000000 [server] TRACE m#task.completion.drained[send.worker.2]=0
0:00:00.000000000 [server] TRACE m#task.cancelled.drained[send.worker.2]=0
0:00:00.000000000 [server] TRACE m#task.tx_wheel.drained[send.worker.2]=0
0:00:00.000000000 [server] TRACE m#task.pto_wheel.drained[send.worker.2]=0
0:00:00.000000000 [server] TRACE m#task.idle_wheel.drained[send.worker.2]=0
0:00:00.000000000 [server] TRACE m#task.assembler.drained[send.2]=0
0:00:00.000000000 [server] TRACE m#task.assembler.drained[send.6]=0
0:00:00.000000000 [server] TRACE m#task.invalidation.drained[send.worker.2]=0
0:00:00.000000000 [server] TRACE m#task.context_resolver.drained[send.worker.3]=0
0:00:00.000000000 [server] TRACE m#task.ack_processor.drained[send.worker.3]=0
0:00:00.000000000 [server] TRACE m#task.completion.drained[send.worker.3]=0
0:00:00.000000000 [server] TRACE m#task.cancelled.drained[send.worker.3]=0
0:00:00.000000000 [server] TRACE m#task.tx_wheel.drained[send.worker.3]=0
0:00:00.000000000 [server] TRACE m#task.pto_wheel.drained[send.worker.3]=0
0:00:00.000000000 [server] TRACE m#task.idle_wheel.drained[send.worker.3]=0
0:00:00.000000000 [server] TRACE m#task.assembler.drained[send.3]=0
0:00:00.000000000 [server] TRACE m#task.assembler.drained[send.7]=0
0:00:00.000000000 [server] TRACE m#task.invalidation.drained[send.worker.3]=0
0:00:00.000000000 [server] TRACE m#task.recycle_drain.drained=0
0:00:00.000000000 [server] TRACE m#task.socket_recv.drained[recv.0]=0
0:00:00.000000000 [server] TRACE m#task.socket_recv.drained[recv.2]=0
0:00:00.000000000 [server] TRACE m#task.socket_recv.drained[recv.4]=0
0:00:00.000000000 [server] TRACE m#task.socket_recv.drained[recv.6]=0
0:00:00.000000000 [server] TRACE m#task.recycle_drain.drained=0
0:00:00.000000000 [server] TRACE m#task.socket_recv.drained[recv.1]=0
0:00:00.000000000 [server] TRACE m#task.socket_recv.drained[recv.3]=0
0:00:00.000000000 [server] TRACE m#task.socket_recv.drained[recv.5]=0
0:00:00.000000000 [server] TRACE m#task.socket_recv.drained[recv.7]=0
0:00:00.000000000 [server] TRACE m#task.recv_idle_wheel.drained[recv.dispatch.0]=0
0:00:00.000000000 [server] TRACE m#task.packet_dispatch.drained[recv.dispatch.0]=0
0:00:00.000000000 [server] TRACE m#task.ack_burst.drained[recv.dispatch.0]=0
0:00:00.000000000 [server] TRACE m#task.ack_completion.drained[recv.dispatch.0]=0
0:00:00.000000000 [server] TRACE m#task.invalidation.drained[recv.dispatch.0]=0
0:00:00.000000000 [server] TRACE m#task.recv_idle_wheel.drained[recv.dispatch.1]=0
0:00:00.000000000 [server] TRACE m#task.packet_dispatch.drained[recv.dispatch.1]=0
0:00:00.000000000 [server] TRACE m#task.ack_burst.drained[recv.dispatch.1]=0
0:00:00.000000000 [server] TRACE m#task.ack_completion.drained[recv.dispatch.1]=0
0:00:00.000000000 [server] TRACE m#task.invalidation.drained[recv.dispatch.1]=0
0:00:00.000000000 [server] TRACE m#task.recv_idle_wheel.drained[recv.dispatch.2]=0
0:00:00.000000000 [server] TRACE m#task.packet_dispatch.drained[recv.dispatch.2]=0
0:00:00.000000000 [server] TRACE m#task.ack_burst.drained[recv.dispatch.2]=0
0:00:00.000000000 [server] TRACE m#task.ack_completion.drained[recv.dispatch.2]=0
0:00:00.000000000 [server] TRACE m#task.invalidation.drained[recv.dispatch.2]=0
0:00:00.000000000 [server] TRACE m#task.recv_idle_wheel.drained[recv.dispatch.3]=0
0:00:00.000000000 [server] TRACE m#task.packet_dispatch.drained[recv.dispatch.3]=0
0:00:00.000000000 [server] TRACE m#task.ack_burst.drained[recv.dispatch.3]=0
0:00:00.000000000 [server] TRACE m#task.ack_completion.drained[recv.dispatch.3]=0
0:00:00.000000000 [server] TRACE m#task.invalidation.drained[recv.dispatch.3]=0
0:00:00.000000000 [server] TRACE m#task.waker_drain.drained[waker.11]=0
0:00:00.000000000 [server] TRACE m#task.invalidation_validator.drained[background]=0
0:00:00.000000000 [server] TRACE m#task.peer_dead_broadcast.drained[background]=0
0:00:00.000000000 [server] TRACE m#task.ups_send.drained[background]=0
0:00:00.000000000 [server] TRACE m#task.freed_batch_router.drained[background]=0
0:00:00.000000000 [client] TRACE c#q.router_to_batcher.enq[p0]=1
0:00:00.000000000 [client] TRACE g#q.router_to_batcher.depth[p0]=1
0:00:00.000000000 [client] TRACE m#q.router_to_batcher.depth_dist[p0]=1
0:00:00.000000000 [client] TRACE c#q.router_to_batcher.enq[p3]=13
0:00:00.000000000 [client] TRACE g#q.router_to_batcher.depth[p3]=13
0:00:00.000000000 [client] TRACE m#q.router_to_batcher.depth_dist[p3]=13
0:00:00.000000000 [client] TRACE c#q.router_to_batcher.enq[p3]=1
0:00:00.000000000 [client] TRACE g#q.router_to_batcher.depth[p3]=14
0:00:00.000000000 [client] TRACE m#q.router_to_batcher.depth_dist[p3]=14
0:00:00.000000000 [client] TRACE m#task.priority_router.drained=3
0:00:00.000000000 [client] TRACE c#q.router_to_batcher.receiver[p0.task.frame_dispatch]=1
0:00:00.000000000 [client] TRACE c#q.router_to_batcher.drain[p0]=1
0:00:00.000000000 [client] TRACE g#q.router_to_batcher.depth[p0]=0
0:00:00.000000000 [client] TRACE c#q.router_to_batcher.receiver[p3.task.frame_dispatch]=1
0:00:00.000000000 [client] TRACE c#q.router_to_batcher.drain[p3]=1
0:00:00.000000000 [client] TRACE g#q.router_to_batcher.depth[p3]=13
0:00:00.000000000 [client] TRACE c#q.router_to_batcher.receiver[p3.task.frame_dispatch]=1
0:00:00.000000000 [client] TRACE c#q.router_to_batcher.drain[p3]=1
0:00:00.000000000 [client] TRACE g#q.router_to_batcher.depth[p3]=12
0:00:00.000000000 [client] TRACE c#q.router_to_batcher.receiver[p3.task.frame_dispatch]=1
0:00:00.000000000 [client] TRACE c#q.router_to_batcher.drain[p3]=1
0:00:00.000000000 [client] TRACE g#q.router_to_batcher.depth[p3]=11
0:00:00.000000000 [client] TRACE c#q.router_to_batcher.receiver[p3.task.frame_dispatch]=1
0:00:00.000000000 [client] TRACE c#q.router_to_batcher.drain[p3]=1
0:00:00.000000000 [client] TRACE g#q.router_to_batcher.depth[p3]=10
0:00:00.000000000 [client] TRACE c#q.router_to_batcher.receiver[p3.task.frame_dispatch]=1
0:00:00.000000000 [client] TRACE c#q.router_to_batcher.drain[p3]=1
0:00:00.000000000 [client] TRACE g#q.router_to_batcher.depth[p3]=9
0:00:00.000000000 [client] TRACE c#q.router_to_batcher.receiver[p3.task.frame_dispatch]=1
0:00:00.000000000 [client] TRACE c#q.router_to_batcher.drain[p3]=1
0:00:00.000000000 [client] TRACE g#q.router_to_batcher.depth[p3]=8
0:00:00.000000000 [client] TRACE c#q.router_to_batcher.receiver[p3.task.frame_dispatch]=1
0:00:00.000000000 [client] TRACE c#q.router_to_batcher.drain[p3]=1
0:00:00.000000000 [client] TRACE g#q.router_to_batcher.depth[p3]=7
0:00:00.000000000 [client] TRACE c#q.router_to_batcher.receiver[p3.task.frame_dispatch]=1
0:00:00.000000000 [client] TRACE c#q.router_to_batcher.drain[p3]=1
0:00:00.000000000 [client] TRACE g#q.router_to_batcher.depth[p3]=6
0:00:00.000000000 [client] TRACE c#q.router_to_batcher.receiver[p3.task.frame_dispatch]=1
0:00:00.000000000 [client] TRACE c#q.router_to_batcher.drain[p3]=1
0:00:00.000000000 [client] TRACE g#q.router_to_batcher.depth[p3]=5
0:00:00.000000000 [client] TRACE c#q.router_to_batcher.receiver[p3.task.frame_dispatch]=1
0:00:00.000000000 [client] TRACE c#q.router_to_batcher.drain[p3]=1
0:00:00.000000000 [client] TRACE g#q.router_to_batcher.depth[p3]=4
0:00:00.000000000 [client] TRACE c#q.router_to_batcher.receiver[p3.task.frame_dispatch]=1
0:00:00.000000000 [client] TRACE c#q.router_to_batcher.drain[p3]=1
0:00:00.000000000 [client] TRACE g#q.router_to_batcher.depth[p3]=3
0:00:00.000000000 [client] TRACE c#q.router_to_batcher.receiver[p3.task.frame_dispatch]=1
0:00:00.000000000 [client] TRACE c#q.router_to_batcher.drain[p3]=1
0:00:00.000000000 [client] TRACE g#q.router_to_batcher.depth[p3]=2
0:00:00.000000000 [client] TRACE c#q.router_to_batcher.receiver[p3.task.frame_dispatch]=1
0:00:00.000000000 [client] TRACE c#q.router_to_batcher.drain[p3]=1
0:00:00.000000000 [client] TRACE g#q.router_to_batcher.depth[p3]=1
0:00:00.000000000 [client] TRACE c#q.router_to_batcher.receiver[p3.task.frame_dispatch]=1
0:00:00.000000000 [client] TRACE c#q.router_to_batcher.drain[p3]=1
0:00:00.000000000 [client] TRACE g#q.router_to_batcher.depth[p3]=0
0:00:00.000000000 [client] TRACE m#task.frame_dispatch.drained=17
0:00:00.000000000 [client] TRACE m#task.context_resolver.drained[send.worker.0]=0
0:00:00.000000000 [client] TRACE m#task.ack_processor.drained[send.worker.0]=0
0:00:00.000000000 [client] TRACE m#task.completion.drained[send.worker.0]=0
0:00:00.000000000 [client] TRACE m#task.cancelled.drained[send.worker.0]=0
0:00:00.000000000 [client] TRACE m#task.tx_wheel.drained[send.worker.0]=0
0:00:00.000000000 [client] TRACE m#task.pto_wheel.drained[send.worker.0]=0
0:00:00.000000000 [client] TRACE m#task.idle_wheel.drained[send.worker.0]=0
0:00:00.000000000 [client] TRACE m#task.assembler.drained[send.0]=0
0:00:00.000000000 [client] TRACE m#task.assembler.drained[send.4]=0
0:00:00.000000000 [client] TRACE m#task.invalidation.drained[send.worker.0]=0
0:00:00.000000000 [client] TRACE m#task.context_resolver.drained[send.worker.1]=0
0:00:00.000000000 [client] TRACE m#task.ack_processor.drained[send.worker.1]=0
0:00:00.000000000 [client] TRACE m#task.completion.drained[send.worker.1]=0
0:00:00.000000000 [client] TRACE m#task.cancelled.drained[send.worker.1]=0
0:00:00.000000000 [client] TRACE m#task.tx_wheel.drained[send.worker.1]=0
0:00:00.000000000 [client] TRACE m#task.pto_wheel.drained[send.worker.1]=0
0:00:00.000000000 [client] TRACE m#task.idle_wheel.drained[send.worker.1]=0
0:00:00.000000000 [client] TRACE m#task.assembler.drained[send.1]=0
0:00:00.000000000 [client] TRACE m#task.assembler.drained[send.5]=0
0:00:00.000000000 [client] TRACE m#task.invalidation.drained[send.worker.1]=0
0:00:00.000000000 [client] TRACE m#task.context_resolver.drained[send.worker.2]=0
0:00:00.000000000 [client] TRACE m#task.ack_processor.drained[send.worker.2]=0
0:00:00.000000000 [client] TRACE m#task.completion.drained[send.worker.2]=0
0:00:00.000000000 [client] TRACE m#task.cancelled.drained[send.worker.2]=0
0:00:00.000000000 [client] TRACE m#task.tx_wheel.drained[send.worker.2]=0
0:00:00.000000000 [client] TRACE m#task.pto_wheel.drained[send.worker.2]=0
0:00:00.000000000 [client] TRACE m#task.idle_wheel.drained[send.worker.2]=0
0:00:00.000000000 [client] TRACE m#task.assembler.drained[send.2]=0
0:00:00.000000000 [client] TRACE m#task.assembler.drained[send.6]=0
0:00:00.000000000 [client] TRACE m#task.invalidation.drained[send.worker.2]=0
0:00:00.000000000 [client] TRACE m#task.context_resolver.drained[send.worker.3]=0
0:00:00.000000000 [client] TRACE m#task.ack_processor.drained[send.worker.3]=0
0:00:00.000000000 [client] TRACE m#task.completion.drained[send.worker.3]=0
0:00:00.000000000 [client] TRACE m#task.cancelled.drained[send.worker.3]=0
0:00:00.000000000 [client] TRACE m#task.tx_wheel.drained[send.worker.3]=0
0:00:00.000000000 [client] TRACE m#task.pto_wheel.drained[send.worker.3]=0
0:00:00.000000000 [client] TRACE m#task.idle_wheel.drained[send.worker.3]=0
0:00:00.000000000 [client] TRACE m#task.assembler.drained[send.3]=0
0:00:00.000000000 [client] TRACE m#task.assembler.drained[send.7]=0
0:00:00.000000000 [client] TRACE m#task.invalidation.drained[send.worker.3]=0
0:00:00.000000000 [client] TRACE m#task.recycle_drain.drained=0
0:00:00.000000000 [client] TRACE m#task.socket_recv.drained[recv.0]=0
0:00:00.000000000 [client] TRACE m#task.socket_recv.drained[recv.2]=0
0:00:00.000000000 [client] TRACE m#task.socket_recv.drained[recv.4]=0
0:00:00.000000000 [client] TRACE m#task.socket_recv.drained[recv.6]=0
0:00:00.000000000 [client] TRACE m#task.recycle_drain.drained=0
0:00:00.000000000 [client] TRACE m#task.socket_recv.drained[recv.1]=0
0:00:00.000000000 [client] TRACE m#task.socket_recv.drained[recv.3]=0
0:00:00.000000000 [client] TRACE m#task.socket_recv.drained[recv.5]=0
0:00:00.000000000 [client] TRACE m#task.socket_recv.drained[recv.7]=0
0:00:00.000000000 [client] TRACE m#task.recv_idle_wheel.drained[recv.dispatch.0]=0
0:00:00.000000000 [client] TRACE m#task.packet_dispatch.drained[recv.dispatch.0]=0
0:00:00.000000000 [client] TRACE m#task.ack_burst.drained[recv.dispatch.0]=0
0:00:00.000000000 [client] TRACE m#task.ack_completion.drained[recv.dispatch.0]=0
0:00:00.000000000 [client] TRACE m#task.invalidation.drained[recv.dispatch.0]=0
0:00:00.000000000 [client] TRACE m#task.recv_idle_wheel.drained[recv.dispatch.1]=0
0:00:00.000000000 [client] TRACE m#task.packet_dispatch.drained[recv.dispatch.1]=0
0:00:00.000000000 [client] TRACE m#task.ack_burst.drained[recv.dispatch.1]=0
0:00:00.000000000 [client] TRACE m#task.ack_completion.drained[recv.dispatch.1]=0
0:00:00.000000000 [client] TRACE m#task.invalidation.drained[recv.dispatch.1]=0
0:00:00.000000000 [client] TRACE m#task.recv_idle_wheel.drained[recv.dispatch.2]=0
0:00:00.000000000 [client] TRACE m#task.packet_dispatch.drained[recv.dispatch.2]=0
0:00:00.000000000 [client] TRACE m#task.ack_burst.drained[recv.dispatch.2]=0
0:00:00.000000000 [client] TRACE m#task.ack_completion.drained[recv.dispatch.2]=0
0:00:00.000000000 [client] TRACE m#task.invalidation.drained[recv.dispatch.2]=0
0:00:00.000000000 [client] TRACE m#task.recv_idle_wheel.drained[recv.dispatch.3]=0
0:00:00.000000000 [client] TRACE m#task.packet_dispatch.drained[recv.dispatch.3]=0
0:00:00.000000000 [client] TRACE m#task.ack_burst.drained[recv.dispatch.3]=0
0:00:00.000000000 [client] TRACE m#task.ack_completion.drained[recv.dispatch.3]=0
0:00:00.000000000 [client] TRACE m#task.invalidation.drained[recv.dispatch.3]=0
0:00:00.000000000 [client] TRACE m#task.waker_drain.drained[waker.11]=0
0:00:00.000000000 [client] TRACE m#task.invalidation_validator.drained[background]=0
0:00:00.000000000 [client] TRACE m#task.peer_dead_broadcast.drained[background]=0
0:00:00.000000000 [client] TRACE m#task.ups_send.drained[background]=0
0:00:00.000000000 [client] TRACE m#task.freed_batch_router.drained[background]=0
0:00:00.000000000 [client] TRACE m#task.priority_router.drained=0
0:00:00.000000000 [client] TRACE m#task.frame_dispatch.drained=0
