---
source: dc/s2n-quic-dc/src/testing.rs
expression: logs
---
0:00:00.000000000 [main] DEBUG setting peer data addresses peer=127.0.0.1:4433 addrs=[SocketAddressV6([::ffff:127.0.0.1]:4433)]
0:00:00.000000000 [main] DEBUG deriving sealer for credentials credentials=0xb825b05b860f8a17c74724ad21b1b2f3:0 peer_addr=127.0.0.1:4433 sender_idx=0
0:00:00.000000000 [main] TRACE c#test.inflight.enq=1
0:00:00.000000000 [main] TRACE g#test.inflight.depth=1
0:00:00.000000000 [main] TRACE m#test.inflight.depth_dist=1
0:00:00.000000000 [main] DEBUG event=request prev=Idle next=ProbeTwice location=dc/s2n-quic-dc/src/endpoint/tasks/tests/stale_tx_wheel.rs
0:00:00.000000000 [main] TRACE c#test.inflight.drain=1
0:00:00.000000000 [main] TRACE g#test.inflight.depth=0
0:00:00.000000000 [main] TRACE c#tx.acked.frame.queue_data[send.0]=1
0:00:00.000000000 [main] TRACE m#tx.ack_packets[send.0]=1
0:00:00.000000000 [main] TRACE c#send.inflight.drain.ack[send.0]=1
0:00:00.000000000 [main] DEBUG event=on_all_acked prev=ProbeTwice next=Idle location=dc/s2n-quic-dc/src/endpoint/send.rs
0:00:00.000000000 [main] TRACE m#send.cwnd[send.0]=14920
0:00:00.000000000 [main] TRACE m#send.pacing_rate[send.0]=42666666666
0:00:00.000000000 [main] TRACE c#send.app_limited[send.0]=1
