---
source: dc/s2n-quic-dc/src/testing.rs
expression: logs
---
0:00:00.000000000 DEBUG grow epoch=8
0:00:00.000000000 DEBUG event=on_send_fin prev=Open next=FinSent location=dc/s2n-quic-dc/src/stream/writer.rs:956:29
0:00:00.000000000 DEBUG Writer dropping stream_id=42 status=FinSent next_offset=2 inflight_bytes=2 remote_max_data=14720
0:00:00.000000000 DEBUG event=on_shutdown prev=FinSent next=Shutdown location=dc/s2n-quic-dc/src/stream/writer.rs:514:25
