---
source: dc/s2n-quic-dc/src/testing.rs
assertion_line: 352
expression: logs
---
0:00:00.000000000 [main] DEBUG distributor created
0:00:00.000000000 [main] TRACE c#credit.distributor.passes=1
0:00:00.000000000 [main] TRACE c#credit.acquire.fast_path=1
0:00:00.000000000 [main] TRACE c#credit.acquire.bytes=3
0:00:00.000000000 [main] TRACE c#credit.acquire.parked[Medium]=1
0:00:00.000000000 [main] TRACE c#credit.acquire.bytes=3
0:00:00.000000000 [main] TRACE c#credit.distributor.passes=1
0:00:00.100000000 [main] TRACE c#credit.release.bytes=3
0:00:00.100000000 [main] TRACE c#credit.release.calls=1
0:00:00.100000000 [main] TRACE c#credit.distributor.passes=1
0:00:00.100000000 [main] TRACE c#credit.distributor.granted=1
0:00:00.100000000 [main] TRACE c#credit.distributor.passes=1
0:00:00.100000000 [main] DEBUG Writer dropping binding_id=1 status=Open next_offset=6 inflight_bytes=6 remote_max_data=1048576
0:00:00.100000000 [main] DEBUG Sent FIN binding_id=1
0:00:00.100000000 [main] DEBUG event=on_send_fin prev=Open next=FinSent location=dc/s2n-quic-dc/src/stream/writer.rs
0:00:00.100000000 [main] DEBUG event=on_shutdown prev=FinSent next=Shutdown location=dc/s2n-quic-dc/src/stream/writer.rs
0:00:00.100000000 [main] DEBUG distributor dropping; closing pool
