---
source: dc/s2n-quic-dc/src/testing.rs
assertion_line: 352
expression: logs
---
0:00:00.000000000 [main] TRACE c#credit.acquire.fast_path=1
0:00:00.000000000 [main] TRACE c#credit.acquire.bytes=5
0:00:00.000000000 [main] DEBUG event=on_init_sent prev=Init next=InitSent location=dc/s2n-quic-dc/src/stream/writer.rs
0:00:00.000000000 [main] DEBUG Sent QueueInit with early data binding_id=1 bytes_read=5 is_fin=false
0:00:00.000000000 [main] TRACE m#test.sojourn[peer_dead]=0
0:00:00.000000000 [main] DEBUG Transmission failed binding_id=1 reason=PeerDead
0:00:00.000000000 [main] DEBUG event=on_shutdown prev=InitSent next=Shutdown location=dc/s2n-quic-dc/src/stream/writer.rs
0:00:00.000000000 [main] DEBUG Writer dropping binding_id=1 status=Shutdown next_offset=5 inflight_bytes=0 remote_max_data=0
