---
source: quic/s2n-quic-core/src/event/snapshot.rs
input_file: dc/s2n-quic-dc/src/path/secret/map/event_tests.rs
---
EndpointMeta PathSecretMapInitialized { capacity: 10 }
EndpointMeta PathSecretMapInitialized { capacity: 10 }
EndpointMeta PathSecretMapEntryInserted { peer_address: 127.0.0.1:5678, credential_id: "[HIDDEN]" }
EndpointMeta PathSecretMapEntryReady { peer_address: 127.0.0.1:5678, credential_id: "[HIDDEN]" }
EndpointMeta PathSecretMapEntryInserted { peer_address: 127.0.0.1:1234, credential_id: "[HIDDEN]" }
EndpointMeta PathSecretMapEntryReady { peer_address: 127.0.0.1:1234, credential_id: "[HIDDEN]" }
EndpointMeta UnknownPathSecretPacketReceived { peer_address: 127.0.0.1:5678, credential_id: "[HIDDEN]" }
EndpointMeta UnknownPathSecretPacketDropped { peer_address: 127.0.0.1:5678, credential_id: "[HIDDEN]" }
EndpointMeta StaleKeyPacketReceived { peer_address: 127.0.0.1:5678, credential_id: "[HIDDEN]" }
EndpointMeta StaleKeyPacketDropped { peer_address: 127.0.0.1:5678, credential_id: "[HIDDEN]" }
EndpointMeta ReplayDetectedPacketReceived { peer_address: 127.0.0.1:5678, credential_id: "[HIDDEN]" }
EndpointMeta ReplayDetectedPacketDropped { peer_address: 127.0.0.1:5678, credential_id: "[HIDDEN]" }
EndpointMeta UnknownPathSecretPacketReceived { peer_address: 127.0.0.1:5678, credential_id: "[HIDDEN]" }
EndpointMeta UnknownPathSecretPacketRejected { peer_address: 127.0.0.1:5678, credential_id: "[HIDDEN]" }
EndpointMeta StaleKeyPacketReceived { peer_address: 127.0.0.1:5678, credential_id: "[HIDDEN]" }
EndpointMeta StaleKeyPacketRejected { peer_address: 127.0.0.1:5678, credential_id: "[HIDDEN]" }
EndpointMeta ReplayDetectedPacketReceived { peer_address: 127.0.0.1:5678, credential_id: "[HIDDEN]" }
EndpointMeta ReplayDetectedPacketRejected { peer_address: 127.0.0.1:5678, credential_id: "[HIDDEN]" }
EndpointMeta UnknownPathSecretPacketReceived { peer_address: 127.0.0.1:5678, credential_id: "[HIDDEN]" }
EndpointMeta UnknownPathSecretPacketAccepted { peer_address: 127.0.0.1:5678, credential_id: "[HIDDEN]" }
EndpointMeta PathSecretMapBackgroundHandshakeRequested { peer_address: 127.0.0.1:5678 }
EndpointMeta StaleKeyPacketReceived { peer_address: 127.0.0.1:5678, credential_id: "[HIDDEN]" }
EndpointMeta StaleKeyPacketRejected { peer_address: 127.0.0.1:5678, credential_id: "[HIDDEN]" }
EndpointMeta ReplayDetectedPacketReceived { peer_address: 127.0.0.1:5678, credential_id: "[HIDDEN]" }
EndpointMeta ReplayDetectedPacketRejected { peer_address: 127.0.0.1:5678, credential_id: "[HIDDEN]" }
EndpointMeta UnknownPathSecretPacketReceived { peer_address: 127.0.0.1:5678, credential_id: "[HIDDEN]" }
EndpointMeta UnknownPathSecretPacketRejected { peer_address: 127.0.0.1:5678, credential_id: "[HIDDEN]" }
EndpointMeta StaleKeyPacketReceived { peer_address: 127.0.0.1:5678, credential_id: "[HIDDEN]" }
EndpointMeta StaleKeyPacketAccepted { peer_address: 127.0.0.1:5678, credential_id: "[HIDDEN]" }
EndpointMeta ReplayDetectedPacketReceived { peer_address: 127.0.0.1:5678, credential_id: "[HIDDEN]" }
EndpointMeta ReplayDetectedPacketAccepted { peer_address: 127.0.0.1:5678, credential_id: "[HIDDEN]", key_id: 123 }
EndpointMeta PathSecretMapBackgroundHandshakeRequested { peer_address: 127.0.0.1:5678 }
EndpointMeta PathSecretMapUninitialized { capacity: 10, entries: 1 }
EndpointMeta PathSecretMapUninitialized { capacity: 10, entries: 1 }
