---
source: quic/s2n-quic-core/src/event/snapshot.rs
input_file: dc/s2n-quic-dc/src/path/secret/map/event_tests.rs
---
EndpointMeta PathSecretMapInitialized { capacity: 10 }
EndpointMeta PathSecretMapEntryInserted { peer_address: 127.0.0.1:4567, credential_id: "[HIDDEN]" }
EndpointMeta PathSecretMapEntryReady { peer_address: 127.0.0.1:4567, credential_id: "[HIDDEN]" }
EndpointMeta PathSecretMapUninitialized { capacity: 10, entries: 1 }
