---
source: quic/s2n-quic-core/src/event/snapshot.rs
input_file: dc/s2n-quic-dc/src/path/secret/map/event_tests.rs
---
EndpointMeta { timestamp: Timestamp(0:00:00.000001) } PathSecretMapInitialized { capacity: 10 }
EndpointMeta { timestamp: Timestamp(0:00:00.000001) } PathSecretMapInitialized { capacity: 10 }
EndpointMeta { timestamp: Timestamp(0:00:00.000001) } PathSecretMapEntryInserted { peer_address: 127.0.0.1:5678, credential_id: "[HIDDEN]" }
EndpointMeta { timestamp: Timestamp(0:00:00.000001) } PathSecretMapEntryReady { peer_address: 127.0.0.1:5678, credential_id: "[HIDDEN]" }
EndpointMeta { timestamp: Timestamp(0:00:00.000001) } PathSecretMapEntryInserted { peer_address: 127.0.0.1:1234, credential_id: "[HIDDEN]" }
EndpointMeta { timestamp: Timestamp(0:00:00.000001) } PathSecretMapEntryReady { peer_address: 127.0.0.1:1234, credential_id: "[HIDDEN]" }
EndpointMeta { timestamp: Timestamp(0:00:00.000001) } UnknownPathSecretPacketReceived { peer_address: 127.0.0.1:5678, credential_id: "[HIDDEN]" }
EndpointMeta { timestamp: Timestamp(0:00:00.000001) } UnknownPathSecretPacketDropped { peer_address: 127.0.0.1:5678, credential_id: "[HIDDEN]" }
EndpointMeta { timestamp: Timestamp(0:00:00.000001) } StaleKeyPacketReceived { peer_address: 127.0.0.1:5678, credential_id: "[HIDDEN]" }
EndpointMeta { timestamp: Timestamp(0:00:00.000001) } StaleKeyPacketDropped { peer_address: 127.0.0.1:5678, credential_id: "[HIDDEN]" }
EndpointMeta { timestamp: Timestamp(0:00:00.000001) } ReplayDetectedPacketReceived { peer_address: 127.0.0.1:5678, credential_id: "[HIDDEN]" }
EndpointMeta { timestamp: Timestamp(0:00:00.000001) } ReplayDetectedPacketDropped { peer_address: 127.0.0.1:5678, credential_id: "[HIDDEN]" }
EndpointMeta { timestamp: Timestamp(0:00:00.000001) } UnknownPathSecretPacketReceived { peer_address: 127.0.0.1:5678, credential_id: "[HIDDEN]" }
EndpointMeta { timestamp: Timestamp(0:00:00.000001) } UnknownPathSecretPacketRejected { peer_address: 127.0.0.1:5678, credential_id: "[HIDDEN]" }
EndpointMeta { timestamp: Timestamp(0:00:00.000001) } StaleKeyPacketReceived { peer_address: 127.0.0.1:5678, credential_id: "[HIDDEN]" }
EndpointMeta { timestamp: Timestamp(0:00:00.000001) } StaleKeyPacketRejected { peer_address: 127.0.0.1:5678, credential_id: "[HIDDEN]" }
EndpointMeta { timestamp: Timestamp(0:00:00.000001) } ReplayDetectedPacketReceived { peer_address: 127.0.0.1:5678, credential_id: "[HIDDEN]" }
EndpointMeta { timestamp: Timestamp(0:00:00.000001) } ReplayDetectedPacketRejected { peer_address: 127.0.0.1:5678, credential_id: "[HIDDEN]" }
EndpointMeta { timestamp: Timestamp(0:00:00.000001) } UnknownPathSecretPacketReceived { peer_address: 127.0.0.1:5678, credential_id: "[HIDDEN]" }
EndpointMeta { timestamp: Timestamp(0:00:00.000001) } UnknownPathSecretPacketAccepted { peer_address: 127.0.0.1:5678, credential_id: "[HIDDEN]" }
EndpointMeta { timestamp: Timestamp(0:00:00.000001) } PathSecretMapBackgroundHandshakeRequested { peer_address: 127.0.0.1:5678 }
EndpointMeta { timestamp: Timestamp(0:00:00.000001) } StaleKeyPacketReceived { peer_address: 127.0.0.1:5678, credential_id: "[HIDDEN]" }
EndpointMeta { timestamp: Timestamp(0:00:00.000001) } StaleKeyPacketRejected { peer_address: 127.0.0.1:5678, credential_id: "[HIDDEN]" }
EndpointMeta { timestamp: Timestamp(0:00:00.000001) } ReplayDetectedPacketReceived { peer_address: 127.0.0.1:5678, credential_id: "[HIDDEN]" }
EndpointMeta { timestamp: Timestamp(0:00:00.000001) } ReplayDetectedPacketRejected { peer_address: 127.0.0.1:5678, credential_id: "[HIDDEN]" }
EndpointMeta { timestamp: Timestamp(0:00:00.000001) } UnknownPathSecretPacketReceived { peer_address: 127.0.0.1:5678, credential_id: "[HIDDEN]" }
EndpointMeta { timestamp: Timestamp(0:00:00.000001) } UnknownPathSecretPacketRejected { peer_address: 127.0.0.1:5678, credential_id: "[HIDDEN]" }
EndpointMeta { timestamp: Timestamp(0:00:00.000001) } StaleKeyPacketReceived { peer_address: 127.0.0.1:5678, credential_id: "[HIDDEN]" }
EndpointMeta { timestamp: Timestamp(0:00:00.000001) } StaleKeyPacketAccepted { peer_address: 127.0.0.1:5678, credential_id: "[HIDDEN]" }
EndpointMeta { timestamp: Timestamp(0:00:00.000001) } ReplayDetectedPacketReceived { peer_address: 127.0.0.1:5678, credential_id: "[HIDDEN]" }
EndpointMeta { timestamp: Timestamp(0:00:00.000001) } ReplayDetectedPacketAccepted { peer_address: 127.0.0.1:5678, credential_id: "[HIDDEN]", key_id: 123 }
EndpointMeta { timestamp: Timestamp(0:00:00.000001) } PathSecretMapBackgroundHandshakeRequested { peer_address: 127.0.0.1:5678 }
EndpointMeta { timestamp: Timestamp(0:00:00.000001) } PathSecretMapUninitialized { capacity: 10, entries: 1, lifetime: 1µs }
EndpointMeta { timestamp: Timestamp(0:00:00.000001) } PathSecretMapUninitialized { capacity: 10, entries: 1, lifetime: 1µs }
