---
source: quic/s2n-quic-core/src/crypto/tls/error.rs
expression: "Error::VARIANTS"
---
[
    Variant {
        id: 0,
        name: "TLS_CLOSE_NOTIFY",
    },
    Variant {
        id: 10,
        name: "TLS_UNEXPECTED_MESSAGE",
    },
    Variant {
        id: 20,
        name: "TLS_BAD_RECORD_MAC",
    },
    Variant {
        id: 21,
        name: "TLS_DECRYPTION_FAILED_RESERVED",
    },
    Variant {
        id: 22,
        name: "TLS_RECORD_OVERFLOW",
    },
    Variant {
        id: 30,
        name: "TLS_DECOMPRESSION_FAILURE_RESERVED",
    },
    Variant {
        id: 40,
        name: "TLS_HANDSHAKE_FAILURE",
    },
    Variant {
        id: 41,
        name: "TLS_NO_CERTIFICATE_RESERVED",
    },
    Variant {
        id: 42,
        name: "TLS_BAD_CERTIFICATE",
    },
    Variant {
        id: 43,
        name: "TLS_UNSUPPORTED_CERTIFICATE",
    },
    Variant {
        id: 44,
        name: "TLS_CERTIFICATE_REVOKED",
    },
    Variant {
        id: 45,
        name: "TLS_CERTIFICATE_EXPIRED",
    },
    Variant {
        id: 46,
        name: "TLS_CERTIFICATE_UNKNOWN",
    },
    Variant {
        id: 47,
        name: "TLS_ILLEGAL_PARAMETER",
    },
    Variant {
        id: 48,
        name: "TLS_UNKNOWN_CA",
    },
    Variant {
        id: 49,
        name: "TLS_ACCESS_DENIED",
    },
    Variant {
        id: 50,
        name: "TLS_DECODE_ERROR",
    },
    Variant {
        id: 51,
        name: "TLS_DECRYPT_ERROR",
    },
    Variant {
        id: 60,
        name: "TLS_EXPORT_RESTRICTION_RESERVED",
    },
    Variant {
        id: 70,
        name: "TLS_PROTOCOL_VERSION",
    },
    Variant {
        id: 71,
        name: "TLS_INSUFFICIENT_SECURITY",
    },
    Variant {
        id: 80,
        name: "TLS_INTERNAL_ERROR",
    },
    Variant {
        id: 86,
        name: "TLS_INAPPROPRIATE_FALLBACK",
    },
    Variant {
        id: 90,
        name: "TLS_USER_CANCELED",
    },
    Variant {
        id: 100,
        name: "TLS_NO_RENEGOTIATION_RESERVED",
    },
    Variant {
        id: 109,
        name: "TLS_MISSING_EXTENSION",
    },
    Variant {
        id: 110,
        name: "TLS_UNSUPPORTED_EXTENSION",
    },
    Variant {
        id: 111,
        name: "TLS_CERTIFICATE_UNOBTAINABLE_RESERVED",
    },
    Variant {
        id: 112,
        name: "TLS_UNRECOGNIZED_NAME",
    },
    Variant {
        id: 113,
        name: "TLS_BAD_CERTIFICATE_STATUS_RESPONSE",
    },
    Variant {
        id: 114,
        name: "TLS_BAD_CERTIFICATE_HASH_VALUE_RESERVED",
    },
    Variant {
        id: 115,
        name: "TLS_UNKNOWN_PSK_IDENTITY",
    },
    Variant {
        id: 116,
        name: "TLS_CERTIFICATE_REQUIRED",
    },
    Variant {
        id: 120,
        name: "TLS_NO_APPLICATION_PROTOCOL",
    },
    Variant {
        id: 255,
        name: "TLS_UNKNOWN_ERROR",
    },
]
