---
source: quic/s2n-quic-core/src/event/snapshot.rs
input_file: quic/s2n-quic-tests/src/tests/dc.rs
---
 milli.micro | datagrams (D) contain packets (P) which contain frames (F)


  50.       < D len=1200
  50.       <     F Initial(0) CRYPTO(off=0, len=290)
  50.       <     F Initial(0) PADDING(len=870)
  50.       > D len=1480
  50.       >   P Initial(0) len=200
  50.       >     F Initial(0) ACK
  50.       >     F Initial(0) CRYPTO(off=0, len=130)
  50.       >   P Handshake(0) len=1280
  50.       >     F Handshake(0) CRYPTO(off=0, len=1220)
  50.       > D len=300
  50.       >   P Handshake(1) len=250
  50.       >     F Handshake(1) CRYPTO(off=1220, len=190)
  50.       >   P OneRtt(0) len=60
  50.       >     F OneRtt(0) MTU_PROBING_COMPLETE(mtu=1472)
  50.       >     F OneRtt(0) PADDING(len=20)

 150.       < D len=1200
 150.       <   P Initial(1) len=80
 150.       <     F Initial(1) ACK
 150.       <     F Initial(1) PADDING(len=20)
 150.       <   P Handshake(0) len=110
 150.       <     F Handshake(0) ACK
 150.       <     F Handshake(0) CRYPTO(off=0, len=40)
 150.       <   P OneRtt(0) len=1020
 150.       <     F OneRtt(0) ACK
 150.       <     F OneRtt(0) DC_STATELESS_RESET_TOKENS
 150.       <     F OneRtt(0) PADDING(len=960)
 150.       > D len=180
 150.       >   P OneRtt(1) len=180
 150.       >     F OneRtt(1) ACK
 150.       >     F OneRtt(1) HANDSHAKE_DONE
 150.       >     F OneRtt(1) DC_STATELESS_RESET_TOKENS
 150.       >     F OneRtt(1) NEW_CONNECTION_ID
 150.       >     F OneRtt(1) NEW_CONNECTION_ID
 150.       >     F OneRtt(1) NEW_CONNECTION_ID

 250.       < D len=1480
 250.       <   P OneRtt(1) len=1480
 250.       <     F OneRtt(1) PING
 250.       <     F OneRtt(1) PADDING(len=1440)
 250.       < D len=160
 250.       <   P OneRtt(2) len=160
 250.       <     F OneRtt(2) PADDING(len=10)

 275.       > D len=70
 275.       >   P OneRtt(2) len=70
 275.       >     F OneRtt(2) ACK
 275.       >     F OneRtt(2) HANDSHAKE_DONE
 275.       >     F OneRtt(2) DC_STATELESS_RESET_TOKENS


 550.       > D len=70
 550.       >   P OneRtt(4) len=70
 550.       >     F OneRtt(4) ACK
 550.       >     F OneRtt(4) HANDSHAKE_DONE
 550.       >     F OneRtt(4) DC_STATELESS_RESET_TOKENS
 550.       > D len=70
 550.       >   P OneRtt(6) len=70
 550.       >     F OneRtt(6) ACK
 550.       >     F OneRtt(6) HANDSHAKE_DONE
 550.       >     F OneRtt(6) DC_STATELESS_RESET_TOKENS

 775.       < D len=60
 775.       <   P OneRtt(4) len=60
 775.       <     F OneRtt(4) CONNECTION_CLOSE
 775.       | dc_state_changed=Complete
