---
source: quic/s2n-quic-core/src/packet/mod.rs
expression: result
---
Ok(
    (
        Retry(
            Retry {
                version: 16909060,
                destination_connection_id: [
                    1,
                    2,
                    3,
                    4,
                    5,
                    6,
                    7,
                    8,
                    9,
                    10,
                    11,
                    12,
                    13,
                    14,
                    15,
                    16,
                    17,
                    18,
                    19,
                    20,
                ],
                source_connection_id: [
                    1,
                    2,
                    3,
                    4,
                    5,
                    6,
                    7,
                    8,
                    9,
                    10,
                    11,
                    12,
                    13,
                    14,
                    15,
                    16,
                    17,
                    18,
                    19,
                    20,
                ],
                original_destination_connection_id: [
                    1,
                    2,
                    3,
                    4,
                    5,
                    6,
                    7,
                    8,
                    9,
                    10,
                    11,
                    12,
                    13,
                    14,
                    15,
                    16,
                    17,
                    18,
                    19,
                    20,
                ],
                retry_token: [
                    1,
                    2,
                    3,
                    4,
                    5,
                    6,
                    7,
                    8,
                ],
            },
        ),
        DecoderBufferMut {
            bytes: [],
        },
    ),
)
