---
source: quic/s2n-quic-core/src/event/snapshot.rs
input_file: quic/s2n-quic-transport/src/path/manager/tests.rs
---
ConnectionIdUpdated { path_id: 0, cid_consumer: Local, previous: 0x01, current: 0x69643032 }
PathCreated { active: Path { local_addr: 0.0.0.0:0, local_cid: 0x4c6f63616c4900000000000000004c6f63616c49, remote_addr: 127.0.0.1:1, remote_cid: 0x69643032, id: 0, is_active: true }, new: Path { local_addr: 0.0.0.0:0, local_cid: 0x69643032, remote_addr: 127.0.0.2:1, remote_cid: 0x69643033, id: 1, is_active: false } }
MtuUpdated { path_id: 1, mtu: 1200, cause: NewPath, search_complete: false }
PathCreated { active: Path { local_addr: 0.0.0.0:0, local_cid: 0x4c6f63616c4900000000000000004c6f63616c49, remote_addr: 127.0.0.1:1, remote_cid: 0x69643032, id: 0, is_active: true }, new: Path { local_addr: 0.0.0.0:0, local_cid: 0x69643033, remote_addr: 127.0.0.2:1, remote_cid: 0x69643032, id: 2, is_active: false } }
MtuUpdated { path_id: 2, mtu: 1200, cause: NewPath, search_complete: false }
PathCreated { active: Path { local_addr: 0.0.0.0:0, local_cid: 0x4c6f63616c4900000000000000004c6f63616c49, remote_addr: 127.0.0.1:1, remote_cid: 0x69643032, id: 0, is_active: true }, new: Path { local_addr: 0.0.0.0:0, local_cid: 0x4c6f63616c4900000000000000004c6f63616c49, remote_addr: 127.0.0.3:1, remote_cid: 0x69643032, id: 3, is_active: false } }
MtuUpdated { path_id: 3, mtu: 1200, cause: NewPath, search_complete: false }
