---
source: quic/s2n-quic-core/tests/recovery/simulation.rs
expression: self
---
Simulation {
    name: "Minimum Window",
    description: "Full congestion window utilization after starting from the minimum window",
    cc: "s2n_quic_core::recovery::cubic::CubicCongestionController",
    rounds: [
          0: cwnd: 2400,
          1: cwnd: 2400,
          2: cwnd: 2400,
          3: cwnd: 2698,
          4: cwnd: 3333,
          5: cwnd: 3969,
          6: cwnd: 4604,
          7: cwnd: 5239,
          8: cwnd: 5875,
          9: cwnd: 6510,
    ],
}
