---
source: quic/s2n-quic-core/tests/recovery/simulation.rs
expression: self

---
Simulation {
    name: "App Limited 1MB",
    description: "App limited to 1MB per round with loss encountered at ~750KB",
    cc: "s2n_quic_core::recovery::cubic::CubicCongestionController",
    rounds: [
          0: pkts: 10,
          1: pkts: 20,
          2: pkts: 40,
          3: pkts: 80,
          4: pkts: 160,
          5: pkts: 320,
          6: pkts: 640,
          7: pkts: 448,
          8: pkts: 457,
          9: pkts: 468,
         10: pkts: 473,
         11: pkts: 474,
         12: pkts: 475,
         13: pkts: 475,
         14: pkts: 475,
         15: pkts: 475,
         16: pkts: 475,
         17: pkts: 475,
         18: pkts: 475,
         19: pkts: 475,
         20: pkts: 475,
         21: pkts: 475,
         22: pkts: 475,
         23: pkts: 475,
         24: pkts: 475,
         25: pkts: 475,
         26: pkts: 475,
         27: pkts: 475,
         28: pkts: 475,
         29: pkts: 475,
         30: pkts: 475,
         31: pkts: 475,
         32: pkts: 475,
         33: pkts: 475,
         34: pkts: 475,
         35: pkts: 475,
         36: pkts: 475,
         37: pkts: 475,
         38: pkts: 475,
         39: pkts: 475,
         40: pkts: 475,
         41: pkts: 475,
         42: pkts: 475,
         43: pkts: 475,
         44: pkts: 475,
         45: pkts: 475,
         46: pkts: 475,
         47: pkts: 475,
         48: pkts: 475,
         49: pkts: 475,
         50: pkts: 475,
         51: pkts: 475,
         52: pkts: 475,
         53: pkts: 475,
         54: pkts: 475,
         55: pkts: 475,
         56: pkts: 475,
         57: pkts: 475,
         58: pkts: 475,
         59: pkts: 475,
         60: pkts: 475,
         61: pkts: 475,
         62: pkts: 475,
         63: pkts: 475,
         64: pkts: 475,
         65: pkts: 475,
         66: pkts: 475,
         67: pkts: 475,
         68: pkts: 475,
         69: pkts: 475,
         70: pkts: 475,
         71: pkts: 475,
         72: pkts: 475,
         73: pkts: 475,
         74: pkts: 475,
         75: pkts: 475,
         76: pkts: 475,
         77: pkts: 475,
         78: pkts: 475,
         79: pkts: 475,
         80: pkts: 475,
         81: pkts: 475,
         82: pkts: 475,
         83: pkts: 475,
         84: pkts: 475,
         85: pkts: 475,
         86: pkts: 475,
         87: pkts: 475,
         88: pkts: 475,
         89: pkts: 475,
         90: pkts: 475,
         91: pkts: 475,
         92: pkts: 475,
         93: pkts: 475,
         94: pkts: 475,
         95: pkts: 475,
         96: pkts: 475,
         97: pkts: 475,
         98: pkts: 475,
         99: pkts: 475,
        100: pkts: 475,
        101: pkts: 475,
        102: pkts: 475,
        103: pkts: 475,
        104: pkts: 475,
        105: pkts: 475,
        106: pkts: 475,
        107: pkts: 475,
        108: pkts: 475,
        109: pkts: 475,
        110: pkts: 475,
        111: pkts: 475,
        112: pkts: 475,
        113: pkts: 475,
        114: pkts: 475,
        115: pkts: 475,
        116: pkts: 475,
        117: pkts: 475,
        118: pkts: 475,
        119: pkts: 475,
    ],
}
