---
source: quic/s2n-quic-core/tests/recovery/simulation.rs
expression: self

---
Simulation {
    name: "Slow Start Unlimited",
    description: "Full congestion window utilization with no congestion experienced",
    cc: "s2n_quic_core::recovery::cubic::CubicCongestionController",
    rounds: [
          0: cwnd: 12000,
          1: cwnd: 24000,
          2: cwnd: 48000,
          3: cwnd: 96000,
          4: cwnd: 192000,
          5: cwnd: 384000,
          6: cwnd: 768000,
          7: cwnd: 1536000,
          8: cwnd: 3072000,
          9: cwnd: 6144000,
         10: cwnd: 12288000,
         11: cwnd: 24576000,
    ],
}
