---
source: quic/s2n-quic-core/src/event/snapshot.rs
input_file: quic/s2n-quic/src/tests/dc.rs
---
=== client ===
count#platform_event_loop_started=1
count#platform_event_loop_wakeup=1
count#platform_rx=1
count#platform_rx.packets.total=0
measure#platform_rx.packets=0
count#platform_rx.syscalls.total=1
measure#platform_rx.syscalls=1
count#platform_rx.syscalls.blocked.total=1
measure#platform_rx.syscalls.blocked=1
count#platform_rx.errors.total=0
measure#platform_rx.errors=0
count#platform_rx.errors.dropped.total=0
measure#platform_rx.errors.dropped=0
count#platform_event_loop_sleep=1
timer#platform_event_loop_sleep.processing_duration=1µs
count#key_update=1
count#key_update.key_type|INITIAL=1
count#key_update.cipher_suite|TLS_AES_128_GCM_SHA256=1
count#connection_started=1
count#mtu_updated=1
measure#mtu_updated.mtu=1200b
count#mtu_updated.cause|NEW_PATH=1
count#mtu_updated.search_complete=false
count#server_name_information=1
count#platform_event_loop_wakeup=1
count#frame_sent=1
count#frame_sent.packet|INITIAL=1
count#frame_sent.frame|CRYPTO=1
count#frame_sent=1
count#frame_sent.packet|INITIAL=1
count#frame_sent.frame|PADDING=1
count#packet_sent=1
count#packet_sent.kind|INITIAL=1
count#packet_sent.bytes.total=[REDACTED]b
measure#packet_sent.bytes=[REDACTED]b
count#datagram_sent=1
count#datagram_sent.bytes.total=[REDACTED]b
measure#datagram_sent.bytes=[REDACTED]b
measure#datagram_sent.gso_offset=0
count#recovery_metrics=1
measure#recovery_metrics.min_rtt=333ms
measure#recovery_metrics.smoothed_rtt=333ms
measure#recovery_metrics.latest_rtt=333ms
measure#recovery_metrics.rtt_variance=166.5ms
measure#recovery_metrics.max_ack_delay=0ns
measure#recovery_metrics.pto_count=0
measure#recovery_metrics.congestion_window=12000
measure#recovery_metrics.bytes_in_flight=[REDACTED]
count#recovery_metrics.congestion_limited=false
count#platform_event_loop_sleep=1
timer#platform_event_loop_sleep.processing_duration=1µs
count#platform_event_loop_wakeup=1
count#platform_tx=1
count#platform_tx.packets.total=1
measure#platform_tx.packets=1
count#platform_tx.syscalls.total=1
measure#platform_tx.syscalls=1
count#platform_tx.syscalls.blocked.total=0
measure#platform_tx.syscalls.blocked=0
count#platform_tx.errors.total=0
measure#platform_tx.errors=0
count#platform_tx.errors.dropped.total=0
measure#platform_tx.errors.dropped=0
count#platform_rx=1
count#platform_rx.packets.total=2
measure#platform_rx.packets=2
count#platform_rx.syscalls.total=2
measure#platform_rx.syscalls=2
count#platform_rx.syscalls.blocked.total=1
measure#platform_rx.syscalls.blocked=1
count#platform_rx.errors.total=0
measure#platform_rx.errors=0
count#platform_rx.errors.dropped.total=0
measure#platform_rx.errors.dropped=0
count#datagram_received=1
count#datagram_received.bytes.total=[REDACTED]b
measure#datagram_received.bytes=[REDACTED]b
count#packet_received=1
count#packet_received.kind|INITIAL=1
count#frame_received=1
count#frame_received.packet|INITIAL=1
count#frame_received.frame|ACK=1
count#ack_range_received=1
count#ack_range_received.packet|INITIAL=1
count#ecn_state_changed=1
count#ecn_state_changed.state|FAILED=1
count#recovery_metrics=1
measure#recovery_metrics.min_rtt=99.999ms
measure#recovery_metrics.smoothed_rtt=99.999ms
measure#recovery_metrics.latest_rtt=99.999ms
measure#recovery_metrics.rtt_variance=49.9995ms
measure#recovery_metrics.max_ack_delay=0ns
measure#recovery_metrics.pto_count=0
measure#recovery_metrics.congestion_window=12000
measure#recovery_metrics.bytes_in_flight=[REDACTED]
count#recovery_metrics.congestion_limited=false
count#frame_received=1
count#frame_received.packet|INITIAL=1
count#frame_received.frame|CRYPTO=1
count#tls_server_hello=1
timer#tls_server_hello.latency=99.999ms
count#key_update=1
count#key_update.key_type|HANDSHAKE=1
count#key_update.cipher_suite|TLS_AES_128_GCM_SHA256=1
count#packet_received=1
count#packet_received.kind|HANDSHAKE=1
count#frame_received=1
count#frame_received.packet|HANDSHAKE=1
count#frame_received.frame|CRYPTO=1
count#datagram_received=1
count#datagram_received.bytes.total=[REDACTED]b
measure#datagram_received.bytes=[REDACTED]b
count#packet_received=1
count#packet_received.kind|HANDSHAKE=1
count#frame_received=1
count#frame_received.packet|HANDSHAKE=1
count#frame_received.frame|CRYPTO=1
count#application_protocol_information=1
count#transport_parameters_received=1
timer#transport_parameters_received.latency=99.999ms
count#dc_path_created=1
count#dc_state_changed=1
timer#dc_state_changed.version_negotiated.latency=99.999ms
timer#dc_state_changed.no_version_negotiated.latency=99.999ms
count#dc_state_changed.state|VERSION_NEGOTIATED=1
count#key_update=1
count#key_update.key_type|ONE_RTT=1
count#key_update.cipher_suite|TLS_AES_128_GCM_SHA256=1
count#handshake_status_updated=1
timer#handshake_status_updated.complete.latency=99.999ms
count#handshake_status_updated.status|COMPLETE=1
count#dc_state_changed=1
timer#dc_state_changed.path_secrets.latency=99.999ms
count#dc_state_changed.state|PATH_SECRETS_READY=1
count#tls_exporter_ready=1
count#frame_sent=1
count#frame_sent.packet|INITIAL=1
count#frame_sent.frame|ACK=1
count#ack_range_sent=1
count#ack_range_sent.packet|INITIAL=1
count#frame_sent=1
count#frame_sent.packet|INITIAL=1
count#frame_sent.frame|PADDING=1
count#packet_sent=1
count#packet_sent.kind|INITIAL=1
count#packet_sent.bytes.total=[REDACTED]b
measure#packet_sent.bytes=[REDACTED]b
count#frame_sent=1
count#frame_sent.packet|HANDSHAKE=1
count#frame_sent.frame|ACK=1
count#ack_range_sent=1
count#ack_range_sent.packet|HANDSHAKE=1
count#frame_sent=1
count#frame_sent.packet|HANDSHAKE=1
count#frame_sent.frame|CRYPTO=1
count#packet_sent=1
count#packet_sent.kind|HANDSHAKE=1
count#packet_sent.bytes.total=[REDACTED]b
measure#packet_sent.bytes=[REDACTED]b
count#key_space_discarded=1
timer#key_space_discarded.initial.latency=99.999ms
count#key_space_discarded.space|INITIAL=1
count#recovery_metrics=1
measure#recovery_metrics.min_rtt=99.999ms
measure#recovery_metrics.smoothed_rtt=99.999ms
measure#recovery_metrics.latest_rtt=99.999ms
measure#recovery_metrics.rtt_variance=49.9995ms
measure#recovery_metrics.max_ack_delay=25ms
measure#recovery_metrics.pto_count=0
measure#recovery_metrics.congestion_window=12000
measure#recovery_metrics.bytes_in_flight=[REDACTED]
count#recovery_metrics.congestion_limited=false
count#frame_sent=1
count#frame_sent.packet|ONE_RTT=1
count#frame_sent.frame|DC_STATELESS_RESET_TOKENS=1
count#frame_sent=1
count#frame_sent.packet|ONE_RTT=1
count#frame_sent.frame|PADDING=1
count#packet_sent=1
count#packet_sent.kind|ONE_RTT=1
count#packet_sent.bytes.total=[REDACTED]b
measure#packet_sent.bytes=[REDACTED]b
count#datagram_sent=1
count#datagram_sent.bytes.total=[REDACTED]b
measure#datagram_sent.bytes=[REDACTED]b
measure#datagram_sent.gso_offset=0
count#recovery_metrics=1
measure#recovery_metrics.min_rtt=99.999ms
measure#recovery_metrics.smoothed_rtt=99.999ms
measure#recovery_metrics.latest_rtt=99.999ms
measure#recovery_metrics.rtt_variance=49.9995ms
measure#recovery_metrics.max_ack_delay=25ms
measure#recovery_metrics.pto_count=0
measure#recovery_metrics.congestion_window=12000
measure#recovery_metrics.bytes_in_flight=[REDACTED]
count#recovery_metrics.congestion_limited=false
count#platform_event_loop_sleep=1
timer#platform_event_loop_sleep.processing_duration=1µs
count#platform_event_loop_wakeup=1
count#platform_tx=1
count#platform_tx.packets.total=1
measure#platform_tx.packets=1
count#platform_tx.syscalls.total=1
measure#platform_tx.syscalls=1
count#platform_tx.syscalls.blocked.total=0
measure#platform_tx.syscalls.blocked=0
count#platform_tx.errors.total=0
measure#platform_tx.errors=0
count#platform_tx.errors.dropped.total=0
measure#platform_tx.errors.dropped=0
count#platform_rx=1
count#platform_rx.packets.total=2
measure#platform_rx.packets=2
count#platform_rx.syscalls.total=2
measure#platform_rx.syscalls=2
count#platform_rx.syscalls.blocked.total=1
measure#platform_rx.syscalls.blocked=1
count#platform_rx.errors.total=0
measure#platform_rx.errors=0
count#platform_rx.errors.dropped.total=0
measure#platform_rx.errors.dropped=0
count#endpoint_datagram_dropped=1
measure#endpoint_datagram_dropped.bytes=1472b
measure#endpoint_datagram_dropped.bytes.total=1472b
count#endpoint_datagram_dropped.reason|UNKNOWN_DESTINATION_CONNECTION_ID=1
count#datagram_received=1
count#datagram_received.bytes.total=[REDACTED]b
measure#datagram_received.bytes=[REDACTED]b
count#packet_received=1
count#packet_received.kind|ONE_RTT=1
count#frame_received=1
count#frame_received.packet|ONE_RTT=1
count#frame_received.frame|ACK=1
count#ack_range_received=1
count#ack_range_received.packet|ONE_RTT=1
count#recovery_metrics=1
measure#recovery_metrics.min_rtt=99.999ms
measure#recovery_metrics.smoothed_rtt=99.999125ms
measure#recovery_metrics.latest_rtt=100ms
measure#recovery_metrics.rtt_variance=37.499875ms
measure#recovery_metrics.max_ack_delay=25ms
measure#recovery_metrics.pto_count=0
measure#recovery_metrics.congestion_window=12000
measure#recovery_metrics.bytes_in_flight=[REDACTED]
count#recovery_metrics.congestion_limited=false
count#frame_received=1
count#frame_received.packet|ONE_RTT=1
count#frame_received.frame|HANDSHAKE_DONE=1
count#handshake_status_updated=1
timer#handshake_status_updated.handshake_done_acked.latency=199.999ms
count#handshake_status_updated.status|HANDSHAKE_DONE_ACKED=1
count#handshake_status_updated=1
timer#handshake_status_updated.confirmed.latency=199.999ms
count#handshake_status_updated.status|CONFIRMED=1
count#frame_received=1
count#frame_received.packet|ONE_RTT=1
count#frame_received.frame|DC_STATELESS_RESET_TOKENS=1
count#dc_state_changed=1
timer#dc_state_changed.complete.latency=199.999ms
count#dc_state_changed.state|COMPLETE=1
count#frame_received=1
count#frame_received.packet|ONE_RTT=1
count#frame_received.frame|NEW_CONNECTION_ID=1
count#connection_id_updated=1
count#frame_received=1
count#frame_received.packet|ONE_RTT=1
count#frame_received.frame|NEW_CONNECTION_ID=1
count#frame_received=1
count#frame_received.packet|ONE_RTT=1
count#frame_received.frame|NEW_CONNECTION_ID=1
count#key_space_discarded=1
timer#key_space_discarded.handshake.latency=199.999ms
count#key_space_discarded.space|HANDSHAKE=1
count#recovery_metrics=1
measure#recovery_metrics.min_rtt=99.999ms
measure#recovery_metrics.smoothed_rtt=99.999125ms
measure#recovery_metrics.latest_rtt=100ms
measure#recovery_metrics.rtt_variance=37.499875ms
measure#recovery_metrics.max_ack_delay=25ms
measure#recovery_metrics.pto_count=0
measure#recovery_metrics.congestion_window=12000
measure#recovery_metrics.bytes_in_flight=[REDACTED]
count#recovery_metrics.congestion_limited=false
count#frame_sent=1
count#frame_sent.packet|ONE_RTT=1
count#frame_sent.frame|PING=1
count#frame_sent=1
count#frame_sent.packet|ONE_RTT=1
count#frame_sent.frame|PADDING=1
count#packet_sent=1
count#packet_sent.kind|ONE_RTT=1
count#packet_sent.bytes.total=[REDACTED]b
measure#packet_sent.bytes=[REDACTED]b
count#datagram_sent=1
count#datagram_sent.bytes.total=[REDACTED]b
measure#datagram_sent.bytes=[REDACTED]b
measure#datagram_sent.gso_offset=0
count#frame_sent=1
count#frame_sent.packet|ONE_RTT=1
count#frame_sent.frame|ACK=1
count#ack_range_sent=1
count#ack_range_sent.packet|ONE_RTT=1
count#frame_sent=1
count#frame_sent.packet|ONE_RTT=1
count#frame_sent.frame|NEW_CONNECTION_ID=1
count#frame_sent=1
count#frame_sent.packet|ONE_RTT=1
count#frame_sent.frame|NEW_CONNECTION_ID=1
count#frame_sent=1
count#frame_sent.packet|ONE_RTT=1
count#frame_sent.frame|NEW_CONNECTION_ID=1
count#frame_sent=1
count#frame_sent.packet|ONE_RTT=1
count#frame_sent.frame|RETIRE_CONNECTION_ID=1
count#packet_sent=1
count#packet_sent.kind|ONE_RTT=1
count#packet_sent.bytes.total=[REDACTED]b
measure#packet_sent.bytes=[REDACTED]b
count#datagram_sent=1
count#datagram_sent.bytes.total=[REDACTED]b
measure#datagram_sent.bytes=[REDACTED]b
measure#datagram_sent.gso_offset=0
count#recovery_metrics=1
measure#recovery_metrics.min_rtt=99.999ms
measure#recovery_metrics.smoothed_rtt=99.999125ms
measure#recovery_metrics.latest_rtt=100ms
measure#recovery_metrics.rtt_variance=37.499875ms
measure#recovery_metrics.max_ack_delay=25ms
measure#recovery_metrics.pto_count=0
measure#recovery_metrics.congestion_window=12000
measure#recovery_metrics.bytes_in_flight=[REDACTED]
count#recovery_metrics.congestion_limited=false
count#platform_event_loop_sleep=1
timer#platform_event_loop_sleep.processing_duration=1µs
count#platform_event_loop_wakeup=1
count#platform_tx=1
count#platform_tx.packets.total=2
measure#platform_tx.packets=2
count#platform_tx.syscalls.total=1
measure#platform_tx.syscalls=1
count#platform_tx.syscalls.blocked.total=0
measure#platform_tx.syscalls.blocked=0
count#platform_tx.errors.total=0
measure#platform_tx.errors=0
count#platform_tx.errors.dropped.total=0
measure#platform_tx.errors.dropped=0
count#platform_rx=1
count#platform_rx.packets.total=1
measure#platform_rx.packets=1
count#platform_rx.syscalls.total=2
measure#platform_rx.syscalls=2
count#platform_rx.syscalls.blocked.total=1
measure#platform_rx.syscalls.blocked=1
count#platform_rx.errors.total=0
measure#platform_rx.errors=0
count#platform_rx.errors.dropped.total=0
measure#platform_rx.errors.dropped=0
count#datagram_received=1
count#datagram_received.bytes.total=[REDACTED]b
measure#datagram_received.bytes=[REDACTED]b
count#packet_received=1
count#packet_received.kind|ONE_RTT=1
count#connection_id_updated=1
count#frame_received=1
count#frame_received.packet|ONE_RTT=1
count#frame_received.frame|ACK=1
count#ack_range_received=1
count#ack_range_received.packet|ONE_RTT=1
count#mtu_updated=1
measure#mtu_updated.mtu=1472b
count#mtu_updated.cause|PROBE_ACKNOWLEDGED=1
count#mtu_updated.search_complete=true
count#recovery_metrics=1
measure#recovery_metrics.min_rtt=99.999ms
measure#recovery_metrics.smoothed_rtt=99.99923ms
measure#recovery_metrics.latest_rtt=100ms
measure#recovery_metrics.rtt_variance=28.125122ms
measure#recovery_metrics.max_ack_delay=25ms
measure#recovery_metrics.pto_count=0
measure#recovery_metrics.congestion_window=14720
measure#recovery_metrics.bytes_in_flight=[REDACTED]
count#recovery_metrics.congestion_limited=false
count#frame_received=1
count#frame_received.packet|ONE_RTT=1
count#frame_received.frame|RETIRE_CONNECTION_ID=1
count#frame_received=1
count#frame_received.packet|ONE_RTT=1
count#frame_received.frame|PADDING=1
count#platform_event_loop_sleep=1
timer#platform_event_loop_sleep.processing_duration=1µs
count#platform_event_loop_wakeup=1
count#platform_rx=1
count#platform_rx.packets.total=1
measure#platform_rx.packets=1
count#platform_rx.syscalls.total=2
measure#platform_rx.syscalls=2
count#platform_rx.syscalls.blocked.total=1
measure#platform_rx.syscalls.blocked=1
count#platform_rx.errors.total=0
measure#platform_rx.errors=0
count#platform_rx.errors.dropped.total=0
measure#platform_rx.errors.dropped=0
count#datagram_received=1
count#datagram_received.bytes.total=[REDACTED]b
measure#datagram_received.bytes=[REDACTED]b
count#packet_received=1
count#packet_received.kind|ONE_RTT=1
count#frame_received=1
count#frame_received.packet|ONE_RTT=1
count#frame_received.frame|PING=1
count#frame_received=1
count#frame_received.packet|ONE_RTT=1
count#frame_received.frame|PADDING=1
count#platform_event_loop_sleep=1
timer#platform_event_loop_sleep.processing_duration=1µs
count#platform_event_loop_wakeup=1
count#recovery_metrics=1
measure#recovery_metrics.min_rtt=99.999ms
measure#recovery_metrics.smoothed_rtt=99.99923ms
measure#recovery_metrics.latest_rtt=100ms
measure#recovery_metrics.rtt_variance=28.125122ms
measure#recovery_metrics.max_ack_delay=25ms
measure#recovery_metrics.pto_count=0
measure#recovery_metrics.congestion_window=14720
measure#recovery_metrics.bytes_in_flight=[REDACTED]
count#recovery_metrics.congestion_limited=false
count#frame_sent=1
count#frame_sent.packet|ONE_RTT=1
count#frame_sent.frame|ACK=1
count#ack_range_sent=1
count#ack_range_sent.packet|ONE_RTT=1
count#frame_sent=1
count#frame_sent.packet|ONE_RTT=1
count#frame_sent.frame|PADDING=1
count#packet_sent=1
count#packet_sent.kind|ONE_RTT=1
count#packet_sent.bytes.total=[REDACTED]b
measure#packet_sent.bytes=[REDACTED]b
count#datagram_sent=1
count#datagram_sent.bytes.total=[REDACTED]b
measure#datagram_sent.bytes=[REDACTED]b
measure#datagram_sent.gso_offset=0
count#recovery_metrics=1
measure#recovery_metrics.min_rtt=99.999ms
measure#recovery_metrics.smoothed_rtt=99.99923ms
measure#recovery_metrics.latest_rtt=100ms
measure#recovery_metrics.rtt_variance=28.125122ms
measure#recovery_metrics.max_ack_delay=25ms
measure#recovery_metrics.pto_count=0
measure#recovery_metrics.congestion_window=14720
measure#recovery_metrics.bytes_in_flight=[REDACTED]
count#recovery_metrics.congestion_limited=false
count#platform_event_loop_sleep=1
timer#platform_event_loop_sleep.processing_duration=1µs
count#connection_closed=1
timer#connection_closed.latency=399.999ms
count#connection_closed.error|CLOSED=1
count#frame_sent=1
count#frame_sent.packet|ONE_RTT=1
count#frame_sent.frame|CONNECTION_CLOSE=1
count#frame_sent=1
count#frame_sent.packet|ONE_RTT=1
count#frame_sent.frame|PADDING=1
count#packet_sent=1
count#packet_sent.kind|ONE_RTT=1
count#packet_sent.bytes.total=[REDACTED]b
measure#packet_sent.bytes=[REDACTED]b
count#platform_event_loop_wakeup=1
count#platform_tx=1
count#platform_tx.packets.total=1
measure#platform_tx.packets=1
count#platform_tx.syscalls.total=1
measure#platform_tx.syscalls=1
count#platform_tx.syscalls.blocked.total=0
measure#platform_tx.syscalls.blocked=0
count#platform_tx.errors.total=0
measure#platform_tx.errors=0
count#platform_tx.errors.dropped.total=0
measure#platform_tx.errors.dropped=0
count#datagram_sent=1
count#datagram_sent.bytes.total=[REDACTED]b
measure#datagram_sent.bytes=[REDACTED]b
measure#datagram_sent.gso_offset=0
count#platform_event_loop_sleep=1
timer#platform_event_loop_sleep.processing_duration=1µs
count#platform_event_loop_wakeup=1
count#platform_tx=1
count#platform_tx.packets.total=0
measure#platform_tx.packets=0
count#platform_tx.syscalls.total=1
measure#platform_tx.syscalls=1
count#platform_tx.syscalls.blocked.total=1
measure#platform_tx.syscalls.blocked=1
count#platform_tx.errors.total=0
measure#platform_tx.errors=0
count#platform_tx.errors.dropped.total=0
measure#platform_tx.errors.dropped=0
count#platform_rx=1
count#platform_rx.packets.total=0
measure#platform_rx.packets=0
count#platform_rx.syscalls.total=1
measure#platform_rx.syscalls=1
count#platform_rx.syscalls.blocked.total=1
measure#platform_rx.syscalls.blocked=1
count#platform_rx.errors.total=0
measure#platform_rx.errors=0
count#platform_rx.errors.dropped.total=0
measure#platform_rx.errors.dropped=0
=== server ===
count#platform_event_loop_started=1
count#platform_event_loop_wakeup=1
count#platform_rx=1
count#platform_rx.packets.total=0
measure#platform_rx.packets=0
count#platform_rx.syscalls.total=1
measure#platform_rx.syscalls=1
count#platform_rx.syscalls.blocked.total=1
measure#platform_rx.syscalls.blocked=1
count#platform_rx.errors.total=0
measure#platform_rx.errors=0
count#platform_rx.errors.dropped.total=0
measure#platform_rx.errors.dropped=0
count#platform_event_loop_sleep=1
timer#platform_event_loop_sleep.processing_duration=1µs
count#platform_event_loop_wakeup=1
count#platform_rx=1
count#platform_rx.packets.total=1
measure#platform_rx.packets=1
count#platform_rx.syscalls.total=2
measure#platform_rx.syscalls=2
count#platform_rx.syscalls.blocked.total=1
measure#platform_rx.syscalls.blocked=1
count#platform_rx.errors.total=0
measure#platform_rx.errors=0
count#platform_rx.errors.dropped.total=0
measure#platform_rx.errors.dropped=0
count#version_information=1
count#key_update=1
count#key_update.key_type|INITIAL=1
count#key_update.cipher_suite|TLS_AES_128_GCM_SHA256=1
count#connection_started=1
count#mtu_updated=1
measure#mtu_updated.mtu=1200b
count#mtu_updated.cause|NEW_PATH=1
count#mtu_updated.search_complete=false
count#datagram_received=1
count#datagram_received.bytes.total=[REDACTED]b
measure#datagram_received.bytes=[REDACTED]b
count#frame_received=1
count#frame_received.packet|INITIAL=1
count#frame_received.frame|CRYPTO=1
count#tls_client_hello=1
timer#tls_client_hello.latency=1µs
count#frame_received=1
count#frame_received.packet|INITIAL=1
count#frame_received.frame|PADDING=1
count#key_update=1
count#key_update.key_type|HANDSHAKE=1
count#key_update.cipher_suite|TLS_AES_128_GCM_SHA256=1
count#application_protocol_information=1
count#server_name_information=1
count#transport_parameters_received=1
timer#transport_parameters_received.latency=1µs
count#dc_path_created=1
count#dc_state_changed=1
timer#dc_state_changed.version_negotiated.latency=1µs
timer#dc_state_changed.no_version_negotiated.latency=1µs
count#dc_state_changed.state|VERSION_NEGOTIATED=1
count#key_update=1
count#key_update.key_type|ONE_RTT=1
count#key_update.cipher_suite|TLS_AES_128_GCM_SHA256=1
count#frame_sent=1
count#frame_sent.packet|INITIAL=1
count#frame_sent.frame|ACK=1
count#ack_range_sent=1
count#ack_range_sent.packet|INITIAL=1
count#frame_sent=1
count#frame_sent.packet|INITIAL=1
count#frame_sent.frame|CRYPTO=1
count#packet_sent=1
count#packet_sent.kind|INITIAL=1
count#packet_sent.bytes.total=[REDACTED]b
measure#packet_sent.bytes=[REDACTED]b
count#frame_sent=1
count#frame_sent.packet|HANDSHAKE=1
count#frame_sent.frame|CRYPTO=1
count#packet_sent=1
count#packet_sent.kind|HANDSHAKE=1
count#packet_sent.bytes.total=[REDACTED]b
measure#packet_sent.bytes=[REDACTED]b
count#datagram_sent=1
count#datagram_sent.bytes.total=[REDACTED]b
measure#datagram_sent.bytes=[REDACTED]b
measure#datagram_sent.gso_offset=0
count#frame_sent=1
count#frame_sent.packet|HANDSHAKE=1
count#frame_sent.frame|CRYPTO=1
count#packet_sent=1
count#packet_sent.kind|HANDSHAKE=1
count#packet_sent.bytes.total=[REDACTED]b
measure#packet_sent.bytes=[REDACTED]b
count#datagram_sent=1
count#datagram_sent.bytes.total=[REDACTED]b
measure#datagram_sent.bytes=[REDACTED]b
measure#datagram_sent.gso_offset=0
count#recovery_metrics=1
measure#recovery_metrics.min_rtt=333ms
measure#recovery_metrics.smoothed_rtt=333ms
measure#recovery_metrics.latest_rtt=333ms
measure#recovery_metrics.rtt_variance=166.5ms
measure#recovery_metrics.max_ack_delay=25ms
measure#recovery_metrics.pto_count=0
measure#recovery_metrics.congestion_window=12000
measure#recovery_metrics.bytes_in_flight=[REDACTED]
count#recovery_metrics.congestion_limited=false
count#platform_event_loop_sleep=1
timer#platform_event_loop_sleep.processing_duration=1µs
count#platform_event_loop_wakeup=1
count#platform_tx=1
count#platform_tx.packets.total=2
measure#platform_tx.packets=2
count#platform_tx.syscalls.total=1
measure#platform_tx.syscalls=1
count#platform_tx.syscalls.blocked.total=0
measure#platform_tx.syscalls.blocked=0
count#platform_tx.errors.total=0
measure#platform_tx.errors=0
count#platform_tx.errors.dropped.total=0
measure#platform_tx.errors.dropped=0
count#platform_rx=1
count#platform_rx.packets.total=1
measure#platform_rx.packets=1
count#platform_rx.syscalls.total=2
measure#platform_rx.syscalls=2
count#platform_rx.syscalls.blocked.total=1
measure#platform_rx.syscalls.blocked=1
count#platform_rx.errors.total=0
measure#platform_rx.errors=0
count#platform_rx.errors.dropped.total=0
measure#platform_rx.errors.dropped=0
count#version_information=1
count#datagram_received=1
count#datagram_received.bytes.total=[REDACTED]b
measure#datagram_received.bytes=[REDACTED]b
count#packet_received=1
count#packet_received.kind|INITIAL=1
count#frame_received=1
count#frame_received.packet|INITIAL=1
count#frame_received.frame|ACK=1
count#ack_range_received=1
count#ack_range_received.packet|INITIAL=1
count#ecn_state_changed=1
count#ecn_state_changed.state|FAILED=1
count#recovery_metrics=1
measure#recovery_metrics.min_rtt=100ms
measure#recovery_metrics.smoothed_rtt=100ms
measure#recovery_metrics.latest_rtt=100ms
measure#recovery_metrics.rtt_variance=50ms
measure#recovery_metrics.max_ack_delay=25ms
measure#recovery_metrics.pto_count=0
measure#recovery_metrics.congestion_window=12000
measure#recovery_metrics.bytes_in_flight=[REDACTED]
count#recovery_metrics.congestion_limited=false
count#frame_received=1
count#frame_received.packet|INITIAL=1
count#frame_received.frame|PADDING=1
count#packet_received=1
count#packet_received.kind|HANDSHAKE=1
count#frame_received=1
count#frame_received.packet|HANDSHAKE=1
count#frame_received.frame|ACK=1
count#ack_range_received=1
count#ack_range_received.packet|HANDSHAKE=1
count#recovery_metrics=1
measure#recovery_metrics.min_rtt=100ms
measure#recovery_metrics.smoothed_rtt=100ms
measure#recovery_metrics.latest_rtt=100ms
measure#recovery_metrics.rtt_variance=50ms
measure#recovery_metrics.max_ack_delay=25ms
measure#recovery_metrics.pto_count=0
measure#recovery_metrics.congestion_window=12000
measure#recovery_metrics.bytes_in_flight=[REDACTED]
count#recovery_metrics.congestion_limited=false
count#frame_received=1
count#frame_received.packet|HANDSHAKE=1
count#frame_received.frame|CRYPTO=1
count#key_space_discarded=1
timer#key_space_discarded.initial.latency=100ms
count#key_space_discarded.space|INITIAL=1
count#recovery_metrics=1
measure#recovery_metrics.min_rtt=100ms
measure#recovery_metrics.smoothed_rtt=100ms
measure#recovery_metrics.latest_rtt=100ms
measure#recovery_metrics.rtt_variance=50ms
measure#recovery_metrics.max_ack_delay=25ms
measure#recovery_metrics.pto_count=0
measure#recovery_metrics.congestion_window=12000
measure#recovery_metrics.bytes_in_flight=[REDACTED]
count#recovery_metrics.congestion_limited=false
count#handshake_status_updated=1
timer#handshake_status_updated.complete.latency=100ms
count#handshake_status_updated.status|COMPLETE=1
count#handshake_status_updated=1
timer#handshake_status_updated.confirmed.latency=100ms
count#handshake_status_updated.status|CONFIRMED=1
count#dc_state_changed=1
timer#dc_state_changed.path_secrets.latency=100ms
count#dc_state_changed.state|PATH_SECRETS_READY=1
count#tls_exporter_ready=1
count#key_space_discarded=1
timer#key_space_discarded.handshake.latency=100ms
count#key_space_discarded.space|HANDSHAKE=1
count#recovery_metrics=1
measure#recovery_metrics.min_rtt=100ms
measure#recovery_metrics.smoothed_rtt=100ms
measure#recovery_metrics.latest_rtt=100ms
measure#recovery_metrics.rtt_variance=50ms
measure#recovery_metrics.max_ack_delay=25ms
measure#recovery_metrics.pto_count=0
measure#recovery_metrics.congestion_window=12000
measure#recovery_metrics.bytes_in_flight=[REDACTED]
count#recovery_metrics.congestion_limited=false
count#packet_received=1
count#packet_received.kind|ONE_RTT=1
count#frame_received=1
count#frame_received.packet|ONE_RTT=1
count#frame_received.frame|DC_STATELESS_RESET_TOKENS=1
count#frame_received=1
count#frame_received.packet|ONE_RTT=1
count#frame_received.frame|PADDING=1
count#frame_sent=1
count#frame_sent.packet|ONE_RTT=1
count#frame_sent.frame|PING=1
count#frame_sent=1
count#frame_sent.packet|ONE_RTT=1
count#frame_sent.frame|PADDING=1
count#packet_sent=1
count#packet_sent.kind|ONE_RTT=1
count#packet_sent.bytes.total=[REDACTED]b
measure#packet_sent.bytes=[REDACTED]b
count#datagram_sent=1
count#datagram_sent.bytes.total=[REDACTED]b
measure#datagram_sent.bytes=[REDACTED]b
measure#datagram_sent.gso_offset=0
count#frame_sent=1
count#frame_sent.packet|ONE_RTT=1
count#frame_sent.frame|ACK=1
count#ack_range_sent=1
count#ack_range_sent.packet|ONE_RTT=1
count#frame_sent=1
count#frame_sent.packet|ONE_RTT=1
count#frame_sent.frame|HANDSHAKE_DONE=1
count#frame_sent=1
count#frame_sent.packet|ONE_RTT=1
count#frame_sent.frame|DC_STATELESS_RESET_TOKENS=1
count#frame_sent=1
count#frame_sent.packet|ONE_RTT=1
count#frame_sent.frame|NEW_CONNECTION_ID=1
count#frame_sent=1
count#frame_sent.packet|ONE_RTT=1
count#frame_sent.frame|NEW_CONNECTION_ID=1
count#frame_sent=1
count#frame_sent.packet|ONE_RTT=1
count#frame_sent.frame|NEW_CONNECTION_ID=1
count#packet_sent=1
count#packet_sent.kind|ONE_RTT=1
count#packet_sent.bytes.total=[REDACTED]b
measure#packet_sent.bytes=[REDACTED]b
count#datagram_sent=1
count#datagram_sent.bytes.total=[REDACTED]b
measure#datagram_sent.bytes=[REDACTED]b
measure#datagram_sent.gso_offset=0
count#recovery_metrics=1
measure#recovery_metrics.min_rtt=100ms
measure#recovery_metrics.smoothed_rtt=100ms
measure#recovery_metrics.latest_rtt=100ms
measure#recovery_metrics.rtt_variance=50ms
measure#recovery_metrics.max_ack_delay=25ms
measure#recovery_metrics.pto_count=0
measure#recovery_metrics.congestion_window=12000
measure#recovery_metrics.bytes_in_flight=[REDACTED]
count#recovery_metrics.congestion_limited=false
count#platform_event_loop_sleep=1
timer#platform_event_loop_sleep.processing_duration=1µs
count#platform_event_loop_wakeup=1
count#platform_tx=1
count#platform_tx.packets.total=2
measure#platform_tx.packets=2
count#platform_tx.syscalls.total=1
measure#platform_tx.syscalls=1
count#platform_tx.syscalls.blocked.total=0
measure#platform_tx.syscalls.blocked=0
count#platform_tx.errors.total=0
measure#platform_tx.errors=0
count#platform_tx.errors.dropped.total=0
measure#platform_tx.errors.dropped=0
count#platform_rx=1
count#platform_rx.packets.total=2
measure#platform_rx.packets=2
count#platform_rx.syscalls.total=2
measure#platform_rx.syscalls=2
count#platform_rx.syscalls.blocked.total=1
measure#platform_rx.syscalls.blocked=1
count#platform_rx.errors.total=0
measure#platform_rx.errors=0
count#platform_rx.errors.dropped.total=0
measure#platform_rx.errors.dropped=0
count#datagram_received=1
count#datagram_received.bytes.total=[REDACTED]b
measure#datagram_received.bytes=[REDACTED]b
count#packet_received=1
count#packet_received.kind|ONE_RTT=1
count#connection_id_updated=1
count#frame_received=1
count#frame_received.packet|ONE_RTT=1
count#frame_received.frame|PING=1
count#frame_received=1
count#frame_received.packet|ONE_RTT=1
count#frame_received.frame|PADDING=1
count#datagram_received=1
count#datagram_received.bytes.total=[REDACTED]b
measure#datagram_received.bytes=[REDACTED]b
count#packet_received=1
count#packet_received.kind|ONE_RTT=1
count#frame_received=1
count#frame_received.packet|ONE_RTT=1
count#frame_received.frame|ACK=1
count#ack_range_received=1
count#ack_range_received.packet|ONE_RTT=1
count#handshake_status_updated=1
timer#handshake_status_updated.handshake_done_acked.latency=200ms
count#handshake_status_updated.status|HANDSHAKE_DONE_ACKED=1
count#dc_state_changed=1
timer#dc_state_changed.complete.latency=200ms
count#dc_state_changed.state|COMPLETE=1
count#recovery_metrics=1
measure#recovery_metrics.min_rtt=100ms
measure#recovery_metrics.smoothed_rtt=100ms
measure#recovery_metrics.latest_rtt=100ms
measure#recovery_metrics.rtt_variance=37.5ms
measure#recovery_metrics.max_ack_delay=25ms
measure#recovery_metrics.pto_count=0
measure#recovery_metrics.congestion_window=12000
measure#recovery_metrics.bytes_in_flight=[REDACTED]
count#recovery_metrics.congestion_limited=false
count#frame_received=1
count#frame_received.packet|ONE_RTT=1
count#frame_received.frame|NEW_CONNECTION_ID=1
count#connection_id_updated=1
count#frame_received=1
count#frame_received.packet|ONE_RTT=1
count#frame_received.frame|NEW_CONNECTION_ID=1
count#frame_received=1
count#frame_received.packet|ONE_RTT=1
count#frame_received.frame|NEW_CONNECTION_ID=1
count#frame_received=1
count#frame_received.packet|ONE_RTT=1
count#frame_received.frame|RETIRE_CONNECTION_ID=1
count#frame_sent=1
count#frame_sent.packet|ONE_RTT=1
count#frame_sent.frame|ACK=1
count#ack_range_sent=1
count#ack_range_sent.packet|ONE_RTT=1
count#frame_sent=1
count#frame_sent.packet|ONE_RTT=1
count#frame_sent.frame|RETIRE_CONNECTION_ID=1
count#frame_sent=1
count#frame_sent.packet|ONE_RTT=1
count#frame_sent.frame|PADDING=1
count#packet_sent=1
count#packet_sent.kind|ONE_RTT=1
count#packet_sent.bytes.total=[REDACTED]b
measure#packet_sent.bytes=[REDACTED]b
count#datagram_sent=1
count#datagram_sent.bytes.total=[REDACTED]b
measure#datagram_sent.bytes=[REDACTED]b
measure#datagram_sent.gso_offset=0
count#recovery_metrics=1
measure#recovery_metrics.min_rtt=100ms
measure#recovery_metrics.smoothed_rtt=100ms
measure#recovery_metrics.latest_rtt=100ms
measure#recovery_metrics.rtt_variance=37.5ms
measure#recovery_metrics.max_ack_delay=25ms
measure#recovery_metrics.pto_count=0
measure#recovery_metrics.congestion_window=12000
measure#recovery_metrics.bytes_in_flight=[REDACTED]
count#recovery_metrics.congestion_limited=false
count#platform_event_loop_sleep=1
timer#platform_event_loop_sleep.processing_duration=1µs
count#platform_event_loop_wakeup=1
count#platform_tx=1
count#platform_tx.packets.total=1
measure#platform_tx.packets=1
count#platform_tx.syscalls.total=1
measure#platform_tx.syscalls=1
count#platform_tx.syscalls.blocked.total=0
measure#platform_tx.syscalls.blocked=0
count#platform_tx.errors.total=0
measure#platform_tx.errors=0
count#platform_tx.errors.dropped.total=0
measure#platform_tx.errors.dropped=0
count#packet_lost=1
count#packet_lost.kind|ONE_RTT=1
count#packet_lost.bytes.total=1472b
measure#packet_lost.bytes=1472b
count#packet_lost.is_mtu_probe=true
count#recovery_metrics=1
measure#recovery_metrics.min_rtt=100ms
measure#recovery_metrics.smoothed_rtt=100ms
measure#recovery_metrics.latest_rtt=100ms
measure#recovery_metrics.rtt_variance=37.5ms
measure#recovery_metrics.max_ack_delay=25ms
measure#recovery_metrics.pto_count=0
measure#recovery_metrics.congestion_window=12000
measure#recovery_metrics.bytes_in_flight=[REDACTED]
count#recovery_metrics.congestion_limited=false
count#frame_sent=1
count#frame_sent.packet|ONE_RTT=1
count#frame_sent.frame|PING=1
count#frame_sent=1
count#frame_sent.packet|ONE_RTT=1
count#frame_sent.frame|PADDING=1
count#packet_sent=1
count#packet_sent.kind|ONE_RTT=1
count#packet_sent.bytes.total=[REDACTED]b
measure#packet_sent.bytes=[REDACTED]b
count#datagram_sent=1
count#datagram_sent.bytes.total=[REDACTED]b
measure#datagram_sent.bytes=[REDACTED]b
measure#datagram_sent.gso_offset=0
count#recovery_metrics=1
measure#recovery_metrics.min_rtt=100ms
measure#recovery_metrics.smoothed_rtt=100ms
measure#recovery_metrics.latest_rtt=100ms
measure#recovery_metrics.rtt_variance=37.5ms
measure#recovery_metrics.max_ack_delay=25ms
measure#recovery_metrics.pto_count=0
measure#recovery_metrics.congestion_window=12000
measure#recovery_metrics.bytes_in_flight=[REDACTED]
count#recovery_metrics.congestion_limited=false
count#platform_event_loop_sleep=1
timer#platform_event_loop_sleep.processing_duration=1µs
count#platform_event_loop_wakeup=1
count#platform_tx=1
count#platform_tx.packets.total=1
measure#platform_tx.packets=1
count#platform_tx.syscalls.total=1
measure#platform_tx.syscalls=1
count#platform_tx.syscalls.blocked.total=0
measure#platform_tx.syscalls.blocked=0
count#platform_tx.errors.total=0
measure#platform_tx.errors=0
count#platform_tx.errors.dropped.total=0
measure#platform_tx.errors.dropped=0
count#platform_rx=1
count#platform_rx.packets.total=1
measure#platform_rx.packets=1
count#platform_rx.syscalls.total=2
measure#platform_rx.syscalls=2
count#platform_rx.syscalls.blocked.total=1
measure#platform_rx.syscalls.blocked=1
count#platform_rx.errors.total=0
measure#platform_rx.errors=0
count#platform_rx.errors.dropped.total=0
measure#platform_rx.errors.dropped=0
count#datagram_received=1
count#datagram_received.bytes.total=[REDACTED]b
measure#datagram_received.bytes=[REDACTED]b
count#packet_received=1
count#packet_received.kind|ONE_RTT=1
count#frame_received=1
count#frame_received.packet|ONE_RTT=1
count#frame_received.frame|ACK=1
count#ack_range_received=1
count#ack_range_received.packet|ONE_RTT=1
count#mtu_updated=1
measure#mtu_updated.mtu=1472b
count#mtu_updated.cause|PROBE_ACKNOWLEDGED=1
count#mtu_updated.search_complete=true
count#recovery_metrics=1
measure#recovery_metrics.min_rtt=100ms
measure#recovery_metrics.smoothed_rtt=101.36725ms
measure#recovery_metrics.latest_rtt=112.5ms
measure#recovery_metrics.rtt_variance=30.8595ms
measure#recovery_metrics.max_ack_delay=25ms
measure#recovery_metrics.pto_count=0
measure#recovery_metrics.congestion_window=14720
measure#recovery_metrics.bytes_in_flight=[REDACTED]
count#recovery_metrics.congestion_limited=false
count#frame_received=1
count#frame_received.packet|ONE_RTT=1
count#frame_received.frame|PADDING=1
count#platform_event_loop_sleep=1
timer#platform_event_loop_sleep.processing_duration=1µs
count#connection_closed=1
timer#connection_closed.latency=325ms
count#connection_closed.error|CLOSED=1
count#frame_sent=1
count#frame_sent.packet|ONE_RTT=1
count#frame_sent.frame|CONNECTION_CLOSE=1
count#frame_sent=1
count#frame_sent.packet|ONE_RTT=1
count#frame_sent.frame|PADDING=1
count#packet_sent=1
count#packet_sent.kind|ONE_RTT=1
count#packet_sent.bytes.total=[REDACTED]b
measure#packet_sent.bytes=[REDACTED]b
count#platform_event_loop_wakeup=1
count#datagram_sent=1
count#datagram_sent.bytes.total=[REDACTED]b
measure#datagram_sent.bytes=[REDACTED]b
measure#datagram_sent.gso_offset=0
count#platform_event_loop_sleep=1
timer#platform_event_loop_sleep.processing_duration=1µs
count#platform_event_loop_wakeup=1
count#platform_tx=1
count#platform_tx.packets.total=1
measure#platform_tx.packets=1
count#platform_tx.syscalls.total=1
measure#platform_tx.syscalls=1
count#platform_tx.syscalls.blocked.total=0
measure#platform_tx.syscalls.blocked=0
count#platform_tx.errors.total=0
measure#platform_tx.errors=0
count#platform_tx.errors.dropped.total=0
measure#platform_tx.errors.dropped=0
count#platform_event_loop_sleep=1
timer#platform_event_loop_sleep.processing_duration=1µs
count#platform_event_loop_wakeup=1
count#platform_rx=1
count#platform_rx.packets.total=0
measure#platform_rx.packets=0
count#platform_rx.syscalls.total=1
measure#platform_rx.syscalls=1
count#platform_rx.syscalls.blocked.total=1
measure#platform_rx.syscalls.blocked=1
count#platform_rx.errors.total=0
measure#platform_rx.errors=0
count#platform_rx.errors.dropped.total=0
measure#platform_rx.errors.dropped=0
